Archive member included to satisfy reference by file (symbol)

/home/kedou/Project/OpenRE/Tools/gcc-arm-none-eabi-5_4-2016q2/bin/../lib/gcc/arm-none-eabi/5.4.1/../../../../arm-none-eabi/lib/armv7e-m/fpu/libg.a(lib_a-memcpy.o)
                              ../src/main.o (memcpy)
/home/kedou/Project/OpenRE/Tools/gcc-arm-none-eabi-5_4-2016q2/bin/../lib/gcc/arm-none-eabi/5.4.1/../../../../arm-none-eabi/lib/armv7e-m/fpu/libg.a(lib_a-printf.o)
                              ../src/main.o (printf)
/home/kedou/Project/OpenRE/Tools/gcc-arm-none-eabi-5_4-2016q2/bin/../lib/gcc/arm-none-eabi/5.4.1/../../../../arm-none-eabi/lib/armv7e-m/fpu/libg.a(lib_a-puts.o)
                              ../src/main.o (puts)
/home/kedou/Project/OpenRE/Tools/gcc-arm-none-eabi-5_4-2016q2/bin/../lib/gcc/arm-none-eabi/5.4.1/../../../../arm-none-eabi/lib/armv7e-m/fpu/libg.a(lib_a-reent.o)
                              ../../../../1_Processor/STM32F4/BSPLIB/usart.o (errno)
/home/kedou/Project/OpenRE/Tools/gcc-arm-none-eabi-5_4-2016q2/bin/../lib/gcc/arm-none-eabi/5.4.1/../../../../arm-none-eabi/lib/armv7e-m/fpu/libg.a(lib_a-strlen.o)
                              /home/kedou/Project/OpenRE/Tools/gcc-arm-none-eabi-5_4-2016q2/bin/../lib/gcc/arm-none-eabi/5.4.1/../../../../arm-none-eabi/lib/armv7e-m/fpu/libg.a(lib_a-puts.o) (strlen)
/home/kedou/Project/OpenRE/Tools/gcc-arm-none-eabi-5_4-2016q2/bin/../lib/gcc/arm-none-eabi/5.4.1/../../../../arm-none-eabi/lib/armv7e-m/fpu/libg.a(lib_a-vfprintf.o)
                              /home/kedou/Project/OpenRE/Tools/gcc-arm-none-eabi-5_4-2016q2/bin/../lib/gcc/arm-none-eabi/5.4.1/../../../../arm-none-eabi/lib/armv7e-m/fpu/libg.a(lib_a-printf.o) (_vfprintf_r)
/home/kedou/Project/OpenRE/Tools/gcc-arm-none-eabi-5_4-2016q2/bin/../lib/gcc/arm-none-eabi/5.4.1/../../../../arm-none-eabi/lib/armv7e-m/fpu/libg.a(lib_a-wsetup.o)
                              /home/kedou/Project/OpenRE/Tools/gcc-arm-none-eabi-5_4-2016q2/bin/../lib/gcc/arm-none-eabi/5.4.1/../../../../arm-none-eabi/lib/armv7e-m/fpu/libg.a(lib_a-vfprintf.o) (__swsetup_r)
/home/kedou/Project/OpenRE/Tools/gcc-arm-none-eabi-5_4-2016q2/bin/../lib/gcc/arm-none-eabi/5.4.1/../../../../arm-none-eabi/lib/armv7e-m/fpu/libg.a(lib_a-dtoa.o)
                              /home/kedou/Project/OpenRE/Tools/gcc-arm-none-eabi-5_4-2016q2/bin/../lib/gcc/arm-none-eabi/5.4.1/../../../../arm-none-eabi/lib/armv7e-m/fpu/libg.a(lib_a-vfprintf.o) (_dtoa_r)
/home/kedou/Project/OpenRE/Tools/gcc-arm-none-eabi-5_4-2016q2/bin/../lib/gcc/arm-none-eabi/5.4.1/../../../../arm-none-eabi/lib/armv7e-m/fpu/libg.a(lib_a-fflush.o)
                              /home/kedou/Project/OpenRE/Tools/gcc-arm-none-eabi-5_4-2016q2/bin/../lib/gcc/arm-none-eabi/5.4.1/../../../../arm-none-eabi/lib/armv7e-m/fpu/libg.a(lib_a-vfprintf.o) (_fflush_r)
/home/kedou/Project/OpenRE/Tools/gcc-arm-none-eabi-5_4-2016q2/bin/../lib/gcc/arm-none-eabi/5.4.1/../../../../arm-none-eabi/lib/armv7e-m/fpu/libg.a(lib_a-findfp.o)
                              /home/kedou/Project/OpenRE/Tools/gcc-arm-none-eabi-5_4-2016q2/bin/../lib/gcc/arm-none-eabi/5.4.1/../../../../arm-none-eabi/lib/armv7e-m/fpu/libg.a(lib_a-puts.o) (__sinit)
/home/kedou/Project/OpenRE/Tools/gcc-arm-none-eabi-5_4-2016q2/bin/../lib/gcc/arm-none-eabi/5.4.1/../../../../arm-none-eabi/lib/armv7e-m/fpu/libg.a(lib_a-freer.o)
                              /home/kedou/Project/OpenRE/Tools/gcc-arm-none-eabi-5_4-2016q2/bin/../lib/gcc/arm-none-eabi/5.4.1/../../../../arm-none-eabi/lib/armv7e-m/fpu/libg.a(lib_a-reent.o) (_free_r)
/home/kedou/Project/OpenRE/Tools/gcc-arm-none-eabi-5_4-2016q2/bin/../lib/gcc/arm-none-eabi/5.4.1/../../../../arm-none-eabi/lib/armv7e-m/fpu/libg.a(lib_a-fvwrite.o)
                              /home/kedou/Project/OpenRE/Tools/gcc-arm-none-eabi-5_4-2016q2/bin/../lib/gcc/arm-none-eabi/5.4.1/../../../../arm-none-eabi/lib/armv7e-m/fpu/libg.a(lib_a-puts.o) (__sfvwrite_r)
/home/kedou/Project/OpenRE/Tools/gcc-arm-none-eabi-5_4-2016q2/bin/../lib/gcc/arm-none-eabi/5.4.1/../../../../arm-none-eabi/lib/armv7e-m/fpu/libg.a(lib_a-fwalk.o)
                              /home/kedou/Project/OpenRE/Tools/gcc-arm-none-eabi-5_4-2016q2/bin/../lib/gcc/arm-none-eabi/5.4.1/../../../../arm-none-eabi/lib/armv7e-m/fpu/libg.a(lib_a-findfp.o) (_fwalk)
/home/kedou/Project/OpenRE/Tools/gcc-arm-none-eabi-5_4-2016q2/bin/../lib/gcc/arm-none-eabi/5.4.1/../../../../arm-none-eabi/lib/armv7e-m/fpu/libg.a(lib_a-impure.o)
                              /home/kedou/Project/OpenRE/Tools/gcc-arm-none-eabi-5_4-2016q2/bin/../lib/gcc/arm-none-eabi/5.4.1/../../../../arm-none-eabi/lib/armv7e-m/fpu/libg.a(lib_a-fflush.o) (_global_impure_ptr)
/home/kedou/Project/OpenRE/Tools/gcc-arm-none-eabi-5_4-2016q2/bin/../lib/gcc/arm-none-eabi/5.4.1/../../../../arm-none-eabi/lib/armv7e-m/fpu/libg.a(lib_a-locale.o)
[...]
Memory Configuration

Name             Origin             Length             Attributes
FLASH            0x08000000         0x00100000         xr
RAM              0x20000000         0x00020000         xrw
CCMRAM           0x10000000         0x00010000         xrw
MEMORY_B1        0x60000000         0x00000000         xr
*default*        0x00000000         0xffffffff

Linker script and memory map

LOAD ../../../../1_Processor/STM32F4/STM32F4-Discovery_FW_V1.1.0/Libraries/CMSIS/ST/STM32F4xx/Source/Templates/gcc_ride7/startup_stm32f4xx.o
LOAD ../../../../1_Processor/STM32F4/STM32F4-Discovery_FW_V1.1.0/Libraries/CMSIS/ST/STM32F4xx/Source/Templates/system_stm32f4xx.o
LOAD ../../../../1_Processor/STM32F4/STM32F4-Discovery_FW_V1.1.0/Libraries/STM32F4xx_StdPeriph_Driver/src/misc.o
LOAD ../../../../1_Processor/STM32F4/STM32F4-Discovery_FW_V1.1.0/Libraries/STM32F4xx_StdPeriph_Driver/src/stm32f4xx_adc.o
LOAD ../../../../1_Processor/STM32F4/STM32F4-Discovery_FW_V1.1.0/Libraries/STM32F4xx_StdPeriph_Driver/src/stm32f4xx_can.o
LOAD ../../../../1_Processor/STM32F4/STM32F4-Discovery_FW_V1.1.0/Libraries/STM32F4xx_StdPeriph_Driver/src/stm32f4xx_crc.o
LOAD ../../../../1_Processor/STM32F4/STM32F4-Discovery_FW_V1.1.0/Libraries/STM32F4xx_StdPeriph_Driver/src/stm32f4xx_cryp_aes.o
LOAD ../../../../1_Processor/STM32F4/STM32F4-Discovery_FW_V1.1.0/Libraries/STM32F4xx_StdPeriph_Driver/src/stm32f4xx_cryp.o
LOAD ../../../../1_Processor/STM32F4/STM32F4-Discovery_FW_V1.1.0/Libraries/STM32F4xx_StdPeriph_Driver/src/stm32f4xx_cryp_des.o
LOAD ../../../../1_Processor/STM32F4/STM32F4-Discovery_FW_V1.1.0/Libraries/STM32F4xx_StdPeriph_Driver/src/stm32f4xx_cryp_tdes.o
LOAD ../../../../1_Processor/STM32F4/STM32F4-Discovery_FW_V1.1.0/Libraries/STM32F4xx_StdPeriph_Driver/src/stm32f4xx_dac.o
LOAD ../../../../1_Processor/STM32F4/STM32F4-Discovery_FW_V1.1.0/Libraries/STM32F4xx_StdPeriph_Driver/src/stm32f4xx_dbgmcu.o
LOAD ../../../../1_Processor/STM32F4/STM32F4-Discovery_FW_V1.1.0/Libraries/STM32F4xx_StdPeriph_Driver/src/stm32f4xx_dcmi.o
LOAD ../../../../1_Processor/STM32F4/STM32F4-Discovery_FW_V1.1.0/Libraries/STM32F4xx_StdPeriph_Driver/src/stm32f4xx_dma.o
LOAD ../../../../1_Processor/STM32F4/STM32F4-Discovery_FW_V1.1.0/Libraries/STM32F4xx_StdPeriph_Driver/src/stm32f4xx_exti.o
LOAD ../../../../1_Processor/STM32F4/STM32F4-Discovery_FW_V1.1.0/Libraries/STM32F4xx_StdPeriph_Driver/src/stm32f4xx_flash.o
LOAD ../../../../1_Processor/STM32F4/STM32F4-Discovery_FW_V1.1.0/Libraries/STM32F4xx_StdPeriph_Driver/src/stm32f4xx_fsmc.o
LOAD ../../../../1_Processor/STM32F4/STM32F4-Discovery_FW_V1.1.0/Libraries/STM32F4xx_StdPeriph_Driver/src/stm32f4xx_gpio.o
LOAD ../../../../1_Processor/STM32F4/STM32F4-Discovery_FW_V1.1.0/Libraries/STM32F4xx_StdPeriph_Driver/src/stm32f4xx_hash.o
LOAD ../../../../1_Processor/STM32F4/STM32F4-Discovery_FW_V1.1.0/Libraries/STM32F4xx_StdPeriph_Driver/src/stm32f4xx_hash_md5.o
LOAD ../../../../1_Processor/STM32F4/STM32F4-Discovery_FW_V1.1.0/Libraries/STM32F4xx_StdPeriph_Driver/src/stm32f4xx_hash_sha1.o
LOAD ../../../../1_Processor/STM32F4/STM32F4-Discovery_FW_V1.1.0/Libraries/STM32F4xx_StdPeriph_Driver/src/stm32f4xx_i2c.o
LOAD ../../../../1_Processor/STM32F4/STM32F4-Discovery_FW_V1.1.0/Libraries/STM32F4xx_StdPeriph_Driver/src/stm32f4xx_iwdg.o
LOAD ../../../../1_Processor/STM32F4/STM32F4-Discovery_FW_V1.1.0/Libraries/STM32F4xx_StdPeriph_Driver/src/stm32f4xx_pwr.o
LOAD ../../../../1_Processor/STM32F4/STM32F4-Discovery_FW_V1.1.0/Libraries/STM32F4xx_StdPeriph_Driver/src/stm32f4xx_rcc.o
LOAD ../../../../1_Processor/STM32F4/STM32F4-Discovery_FW_V1.1.0/Libraries/STM32F4xx_StdPeriph_Driver/src/stm32f4xx_rng.o
LOAD ../../../../1_Processor/STM32F4/STM32F4-Discovery_FW_V1.1.0/Libraries/STM32F4xx_StdPeriph_Driver/src/stm32f4xx_rtc.o
LOAD ../../../../1_Processor/STM32F4/STM32F4-Discovery_FW_V1.1.0/Libraries/STM32F4xx_StdPeriph_Driver/src/stm32f4xx_sdio.o
LOAD ../../../../1_Processor/STM32F4/STM32F4-Discovery_FW_V1.1.0/Libraries/STM32F4xx_StdPeriph_Driver/src/stm32f4xx_spi.o
LOAD ../../../../1_Processor/STM32F4/STM32F4-Discovery_FW_V1.1.0/Libraries/STM32F4xx_StdPeriph_Driver/src/stm32f4xx_syscfg.o
LOAD ../../../../1_Processor/STM32F4/STM32F4-Discovery_FW_V1.1.0/Libraries/STM32F4xx_StdPeriph_Driver/src/stm32f4xx_tim.o
LOAD ../../../../1_Processor/STM32F4/STM32F4-Discovery_FW_V1.1.0/Libraries/STM32F4xx_StdPeriph_Driver/src/stm32f4xx_usart.o
LOAD ../../../../1_Processor/STM32F4/STM32F4-Discovery_FW_V1.1.0/Libraries/STM32F4xx_StdPeriph_Driver/src/stm32f4xx_wwdg.o
LOAD ../../../../1_Processor/STM32F4/BSPLIB/adc_dac.o
LOAD ../../../../1_Processor/STM32F4/BSPLIB/can.o
LOAD ../../../../1_Processor/STM32F4/BSPLIB/delay.o
LOAD ../../../../1_Processor/STM32F4/BSPLIB/encoder.o
LOAD ../../../../1_Processor/STM32F4/BSPLIB/flash.o
LOAD ../../../../1_Processor/STM32F4/BSPLIB/i2c.o
LOAD ../../../../1_Processor/STM32F4/BSPLIB/nvic.o
LOAD ../../../../1_Processor/STM32F4/BSPLIB/pwm_in.o
LOAD ../../../../1_Processor/STM32F4/BSPLIB/pwm_out.o
LOAD ../../../../1_Processor/STM32F4/BSPLIB/rtc.o
LOAD ../../../../1_Processor/STM32F4/BSPLIB/spi.o
LOAD ../../../../1_Processor/STM32F4/BSPLIB/timer.o
LOAD ../../../../1_Processor/STM32F4/BSPLIB/usart.o
LOAD ../../../../1_Processor/STM32F4/BSPLIB/wdg_wkup.o
LOAD ../src/main.o
LOAD ../src/stm32f4xx_it.o
LOAD ../../../../1_Processor/BoardAbstract/control_unit_v1.o
LOAD ../../../../1_Processor/BoardAbstract/control_unit_v2.o
LOAD /home/kedou/Project/OpenRE/Tools/gcc-arm-none-eabi-5_4-2016q2/bin/../lib/gcc/arm-none-eabi/5.4.1/../../../../arm-none-eabi/lib/armv7e-m/fpu/libm.a
START GROUP
LOAD /home/kedou/Project/OpenRE/Tools/gcc-arm-none-eabi-5_4-2016q2/bin/../lib/gcc/arm-none-eabi/5.4.1/armv7e-m/fpu/libgcc.a
LOAD /home/kedou/Project/OpenRE/Tools/gcc-arm-none-eabi-5_4-2016q2/bin/../lib/gcc/arm-none-eabi/5.4.1/../../../../arm-none-eabi/lib/armv7e-m/fpu/libg.a
LOAD /home/kedou/Project/OpenRE/Tools/gcc-arm-none-eabi-5_4-2016q2/bin/../lib/gcc/arm-none-eabi/5.4.1/../../../../arm-none-eabi/lib/armv7e-m/fpu/libc.a
END GROUP
                0x20020000                _estack = 0x20020000
                0x00000000                _Min_Heap_Size = 0x0
                0x00000400                _Min_Stack_Size = 0x400

.isr_vector     0x08000000      0x188
                0x08000000                . = ALIGN (0x4)
 *(.isr_vector)
 .isr_vector    0x08000000      0x188 ../../../../1_Processor/STM32F4/STM32F4-Discovery_FW_V1.1.0/Libraries/CMSIS/ST/STM32F4xx/Source/Templates/gcc_ride7/startup_stm32f4xx.o
                0x08000000                g_pfnVectors
                0x08000188                . = ALIGN (0x4)

.text           0x080001c0     0xb1a8
                0x080001c0                . = ALIGN (0x4)
 *(.text)
 .text          0x080001c0      0x168 ../../../../1_Processor/STM32F4/STM32F4-Discovery_FW_V1.1.0/Libraries/CMSIS/ST/STM32F4xx/Source/Templates/system_stm32f4xx.o
                0x080001c0                SystemInit
                0x080002b8                SystemCoreClockUpdate
 .text          0x08000328       0xc8 ../../../../1_Processor/STM32F4/STM32F4-Discovery_FW_V1.1.0/Libraries/STM32F4xx_StdPeriph_Driver/src/misc.o
                0x08000328                NVIC_PriorityGroupConfig
                0x0800033c                NVIC_Init
                0x080003ac                NVIC_SetVectorTable
                0x080003c0                NVIC_SystemLPConfig
                0x080003d8                SysTick_CLKSourceConfig
 .text          0x080003f0      0x374 ../../../../1_Processor/STM32F4/STM32F4-Discovery_FW_V1.1.0/Libraries/STM32F4xx_StdPeriph_Driver/src/stm32f4xx_adc.o
                0x080003f0                ADC_DeInit
                0x0800040a                ADC_Init
                0x08000454                ADC_StructInit
                0x08000468                ADC_CommonInit
                0x08000490                ADC_CommonStructInit
                0x0800049c                ADC_Cmd
                0x080004ae                ADC_AnalogWatchdogCmd
                0x080004be                ADC_AnalogWatchdogThresholdsConfig
                0x080004c4                ADC_AnalogWatchdogSingleChannelConfig
                0x080004d0                ADC_TempSensorVrefintCmd
                0x080004e8                ADC_VBATCmd
                0x08000500                ADC_RegularChannelConfig
                0x0800058e                ADC_SoftwareStartConv
                0x08000598                ADC_EOCOnEachRegularChannelCmd
                0x080005aa                ADC_ContinuousModeCmd
                0x080005bc                ADC_DiscModeChannelCountConfig
                0x080005cc                ADC_DiscModeCmd
                0x080005de                ADC_GetConversionValue
                0x080005e4                ADC_GetMultiModeConversionValue
                0x080005f0                ADC_DMACmd
                0x08000602                ADC_DMARequestAfterLastTransferCmd
                0x08000614                ADC_MultiModeDMARequestAfterLastTransferCmd
                0x0800062c                ADC_InjectedChannelConfig
                0x08000684                ADC_InjectedSequencerLengthConfig
                0x08000694                ADC_SetInjectedOffset
                0x080006aa                ADC_ExternalTrigInjectedConvConfig
                0x080006b6                ADC_ExternalTrigInjectedConvEdgeConfig
                0x080006c2                ADC_SoftwareStartInjectedConv
                0x080006cc                ADC_GetSoftwareStartInjectedConvCmdStatus
                0x080006d4                ADC_GetSoftwareStartConvStatus
                0x080006d8                ADC_AutoInjectedConvCmd
                0x080006ea                ADC_InjectedDiscModeCmd
                0x080006fc                ADC_GetInjectedConversionValue
                0x08000716                ADC_ITConfig
                0x0800072e                ADC_GetFlagStatus
                0x0800073a                ADC_ClearFlag
                0x08000740                ADC_GetITStatus
                0x0800075c                ADC_ClearITPendingBit
 .text          0x08000764      0x1b0 ../../../../1_Processor/STM32F4/STM32F4-Discovery_FW_V1.1.0/Libraries/STM32F4xx_StdPeriph_Driver/src/stm32f4xx_dac.o
                0x08000764                DAC_DeInit
                0x0800077e                DAC_Init
                0x080007ac                DAC_StructInit
                0x080007b8                DAC_Cmd
                0x080007d8                DAC_SoftwareTriggerCmd
                0x080007f8                DAC_DualSoftwareTriggerCmd
                0x08000810                DAC_SetChannel1Data
                0x08000830                DAC_SetChannel2Data
                0x08000850                DAC_SetDualChannelData
                0x08000868                DAC_GetDataOutputValue
                0x0800088c                DAC_DMACmd
                0x080008ac                DAC_ITConfig
                0x080008c8                DAC_WaveGenerationCmd
                0x080008cc                DAC_GetFlagStatus
                0x080008e0                DAC_ClearFlag
                0x080008ec                DAC_GetITStatus
                0x08000908                DAC_ClearITPendingBit
 .text          0x08000914      0x304 ../../../../1_Processor/STM32F4/STM32F4-Discovery_FW_V1.1.0/Libraries/STM32F4xx_StdPeriph_Driver/src/stm32f4xx_dma.o
                0x08000914                DMA_DeInit
                0x08000a20                DMA_Init
                0x08000a74                DMA_StructInit
                0x08000a96                DMA_Cmd
                0x08000aa8                DMA_PeriphIncOffsetSizeConfig
                0x08000aba                DMA_FlowControllerConfig
                0x08000acc                DMA_SetCurrDataCounter
                0x08000ad0                DMA_GetCurrDataCounter
                0x08000ad6                DMA_DoubleBufferModeConfig
                0x08000aea                DMA_DoubleBufferModeCmd
                0x08000afc                DMA_MemoryTargetConfig
                0x08000b06                DMA_GetCurrentMemoryTarget
                0x08000b0e                DMA_GetCmdStatus
                0x08000b16                DMA_GetFIFOStatus
                0x08000b1e                DMA_GetFlagStatus
                0x08000b54                DMA_ITConfig
                0x08000b92                DMA_GetITStatus
                0x08000be4                DMA_ClearITPendingBit
                0x08000c14                DMA_ClearFlag
 .text          0x08000c18       0xf4 ../../../../1_Processor/STM32F4/STM32F4-Discovery_FW_V1.1.0/Libraries/STM32F4xx_StdPeriph_Driver/src/stm32f4xx_exti.o
                0x08000c18                EXTI_DeInit
                0x08000c34                EXTI_Init
                0x08000ca8                EXTI_StructInit
                0x08000cb6                EXTI_GenerateSWInterrupt
                0x08000cc4                EXTI_GetFlagStatus
                0x08000cd8                EXTI_ClearFlag
                0x08000ce4                EXTI_GetITStatus
                0x08000d00                EXTI_ClearITPendingBit
 .text          0x08000d0c      0x208 ../../../../1_Processor/STM32F4/STM32F4-Discovery_FW_V1.1.0/Libraries/STM32F4xx_StdPeriph_Driver/src/stm32f4xx_gpio.o
                0x08000d0c                GPIO_DeInit
                0x08000df4                GPIO_Init
                0x08000e78                GPIO_StructInit
                0x08000e8a                GPIO_PinLockConfig
                0x08000eae                GPIO_ReadInputDataBit
                0x08000eba                GPIO_ReadInputData
                0x08000ec0                GPIO_ReadOutputDataBit
                0x08000ecc                GPIO_ReadOutputData
                0x08000ed2                GPIO_SetBits
                0x08000ed6                GPIO_ResetBits
                0x08000eda                GPIO_WriteBit
                0x08000ee4                GPIO_Write
                0x08000ee8                GPIO_ToggleBits
                0x08000ef0                GPIO_PinAFConfig
 .text          0x08000f14      0x100 ../../../../1_Processor/STM32F4/STM32F4-Discovery_FW_V1.1.0/Libraries/STM32F4xx_StdPeriph_Driver/src/stm32f4xx_pwr.o
                0x08000f14                PWR_DeInit
                0x08000f2e                PWR_BackupAccessCmd
                0x08000f38                PWR_PVDLevelConfig
                0x08000f4c                PWR_PVDCmd
                0x08000f58                PWR_WakeUpPinCmd
                0x08000f64                PWR_BackupRegulatorCmd
                0x08000f70                PWR_MainRegulatorModeConfig
                0x08000f88                PWR_FlashPowerDownCmd
                0x08000f94                PWR_EnterSTOPMode
                0x08000fc8                PWR_EnterSTANDBYMode
                0x08000ff0                PWR_GetFlagStatus
                0x08001004                PWR_ClearFlag
 .text          0x08001014      0x454 ../../../../1_Processor/STM32F4/STM32F4-Discovery_FW_V1.1.0/Libraries/STM32F4xx_StdPeriph_Driver/src/stm32f4xx_rcc.o
                0x08001014                RCC_DeInit
                0x08001048                RCC_HSEConfig
                0x08001058                RCC_AdjustHSICalibrationValue
                0x0800106c                RCC_HSICmd
                0x08001078                RCC_LSEConfig
                0x08001098                RCC_LSICmd
                0x080010a4                RCC_PLLConfig
                0x080010c4                RCC_PLLCmd
                0x080010d0                RCC_PLLI2SConfig
                0x080010e4                RCC_PLLI2SCmd
                0x080010f0                RCC_ClockSecuritySystemCmd
                0x080010fc                RCC_MCO1Config
                0x08001110                RCC_MCO2Config
                0x08001124                RCC_SYSCLKConfig
                0x08001138                RCC_GetSYSCLKSource
                0x08001148                RCC_HCLKConfig
                0x0800115c                RCC_PCLK1Config
                0x08001170                RCC_PCLK2Config
                0x08001184                RCC_GetClocksFreq
                0x0800120c                RCC_RTCCLKConfig
                0x0800123c                RCC_RTCCLKCmd
                0x08001248                RCC_BackupResetCmd
                0x08001254                RCC_I2SCLKConfig
                0x08001260                RCC_AHB1PeriphClockCmd
                0x08001278                RCC_AHB2PeriphClockCmd
                0x08001290                RCC_AHB3PeriphClockCmd
                0x080012a8                RCC_APB1PeriphClockCmd
                0x080012c0                RCC_APB2PeriphClockCmd
                0x080012d8                RCC_AHB1PeriphResetCmd
                0x080012f0                RCC_AHB2PeriphResetCmd
                0x08001308                RCC_AHB3PeriphResetCmd
                0x08001320                RCC_APB1PeriphResetCmd
                0x08001338                RCC_APB2PeriphResetCmd
                0x08001350                RCC_AHB1PeriphClockLPModeCmd
                0x08001368                RCC_AHB2PeriphClockLPModeCmd
                0x08001380                RCC_AHB3PeriphClockLPModeCmd
                0x08001398                RCC_APB1PeriphClockLPModeCmd
                0x080013b0                RCC_APB2PeriphClockLPModeCmd
                0x080013c8                RCC_ITConfig
                0x080013e0                RCC_GetFlagStatus
                0x08001408                RCC_WaitForHSEStartUp
                0x08001438                RCC_ClearFlag
                0x08001448                RCC_GetITStatus
                0x0800145c                RCC_ClearITPendingBit
 .text          0x08001468      0xa5c ../../../../1_Processor/STM32F4/STM32F4-Discovery_FW_V1.1.0/Libraries/STM32F4xx_StdPeriph_Driver/src/stm32f4xx_rtc.o
                0x08001494                RTC_StructInit
                0x080014a0                RTC_WriteProtectionCmd
                0x080014b8                RTC_EnterInitMode
                0x080014f8                RTC_ExitInitMode
                0x08001508                RTC_Init
                0x0800154c                RTC_WaitForSynchro
                0x08001590                RTC_DeInit
                0x08001610                RTC_RefClockCmd
                0x08001648                RTC_BypassShadowCmd
                0x0800166c                RTC_SetTime
                0x080016f8                RTC_TimeStructInit
                0x08001704                RTC_GetTime
                0x0800174c                RTC_GetSubSecond
                0x08001758                RTC_SetDate
                0x080017d8                RTC_DateStructInit
                0x080017e6                RTC_GetDate
                0x0800182c                RTC_SetAlarm
                0x080018d4                RTC_AlarmStructInit
                0x080018e8                RTC_GetAlarm
                0x0800194c                RTC_AlarmCmd
                0x080019a8                RTC_AlarmSubSecondConfig
                0x080019cc                RTC_GetAlarmSubSecond
                0x080019e4                RTC_WakeUpClockConfig
                0x08001a08                RTC_SetWakeUpCounter
                0x08001a20                RTC_GetWakeUpCounter
                0x08001a2c                RTC_WakeUpCmd
                0x08001a80                RTC_DayLightSavingConfig
                0x08001aa4                RTC_GetStoreOperation
                0x08001ab4                RTC_OutputConfig
                0x08001ad8                RTC_CoarseCalibConfig
                0x08001b04                RTC_CoarseCalibCmd
                0x08001b3c                RTC_CalibOutputCmd
                0x08001b60                RTC_CalibOutputConfig
                0x08001b84                RTC_SmoothCalibConfig
                0x08001bc8                RTC_TimeStampCmd
                0x08001bf0                RTC_GetTimeStamp
                0x08001c70                RTC_GetTimeStampSubSecond
                0x08001c7c                RTC_TamperTriggerConfig
                0x08001c94                RTC_TamperCmd
                0x08001cac                RTC_TamperFilterConfig
                0x08001cc4                RTC_TamperSamplingFreqConfig
                0x08001cdc                RTC_TamperPinsPrechargeDuration
                0x08001cf4                RTC_TimeStampOnTamperDetectionCmd
                0x08001d0c                RTC_TamperPullUpCmd
                0x08001d24                RTC_WriteBackupRegister
                0x08001d44                RTC_ReadBackupRegister
                0x08001d64                RTC_TamperPinSelection
                0x08001d7c                RTC_TimeStampPinSelection
                0x08001d94                RTC_OutputTypeConfig
                0x08001dac                RTC_SynchroShiftConfig
                0x08001e00                RTC_ITConfig
                0x08001e40                RTC_GetFlagStatus
                0x08001e5c                RTC_ClearFlag
                0x08001e78                RTC_GetITStatus
                0x08001ea8                RTC_ClearITPendingBit
 .text          0x08001ec4       0x74 ../../../../1_Processor/STM32F4/STM32F4-Discovery_FW_V1.1.0/Libraries/STM32F4xx_StdPeriph_Driver/src/stm32f4xx_syscfg.o
                0x08001ec4                SYSCFG_DeInit
                0x08001ede                SYSCFG_MemoryRemapConfig
                0x08001ee8                SYSCFG_EXTILineConfig
                0x08001f12                SYSCFG_ETH_MediaInterfaceConfig
                0x08001f1c                SYSCFG_CompensationCellCmd
                0x08001f28                SYSCFG_GetCompensationCellStatus
 .text          0x08001f38      0xb04 ../../../../1_Processor/STM32F4/STM32F4-Discovery_FW_V1.1.0/Libraries/STM32F4xx_StdPeriph_Driver/src/stm32f4xx_tim.o
                0x08001fa4                TIM_DeInit
                0x08002110                TIM_TimeBaseInit
                0x0800218c                TIM_TimeBaseStructInit
                0x0800219e                TIM_PrescalerConfig
                0x080021a4                TIM_CounterModeConfig
                0x080021b4                TIM_SetCounter
                0x080021b8                TIM_SetAutoreload
                0x080021bc                TIM_GetCounter
                0x080021c0                TIM_GetPrescaler
                0x080021c6                TIM_UpdateDisableConfig
                0x080021de                TIM_UpdateRequestConfig
                0x080021f6                TIM_ARRPreloadConfig
                0x0800220e                TIM_SelectOnePulseMode
                0x08002224                TIM_SetClockDivision
                0x0800223a                TIM_Cmd
                0x08002252                TIM_OC1Init
                0x080022c4                TIM_OC2Init
                0x0800234c                TIM_OC3Init
                0x080023d0                TIM_OC4Init
                0x08002438                TIM_OCStructInit
                0x0800244c                TIM_SelectOCxM
                0x08002492                TIM_SetCompare1
                0x08002496                TIM_SetCompare2
                0x0800249a                TIM_SetCompare3
                0x0800249e                TIM_SetCompare4
                0x080024a2                TIM_ForcedOC1Config
                0x080024b2                TIM_ForcedOC2Config
                0x080024c6                TIM_ForcedOC3Config
                0x080024d6                TIM_ForcedOC4Config
                0x080024ea                TIM_OC1PreloadConfig
                0x080024fa                TIM_OC2PreloadConfig
                0x0800250e                TIM_OC3PreloadConfig
                0x0800251e                TIM_OC4PreloadConfig
                0x08002532                TIM_OC1FastConfig
                0x08002542                TIM_OC2FastConfig
                0x08002556                TIM_OC3FastConfig
                0x08002566                TIM_OC4FastConfig
                0x0800257a                TIM_ClearOC1Ref
                0x0800258a                TIM_ClearOC2Ref
                0x0800259a                TIM_ClearOC3Ref
                0x080025aa                TIM_ClearOC4Ref
                0x080025ba                TIM_OC1PolarityConfig
                0x080025ca                TIM_OC1NPolarityConfig
                0x080025da                TIM_OC2PolarityConfig
                0x080025ee                TIM_OC2NPolarityConfig
                0x08002602                TIM_OC3PolarityConfig
                0x08002616                TIM_OC3NPolarityConfig
                0x0800262a                TIM_OC4PolarityConfig
                0x0800263e                TIM_CCxCmd
                0x0800265a                TIM_CCxNCmd
                0x08002676                TIM_ICStructInit
                0x08002686                TIM_GetCapture1
                0x0800268a                TIM_GetCapture2
                0x0800268e                TIM_GetCapture3
                0x08002692                TIM_GetCapture4
                0x08002696                TIM_SetIC1Prescaler
                0x080026ac                TIM_SetIC2Prescaler
                0x080026c6                TIM_PWMIConfig
                0x08002726                TIM_SetIC3Prescaler
                0x0800273c                TIM_SetIC4Prescaler
                0x08002756                TIM_ICInit
                0x0800280a                TIM_BDTRConfig
                0x0800282c                TIM_BDTRStructInit
                0x0800283e                TIM_CtrlPWMOutputs
                0x0800285a                TIM_SelectCOM
                0x08002872                TIM_CCPreloadControl
                0x0800288a                TIM_GenerateEvent
                0x0800288e                TIM_GetFlagStatus
                0x0800289a                TIM_ClearFlag
                0x080028a2                TIM_GetITStatus
                0x080028b8                TIM_ClearITPendingBit
                0x080028c0                TIM_DMAConfig
                0x080028c8                TIM_DMACmd
                0x080028da                TIM_ITConfig
                0x080028de                TIM_SelectCCDMA
                0x080028f6                TIM_InternalClockConfig
                0x08002904                TIM_ITRxExternalClockConfig
                0x0800291e                TIM_TIxExternalClockConfig
                0x08002952                TIM_SelectInputTrigger
                0x08002962                TIM_SelectOutputTrigger
                0x08002978                TIM_SelectSlaveMode
                0x0800298e                TIM_SelectMasterSlaveMode
                0x080029a4                TIM_ETRConfig
                0x080029b8                TIM_ETRClockMode1Config
                0x080029d0                TIM_ETRClockMode2Config
                0x080029e2                TIM_EncoderInterfaceConfig
                0x08002a1e                TIM_SelectHallSensor
                0x08002a36                TIM_RemapConfig
 .text          0x08002a3c      0x3b8 ../../../../1_Processor/STM32F4/STM32F4-Discovery_FW_V1.1.0/Libraries/STM32F4xx_StdPeriph_Driver/src/stm32f4xx_usart.o
                0x08002a3c                USART_DeInit
                0x08002aec                USART_Init
                0x08002b9c                USART_StructInit
                0x08002bb2                USART_ClockInit
                0x08002bd2                USART_ClockStructInit
                0x08002bde                USART_Cmd
                0x08002bf6                USART_SetPrescaler
                0x08002c08                USART_OverSampling8Cmd
                0x08002c20                USART_OneBitMethodCmd
                0x08002c38                USART_SendData
                0x08002c40                USART_ReceiveData
                0x08002c48                USART_SetAddress
                0x08002c5e                USART_ReceiverWakeUpCmd
                0x08002c76                USART_WakeUpConfig
                0x08002c8c                USART_LINBreakDetectLengthConfig
                0x08002ca2                USART_LINCmd
                0x08002cba                USART_SendBreak
                0x08002cc6                USART_HalfDuplexCmd
                0x08002cde                USART_SetGuardTime
                0x08002cf0                USART_SmartCardCmd
                0x08002d08                USART_SmartCardNACKCmd
                0x08002d20                USART_IrDAConfig
                0x08002d36                USART_IrDACmd
                0x08002d4e                USART_DMACmd
                0x08002d60                USART_ITConfig
                0x08002d90                USART_GetFlagStatus
                0x08002d9c                USART_ClearFlag
                0x08002da4                USART_GetITStatus
                0x08002de4                USART_ClearITPendingBit
 .text          0x08002df4      0x480 ../../../../1_Processor/STM32F4/BSPLIB/adc_dac.o
                0x08002df4                HF_ADC_Moder_Init
                0x0800314c                HF_Get_ADC_Output
                0x08003184                HF_DAC_Init
                0x08003214                HF_DAC_Set_Vol
 .text          0x08003274      0x1c8 ../../../../1_Processor/STM32F4/BSPLIB/delay.o
                0x08003274                delay_init
                0x080032ac                delay_us
                0x080032dc                delay_ms
                0x0800330c                HF_System_Timer_Init
                0x08003380                TIM5_IRQHandler
                0x080033cc                HF_Get_System_Time
                0x080033f4                HF_Get_Dtime
 .text          0x0800343c      0x294 ../../../../1_Processor/STM32F4/BSPLIB/encoder.o
                0x0800343c                HF_Encoder_Init
                0x08003634                HF_Get_Encode_TIM2
                0x08003658                HF_Get_Encode_TIM3
                0x08003680                HF_Get_Encode_TIM4
                0x080036a8                HF_Get_Encode_TIM5
 .text          0x080036d0      0x4c4 ../../../../1_Processor/STM32F4/BSPLIB/i2c.o
                0x0800392e                HF_Hardware_I2C_Init
                0x08003930                HF_Hardware_I2C_Write_Byte
                0x08003932                HF_Hardware_I2C_Read_Byte
                0x08003936                HF_Hardware_I2C_Write_Buf
                0x0800393a                HF_Hardware_I2C_Read_Buf
                0x0800393e                HF_Simulat_I2C_Write_Byte
                0x08003984                HF_Simulat_I2C_Read_Byte
                0x080039ea                HF_Simulat_I2C_Write_Buf
                0x08003a66                HF_Simulat_I2C_Read_Buf
                0x08003af8                HF_Simulat_I2C_Init
 .text          0x08003b94      0x560 ../../../../1_Processor/STM32F4/BSPLIB/nvic.o
                0x08003b94                CAN1_RX0_NVIC_Configuration
                0x08003bc0                CAN1_RX1_NVIC_Configuration
                0x08003bec                CAN2_RX0_NVIC_Configuration
                0x08003c18                CAN2_RX1_NVIC_Configuration
                0x08003c44                USART1_NVIC_Configuration
                0x08003c6e                USART2_NVIC_Configuration
                0x08003c98                USART3_NVIC_Configuration
                0x08003cc2                UART4_NVIC_Configuration
                0x08003cee                UART5_NVIC_Configuration
                0x08003d1a                USART6_NVIC_Configuration
                0x08003d46                TIM1_NVIC_Configuration
                0x08003d74                TIM2_NVIC_Configuration
                0x08003da2                TIM3_NVIC_Configuration
                0x08003dd0                TIM4_NVIC_Configuration
                0x08003dfe                TIM5_NVIC_Configuration
                0x08003e2c                TIM6_NVIC_Configuration
                0x08003e58                TIM7_NVIC_Configuration
                0x08003e86                TIM8_NVIC_Configuration
                0x08003eb4                TIM9_NVIC_Configuration
                0x08003ee2                TIM10_NVIC_Configuration
                0x08003f10                TIM11_NVIC_Configuration
                0x08003f3e                TIM12_NVIC_Configuration
                0x08003f6c                TIM13_NVIC_Configuration
                0x08003f9a                TIM14_NVIC_Configuration
                0x08003fc8                EXTI0_NVIC_Configuration
                0x08003ff4                EXTI1_NVIC_Configuration
                0x08004020                EXTI2_NVIC_Configuration
                0x0800404c                EXTI3_NVIC_Configuration
                0x08004078                EXTI4_NVIC_Configuration
                0x080040a4                EXTI9_5_NVIC_Configuration
                0x080040d0                EXTI15_10_NVIC_Configuration
 .text          0x080040f4      0x2f4 ../../../../1_Processor/STM32F4/BSPLIB/pwm_in.o
                0x080040f4                HF_PWMIN_Init
                0x08004270                HF_Get_PWM_Value
                0x08004280                EXTI0_IRQHandler
                0x080042c8                EXTI1_IRQHandler
                0x08004310                EXTI2_IRQHandler
                0x08004358                EXTI3_IRQHandler
                0x080043a0                EXTI4_IRQHandler
 .text          0x080043e8      0x3bc ../../../../1_Processor/STM32F4/BSPLIB/pwm_out.o
                0x080043e8                HF_PWMOut_Init
                0x08004624                HF_PWM_Set_TIM1_CCR1
                0x08004644                HF_PWM_Set_TIM1_CCR2
                0x08004664                HF_PWM_Set_TIM1_CCR3
                0x08004684                HF_PWM_Set_TIM1_CCR4
                0x080046a4                HF_PWM_Set_TIM8_CCR1
                0x080046c4                HF_PWM_Set_TIM8_CCR2
                0x080046e4                HF_PWM_Set_TIM8_CCR3
                0x08004704                HF_PWM_Set_TIM8_CCR4
                0x08004724                HF_PWM_Set_TIM9_CCR1
                0x08004744                HF_PWM_Set_TIM9_CCR2
                0x08004764                HF_PWM_Set_TIM12_CCR1
                0x08004784                HF_PWM_Set_TIM12_CCR2
 .text          0x080047a4      0x30c ../../../../1_Processor/STM32F4/BSPLIB/rtc.o
                0x080047a4                RTC_Set_Time
                0x080047c4                RTC_Set_Date
                0x080047e4                RTC_Get_Time
                0x08004812                RTC_Get_Date
                0x08004840                HF_RTC_Init
                0x080048ce                RTC_Set_AlarmA
                0x0800496e                RTC_Set_WakeUp
                0x080049e6                RTC_Alarm_IRQHandler
                0x08004a08                RTC_WKUP_IRQHandler
                0x08004a2a                RTC_Get_Week
                0x08004a8c                HF_RTC_Time_Renew
 .text          0x08004ab0      0x19c ../../../../1_Processor/STM32F4/BSPLIB/timer.o
                0x08004ab0                HF_Timer_Init
 .text          0x08004c4c      0x574 ../../../../1_Processor/STM32F4/BSPLIB/usart.o
                0x08004c4c                HF_USART_Init
                0x08004f20                HF_USART_Put_Char
                0x08004f36                _close
                0x08004f3c                _execve
                0x08004f4c                _fork
                0x08004f5c                _fstat
                0x08004f66                _getpid
                0x08004f6a                _isatty
                0x08004f80                _kill
                0x08004f90                _link
                0x08004fa0                _lseek
                0x08004fa4                _read
                0x08004fe0                _stat
                0x08004fea                _times
                0x08004ff0                _unlink
                0x08005000                _wait
                0x08005010                _write
                0x08005068                _exit
                0x0800507c                _sbrk
                0x080050c4                HF_USART_printf
 .text          0x080051c0       0x3c ../src/main.o
                0x080051c0                constructorInit()
                0x080051e0                systemInit()
 .text          0x080051fc       0x64 ../src/stm32f4xx_it.o
                0x080051fc                USART1_IRQHandler
                0x08005214                TIM6_DAC_IRQHandler
 .text          0x08005260      0x814 ../../../../1_Processor/BoardAbstract/control_unit_v1.o
                0x08005260                Board::Board()
                0x08005260                Board::Board()
                0x08005294                Board::debugInterfaceInit()
                0x080052a4                Board::debugPutChar(unsigned char)
                0x080052c0                Board::getBatteryVoltage()
                0x08005304                Board::getCPUUsage()
                0x08005310                Board::getCPUTemperature()
                0x08005364                Board::boardBasicCall()
                0x08005434                Board::getCPUInfo()
                0x08005460                Board::ledInit()
                0x08005498                Board::setLedState(unsigned char, unsigned char)
                0x080054c8                Board::keyInit()
                0x080054ca                Board::keyStateRenew()
                0x080054cc                Board::beepInit()
                0x08005504                Board::boardBasicInit()
                0x08005560                Board::setBeepState(unsigned char)
                0x08005590                Board::motorInterfaceInit(unsigned char, float)
                0x0800567c                Board::motorEnable(unsigned char)
                0x080056a4                Board::motorDisable(unsigned char)
                0x080056cc                Board::getMotorEncoderCNT(unsigned char)
                0x080056f0                Board::getMotorCurrent(unsigned char)
                0x08005714                Board::motorSetPWM(unsigned char, int)
                0x08005786                Board::axServoInterfaceInit()
                0x080057d4                Board::axServoTxModel()
                0x080057e4                Board::axServoRxModel()
                0x080057f4                Board::axServoSendTxByte(unsigned char)
                0x08005810                Board::axServoGetRxByte(unsigned char*)
                0x08005814                Board::sbusInterfaceInit()
                0x08005828                Board::imuI2CInit()
                0x08005870                Board::imuI2CWriteByte(unsigned char, unsigned char, unsigned char, unsigned char)
                0x0800587c                Board::imuI2CReadByte(unsigned char, unsigned char, unsigned char)
                0x08005882                Board::imuI2CWriteBuf(unsigned char, unsigned char, unsigned char*, unsigned char, unsigned char)
                0x0800589a                Board::imuI2CReadBuf(unsigned char, unsigned char, unsigned char*, unsigned char, unsigned char)
                0x080058b2                Board::gpsInterfaceInit()
                0x080058c4                Board::gpsSendTxByte(unsigned char)
                0x080058e4                Board::eepromI2CInit()
                0x080058ea                Board::eepromI2CWriteByte(unsigned char, unsigned char, unsigned char, unsigned char)
                0x080058f6                Board::eepromI2CReadByte(unsigned char, unsigned char, unsigned char)
                0x080058fc                Board::eepromI2CWriteBuf(unsigned char, unsigned char, unsigned char*, unsigned char, unsigned char)
                0x08005914                Board::eepromI2CReadBuf(unsigned char, unsigned char, unsigned char*, unsigned char, unsigned char)
                0x0800592c                Board::extendI2CInit()
                0x08005932                Board::extendI2CWriteByte(unsigned char, unsigned char, unsigned char, unsigned char)
                0x0800593e                Board::extendI2CReadByte(unsigned char, unsigned char, unsigned char)
                0x08005944                Board::extendI2CWriteBuf(unsigned char, unsigned char, unsigned char*, unsigned char, unsigned char)
                0x0800595c                Board::extendI2CReadBuf(unsigned char, unsigned char, unsigned char*, unsigned char, unsigned char)
                0x08005974                Board::pwmInterfaceInit(unsigned char, float)
                0x080059cc                Board::setPWMValue(unsigned char, float)
 .text          0x08005a74      0x134 /home/kedou/Project/OpenRE/Tools/gcc-arm-none-eabi-5_4-2016q2/bin/../lib/gcc/arm-none-eabi/5.4.1/../../../../arm-none-eabi/lib/armv7e-m/fpu/libg.a(lib_a-memcpy.o)
                0x08005a74                memcpy
 *fill*         0x08005ba8       0x18 
 .text          0x08005bc0       0xdc /home/kedou/Project/OpenRE/Tools/gcc-arm-none-eabi-5_4-2016q2/bin/../lib/gcc/arm-none-eabi/5.4.1/../../../../arm-none-eabi/lib/armv7e-m/fpu/libg.a(lib_a-strlen.o)
                0x08005bc0                strlen
 *fill*         0x08005c9c        0x4 
 .text          0x08005ca0       0xa0 /home/kedou/Project/OpenRE/Tools/gcc-arm-none-eabi-5_4-2016q2/bin/../lib/gcc/arm-none-eabi/5.4.1/../../../../arm-none-eabi/lib/armv7e-m/fpu/libg.a(lib_a-memchr.o)
                0x08005ca0                memchr
 .text          0x08005d40      0x370 /home/kedou/Project/OpenRE/Tools/gcc-arm-none-eabi-5_4-2016q2/bin/../lib/gcc/arm-none-eabi/5.4.1/armv7e-m/fpu/libgcc.a(_arm_addsubdf3.o)
                0x08005d40                __aeabi_drsub
                0x08005d48                __aeabi_dsub
                0x08005d48                __subdf3
                0x08005d4c                __adddf3
                0x08005d4c                __aeabi_dadd
                0x08005fc4                __aeabi_ui2d
                0x08005fc4                __floatunsidf
                0x08005fe4                __floatsidf
                0x08005fe4                __aeabi_i2d
                0x08006008                __extendsfdf2
                0x08006008                __aeabi_f2d
                0x08006044                __aeabi_ul2d
                0x08006044                __floatundidf
                0x08006054                __floatdidf
                0x08006054                __aeabi_l2d
 .text          0x080060b0      0x424 /home/kedou/Project/OpenRE/Tools/gcc-arm-none-eabi-5_4-2016q2/bin/../lib/gcc/arm-none-eabi/5.4.1/armv7e-m/fpu/libgcc.a(_arm_muldivdf3.o)
                0x080060b0                __aeabi_dmul
                0x080060b0                __muldf3
                0x08006304                __aeabi_ddiv
                0x08006304                __divdf3
 .text          0x080064d4      0x110 /home/kedou/Project/OpenRE/Tools/gcc-arm-none-eabi-5_4-2016q2/bin/../lib/gcc/arm-none-eabi/5.4.1/armv7e-m/fpu/libgcc.a(_arm_cmpdf2.o)
                0x080064d4                __gtdf2
                0x080064d4                __gedf2
                0x080064dc                __ltdf2
                0x080064dc                __ledf2
                0x080064e4                __cmpdf2
                0x080064e4                __eqdf2
                0x080064e4                __nedf2
                0x08006560                __aeabi_cdrcmple
                0x08006570                __aeabi_cdcmple
                0x08006570                __aeabi_cdcmpeq
                0x08006580                __aeabi_dcmpeq
                0x08006594                __aeabi_dcmplt
                0x080065a8                __aeabi_dcmple
                0x080065bc                __aeabi_dcmpge
                0x080065d0                __aeabi_dcmpgt
 .text          0x080065e4       0x2c /home/kedou/Project/OpenRE/Tools/gcc-arm-none-eabi-5_4-2016q2/bin/../lib/gcc/arm-none-eabi/5.4.1/armv7e-m/fpu/libgcc.a(_arm_unorddf2.o)
                0x080065e4                __aeabi_dcmpun
                0x080065e4                __unorddf2
 .text          0x08006610       0x50 /home/kedou/Project/OpenRE/Tools/gcc-arm-none-eabi-5_4-2016q2/bin/../lib/gcc/arm-none-eabi/5.4.1/armv7e-m/fpu/libgcc.a(_arm_fixdfsi.o)
                0x08006610                __fixdfsi
                0x08006610                __aeabi_d2iz
 .text          0x08006660       0x30 /home/kedou/Project/OpenRE/Tools/gcc-arm-none-eabi-5_4-2016q2/bin/../lib/gcc/arm-none-eabi/5.4.1/armv7e-m/fpu/libgcc.a(_aeabi_uldivmod.o)
                0x08006660                __aeabi_uldivmod
 .text          0x08006690      0x2e4 /home/kedou/Project/OpenRE/Tools/gcc-arm-none-eabi-5_4-2016q2/bin/../lib/gcc/arm-none-eabi/5.4.1/armv7e-m/fpu/libgcc.a(_udivmoddi4.o)
                0x08006690                __udivmoddi4
 .text          0x08006974        0x4 /home/kedou/Project/OpenRE/Tools/gcc-arm-none-eabi-5_4-2016q2/bin/../lib/gcc/arm-none-eabi/5.4.1/armv7e-m/fpu/libgcc.a(_dvmd_tls.o)
                0x08006974                __aeabi_ldiv0
                0x08006974                __aeabi_idiv0
 *(.text*)
 .text.Reset_Handler
                0x08006978       0x44 ../../../../1_Processor/STM32F4/STM32F4-Discovery_FW_V1.1.0/Libraries/CMSIS/ST/STM32F4xx/Source/Templates/gcc_ride7/startup_stm32f4xx.o
                0x08006978                Reset_Handler
 .text.Default_Handler
                0x080069bc        0x2 ../../../../1_Processor/STM32F4/STM32F4-Discovery_FW_V1.1.0/Libraries/CMSIS/ST/STM32F4xx/Source/Templates/gcc_ride7/startup_stm32f4xx.o
                0x080069bc                HASH_RNG_IRQHandler
                0x080069bc                TIM8_CC_IRQHandler
                0x080069bc                DebugMon_Handler
                0x080069bc                TIM1_CC_IRQHandler
                0x080069bc                DMA2_Stream5_IRQHandler
                0x080069bc                HardFault_Handler
                0x080069bc                DMA1_Stream5_IRQHandler
                0x080069bc                SysTick_Handler
                0x080069bc                PVD_IRQHandler
                0x080069bc                SDIO_IRQHandler
                0x080069bc                TAMP_STAMP_IRQHandler
                0x080069bc                PendSV_Handler
                0x080069bc                NMI_Handler
                0x080069bc                CAN2_RX1_IRQHandler
                0x080069bc                TIM8_TRG_COM_TIM14_IRQHandler
                0x080069bc                TIM1_UP_TIM10_IRQHandler
                0x080069bc                TIM8_UP_TIM13_IRQHandler
                0x080069bc                I2C3_ER_IRQHandler
                0x080069bc                I2C2_EV_IRQHandler
                0x080069bc                DMA1_Stream2_IRQHandler
                0x080069bc                CAN1_RX0_IRQHandler
                0x080069bc                FPU_IRQHandler
                0x080069bc                OTG_HS_WKUP_IRQHandler
                0x080069bc                UsageFault_Handler
                0x080069bc                CAN2_SCE_IRQHandler
                0x080069bc                DMA2_Stream2_IRQHandler
                0x080069bc                SPI1_IRQHandler
                0x080069bc                TIM1_BRK_TIM9_IRQHandler
                0x080069bc                DCMI_IRQHandler
                0x080069bc                CAN2_RX0_IRQHandler
                0x080069bc                DMA2_Stream3_IRQHandler
                0x080069bc                USART6_IRQHandler
                0x080069bc                USART3_IRQHandler
                0x080069bc                CRYP_IRQHandler
                0x080069bc                CAN1_RX1_IRQHandler
                0x080069bc                UART5_IRQHandler
                0x080069bc                DMA2_Stream0_IRQHandler
                0x080069bc                TIM4_IRQHandler
                0x080069bc                I2C1_EV_IRQHandler
                0x080069bc                DMA1_Stream6_IRQHandler
                0x080069bc                DMA1_Stream1_IRQHandler
                0x080069bc                UART4_IRQHandler
                0x080069bc                TIM3_IRQHandler
                0x080069bc                RCC_IRQHandler
                0x080069bc                TIM8_BRK_TIM12_IRQHandler
                0x080069bc                Default_Handler
                0x080069bc                EXTI15_10_IRQHandler
                0x080069bc                ADC_IRQHandler
                0x080069bc                DMA1_Stream7_IRQHandler
                0x080069bc                TIM7_IRQHandler
                0x080069bc                CAN2_TX_IRQHandler
                0x080069bc                DMA2_Stream7_IRQHandler
                0x080069bc                I2C3_EV_IRQHandler
                0x080069bc                EXTI9_5_IRQHandler
                0x080069bc                ETH_WKUP_IRQHandler
                0x080069bc                SPI2_IRQHandler
                0x080069bc                OTG_HS_EP1_IN_IRQHandler
                0x080069bc                MemManage_Handler
                0x080069bc                DMA1_Stream0_IRQHandler
                0x080069bc                CAN1_TX_IRQHandler
                0x080069bc                SVC_Handler
                0x080069bc                FSMC_IRQHandler
                0x080069bc                ETH_IRQHandler
                0x080069bc                OTG_HS_EP1_OUT_IRQHandler
                0x080069bc                WWDG_IRQHandler
                0x080069bc                TIM2_IRQHandler
                0x080069bc                OTG_FS_WKUP_IRQHandler
                0x080069bc                TIM1_TRG_COM_TIM11_IRQHandler
                0x080069bc                OTG_HS_IRQHandler
                0x080069bc                USART2_IRQHandler
                0x080069bc                I2C2_ER_IRQHandler
                0x080069bc                DMA2_Stream1_IRQHandler
                0x080069bc                CAN1_SCE_IRQHandler
                0x080069bc                FLASH_IRQHandler
                0x080069bc                DMA2_Stream4_IRQHandler
                0x080069bc                BusFault_Handler
                0x080069bc                OTG_FS_IRQHandler
                0x080069bc                SPI3_IRQHandler
                0x080069bc                DMA1_Stream4_IRQHandler
                0x080069bc                I2C1_ER_IRQHandler
                0x080069bc                DMA2_Stream6_IRQHandler
                0x080069bc                DMA1_Stream3_IRQHandler
 *fill*         0x080069be        0x2 
 .text.startup  0x080069c0       0x64 ../src/main.o
                0x080069c0                main
 .text.startup  0x08006a24        0xc ../../../../1_Processor/BoardAbstract/control_unit_v1.o
 .text.printf   0x08006a30       0x28 /home/kedou/Project/OpenRE/Tools/gcc-arm-none-eabi-5_4-2016q2/bin/../lib/gcc/arm-none-eabi/5.4.1/../../../../arm-none-eabi/lib/armv7e-m/fpu/libg.a(lib_a-printf.o)
                0x08006a30                printf
 .text._puts_r  0x08006a58       0x68 /home/kedou/Project/OpenRE/Tools/gcc-arm-none-eabi-5_4-2016q2/bin/../lib/gcc/arm-none-eabi/5.4.1/../../../../arm-none-eabi/lib/armv7e-m/fpu/libg.a(lib_a-puts.o)
                0x08006a58                _puts_r
 .text.puts     0x08006ac0       0x10 /home/kedou/Project/OpenRE/Tools/gcc-arm-none-eabi-5_4-2016q2/bin/../lib/gcc/arm-none-eabi/5.4.1/../../../../arm-none-eabi/lib/armv7e-m/fpu/libg.a(lib_a-puts.o)
                0x08006ac0                puts
 .text._vfprintf_r
                0x08006ad0     0x1714 /home/kedou/Project/OpenRE/Tools/gcc-arm-none-eabi-5_4-2016q2/bin/../lib/gcc/arm-none-eabi/5.4.1/../../../../arm-none-eabi/lib/armv7e-m/fpu/libg.a(lib_a-vfprintf.o)
                0x08006ad0                _vfprintf_r
 .text.__sbprintf
                0x080081e4       0x6c /home/kedou/Project/OpenRE/Tools/gcc-arm-none-eabi-5_4-2016q2/bin/../lib/gcc/arm-none-eabi/5.4.1/../../../../arm-none-eabi/lib/armv7e-m/fpu/libg.a(lib_a-vfprintf.o)
 .text.__swsetup_r
                0x08008250       0xc8 /home/kedou/Project/OpenRE/Tools/gcc-arm-none-eabi-5_4-2016q2/bin/../lib/gcc/arm-none-eabi/5.4.1/../../../../arm-none-eabi/lib/armv7e-m/fpu/libg.a(lib_a-wsetup.o)
                0x08008250                __swsetup_r
 .text.quorem   0x08008318      0x128 /home/kedou/Project/OpenRE/Tools/gcc-arm-none-eabi-5_4-2016q2/bin/../lib/gcc/arm-none-eabi/5.4.1/../../../../arm-none-eabi/lib/armv7e-m/fpu/libg.a(lib_a-dtoa.o)
 .text._dtoa_r  0x08008440      0xe34 /home/kedou/Project/OpenRE/Tools/gcc-arm-none-eabi-5_4-2016q2/bin/../lib/gcc/arm-none-eabi/5.4.1/../../../../arm-none-eabi/lib/armv7e-m/fpu/libg.a(lib_a-dtoa.o)
                0x08008440                _dtoa_r
 .text.__sflush_r
                0x08009274      0x148 /home/kedou/Project/OpenRE/Tools/gcc-arm-none-eabi-5_4-2016q2/bin/../lib/gcc/arm-none-eabi/5.4.1/../../../../arm-none-eabi/lib/armv7e-m/fpu/libg.a(lib_a-fflush.o)
                0x08009274                __sflush_r
 .text._fflush_r
                0x080093bc       0x2c /home/kedou/Project/OpenRE/Tools/gcc-arm-none-eabi-5_4-2016q2/bin/../lib/gcc/arm-none-eabi/5.4.1/../../../../arm-none-eabi/lib/armv7e-m/fpu/libg.a(lib_a-fflush.o)
                0x080093bc                _fflush_r
 .text._cleanup_r
                0x080093e8        0xc /home/kedou/Project/OpenRE/Tools/gcc-arm-none-eabi-5_4-2016q2/bin/../lib/gcc/arm-none-eabi/5.4.1/../../../../arm-none-eabi/lib/armv7e-m/fpu/libg.a(lib_a-findfp.o)
                0x080093e8                _cleanup_r
 .text.__sinit.part.1
                0x080093f4       0xf0 /home/kedou/Project/OpenRE/Tools/gcc-arm-none-eabi-5_4-2016q2/bin/../lib/gcc/arm-none-eabi/5.4.1/../../../../arm-none-eabi/lib/armv7e-m/fpu/libg.a(lib_a-findfp.o)
 .text.__sinit  0x080094e4        0xc /home/kedou/Project/OpenRE/Tools/gcc-arm-none-eabi-5_4-2016q2/bin/../lib/gcc/arm-none-eabi/5.4.1/../../../../arm-none-eabi/lib/armv7e-m/fpu/libg.a(lib_a-findfp.o)
                0x080094e4                __sinit
 .text.__sfp_lock_acquire
                0x080094f0        0x4 /home/kedou/Project/OpenRE/Tools/gcc-arm-none-eabi-5_4-2016q2/bin/../lib/gcc/arm-none-eabi/5.4.1/../../../../arm-none-eabi/lib/armv7e-m/fpu/libg.a(lib_a-findfp.o)
                0x080094f0                __sfp_lock_acquire
 .text.__sfp_lock_release
                0x080094f4        0x4 /home/kedou/Project/OpenRE/Tools/gcc-arm-none-eabi-5_4-2016q2/bin/../lib/gcc/arm-none-eabi/5.4.1/../../../../arm-none-eabi/lib/armv7e-m/fpu/libg.a(lib_a-findfp.o)
                0x080094f4                __sfp_lock_release
 .text._malloc_trim_r
                0x080094f8       0x9c /home/kedou/Project/OpenRE/Tools/gcc-arm-none-eabi-5_4-2016q2/bin/../lib/gcc/arm-none-eabi/5.4.1/../../../../arm-none-eabi/lib/armv7e-m/fpu/libg.a(lib_a-freer.o)
                0x080094f8                _malloc_trim_r
 .text._free_r  0x08009594      0x1d0 /home/kedou/Project/OpenRE/Tools/gcc-arm-none-eabi-5_4-2016q2/bin/../lib/gcc/arm-none-eabi/5.4.1/../../../../arm-none-eabi/lib/armv7e-m/fpu/libg.a(lib_a-freer.o)
                0x08009594                _free_r
 .text.__sfvwrite_r
                0x08009764      0x304 /home/kedou/Project/OpenRE/Tools/gcc-arm-none-eabi-5_4-2016q2/bin/../lib/gcc/arm-none-eabi/5.4.1/../../../../arm-none-eabi/lib/armv7e-m/fpu/libg.a(lib_a-fvwrite.o)
                0x08009764                __sfvwrite_r
 .text._fwalk_reent
                0x08009a68       0x54 /home/kedou/Project/OpenRE/Tools/gcc-arm-none-eabi-5_4-2016q2/bin/../lib/gcc/arm-none-eabi/5.4.1/../../../../arm-none-eabi/lib/armv7e-m/fpu/libg.a(lib_a-fwalk.o)
                0x08009a68                _fwalk_reent
 .text.__locale_charset
                0x08009abc        0x8 /home/kedou/Project/OpenRE/Tools/gcc-arm-none-eabi-5_4-2016q2/bin/../lib/gcc/arm-none-eabi/5.4.1/../../../../arm-none-eabi/lib/armv7e-m/fpu/libg.a(lib_a-locale.o)
                0x08009abc                __locale_charset
 .text.__locale_mb_cur_max
                0x08009ac4        0xc /home/kedou/Project/OpenRE/Tools/gcc-arm-none-eabi-5_4-2016q2/bin/../lib/gcc/arm-none-eabi/5.4.1/../../../../arm-none-eabi/lib/armv7e-m/fpu/libg.a(lib_a-locale.o)
                0x08009ac4                __locale_mb_cur_max
 .text._localeconv_r
                0x08009ad0        0x8 /home/kedou/Project/OpenRE/Tools/gcc-arm-none-eabi-5_4-2016q2/bin/../lib/gcc/arm-none-eabi/5.4.1/../../../../arm-none-eabi/lib/armv7e-m/fpu/libg.a(lib_a-locale.o)
                0x08009ad0                _localeconv_r
 .text.__swhatbuf_r
                0x08009ad8       0x60 /home/kedou/Project/OpenRE/Tools/gcc-arm-none-eabi-5_4-2016q2/bin/../lib/gcc/arm-none-eabi/5.4.1/../../../../arm-none-eabi/lib/armv7e-m/fpu/libg.a(lib_a-makebuf.o)
                0x08009ad8                __swhatbuf_r
 .text.__smakebuf_r
                0x08009b38       0x88 /home/kedou/Project/OpenRE/Tools/gcc-arm-none-eabi-5_4-2016q2/bin/../lib/gcc/arm-none-eabi/5.4.1/../../../../arm-none-eabi/lib/armv7e-m/fpu/libg.a(lib_a-makebuf.o)
                0x08009b38                __smakebuf_r
 .text._malloc_r
                0x08009bc0      0x570 /home/kedou/Project/OpenRE/Tools/gcc-arm-none-eabi-5_4-2016q2/bin/../lib/gcc/arm-none-eabi/5.4.1/../../../../arm-none-eabi/lib/armv7e-m/fpu/libg.a(lib_a-mallocr.o)
                0x08009bc0                _malloc_r
 .text.memmove  0x0800a130       0xc8 /home/kedou/Project/OpenRE/Tools/gcc-arm-none-eabi-5_4-2016q2/bin/../lib/gcc/arm-none-eabi/5.4.1/../../../../arm-none-eabi/lib/armv7e-m/fpu/libg.a(lib_a-memmove.o)
                0x0800a130                memmove
 .text.memset   0x0800a1f8       0x9c /home/kedou/Project/OpenRE/Tools/gcc-arm-none-eabi-5_4-2016q2/bin/../lib/gcc/arm-none-eabi/5.4.1/../../../../arm-none-eabi/lib/armv7e-m/fpu/libg.a(lib_a-memset.o)
                0x0800a1f8                memset
 .text.__malloc_lock
                0x0800a294        0x4 /home/kedou/Project/OpenRE/Tools/gcc-arm-none-eabi-5_4-2016q2/bin/../lib/gcc/arm-none-eabi/5.4.1/../../../../arm-none-eabi/lib/armv7e-m/fpu/libg.a(lib_a-mlock.o)
                0x0800a294                __malloc_lock
 .text.__malloc_unlock
                0x0800a298        0x4 /home/kedou/Project/OpenRE/Tools/gcc-arm-none-eabi-5_4-2016q2/bin/../lib/gcc/arm-none-eabi/5.4.1/../../../../arm-none-eabi/lib/armv7e-m/fpu/libg.a(lib_a-mlock.o)
                0x0800a298                __malloc_unlock
 .text._Balloc  0x0800a29c       0x4c /home/kedou/Project/OpenRE/Tools/gcc-arm-none-eabi-5_4-2016q2/bin/../lib/gcc/arm-none-eabi/5.4.1/../../../../arm-none-eabi/lib/armv7e-m/fpu/libg.a(lib_a-mprec.o)
                0x0800a29c                _Balloc
 .text._Bfree   0x0800a2e8       0x14 /home/kedou/Project/OpenRE/Tools/gcc-arm-none-eabi-5_4-2016q2/bin/../lib/gcc/arm-none-eabi/5.4.1/../../../../arm-none-eabi/lib/armv7e-m/fpu/libg.a(lib_a-mprec.o)
                0x0800a2e8                _Bfree
 .text.__multadd
                0x0800a2fc       0x80 /home/kedou/Project/OpenRE/Tools/gcc-arm-none-eabi-5_4-2016q2/bin/../lib/gcc/arm-none-eabi/5.4.1/../../../../arm-none-eabi/lib/armv7e-m/fpu/libg.a(lib_a-mprec.o)
                0x0800a2fc                __multadd
 .text.__hi0bits
                0x0800a37c       0x40 /home/kedou/Project/OpenRE/Tools/gcc-arm-none-eabi-5_4-2016q2/bin/../lib/gcc/arm-none-eabi/5.4.1/../../../../arm-none-eabi/lib/armv7e-m/fpu/libg.a(lib_a-mprec.o)
                0x0800a37c                __hi0bits
 .text.__lo0bits
                0x0800a3bc       0x5c /home/kedou/Project/OpenRE/Tools/gcc-arm-none-eabi-5_4-2016q2/bin/../lib/gcc/arm-none-eabi/5.4.1/../../../../arm-none-eabi/lib/armv7e-m/fpu/libg.a(lib_a-mprec.o)
                0x0800a3bc                __lo0bits
 .text.__i2b    0x0800a418       0x14 /home/kedou/Project/OpenRE/Tools/gcc-arm-none-eabi-5_4-2016q2/bin/../lib/gcc/arm-none-eabi/5.4.1/../../../../arm-none-eabi/lib/armv7e-m/fpu/libg.a(lib_a-mprec.o)
                0x0800a418                __i2b
 .text.__multiply
                0x0800a42c      0x130 /home/kedou/Project/OpenRE/Tools/gcc-arm-none-eabi-5_4-2016q2/bin/../lib/gcc/arm-none-eabi/5.4.1/../../../../arm-none-eabi/lib/armv7e-m/fpu/libg.a(lib_a-mprec.o)
                0x0800a42c                __multiply
 .text.__pow5mult
                0x0800a55c       0xa0 /home/kedou/Project/OpenRE/Tools/gcc-arm-none-eabi-5_4-2016q2/bin/../lib/gcc/arm-none-eabi/5.4.1/../../../../arm-none-eabi/lib/armv7e-m/fpu/libg.a(lib_a-mprec.o)
                0x0800a55c                __pow5mult
 .text.__lshift
                0x0800a5fc       0xb0 /home/kedou/Project/OpenRE/Tools/gcc-arm-none-eabi-5_4-2016q2/bin/../lib/gcc/arm-none-eabi/5.4.1/../../../../arm-none-eabi/lib/armv7e-m/fpu/libg.a(lib_a-mprec.o)
                0x0800a5fc                __lshift
 .text.__mcmp   0x0800a6ac       0x44 /home/kedou/Project/OpenRE/Tools/gcc-arm-none-eabi-5_4-2016q2/bin/../lib/gcc/arm-none-eabi/5.4.1/../../../../arm-none-eabi/lib/armv7e-m/fpu/libg.a(lib_a-mprec.o)
                0x0800a6ac                __mcmp
 .text.__mdiff  0x0800a6f0      0x114 /home/kedou/Project/OpenRE/Tools/gcc-arm-none-eabi-5_4-2016q2/bin/../lib/gcc/arm-none-eabi/5.4.1/../../../../arm-none-eabi/lib/armv7e-m/fpu/libg.a(lib_a-mprec.o)
                0x0800a6f0                __mdiff
 .text.__d2b    0x0800a804       0xbc /home/kedou/Project/OpenRE/Tools/gcc-arm-none-eabi-5_4-2016q2/bin/../lib/gcc/arm-none-eabi/5.4.1/../../../../arm-none-eabi/lib/armv7e-m/fpu/libg.a(lib_a-mprec.o)
                0x0800a804                __d2b
 .text._realloc_r
                0x0800a8c0      0x3e0 /home/kedou/Project/OpenRE/Tools/gcc-arm-none-eabi-5_4-2016q2/bin/../lib/gcc/arm-none-eabi/5.4.1/../../../../arm-none-eabi/lib/armv7e-m/fpu/libg.a(lib_a-reallocr.o)
                0x0800a8c0                _realloc_r
 .text._sbrk_r  0x0800aca0       0x24 /home/kedou/Project/OpenRE/Tools/gcc-arm-none-eabi-5_4-2016q2/bin/../lib/gcc/arm-none-eabi/5.4.1/../../../../arm-none-eabi/lib/armv7e-m/fpu/libg.a(lib_a-sbrkr.o)
                0x0800aca0                _sbrk_r
 .text.__sread  0x0800acc4       0x24 /home/kedou/Project/OpenRE/Tools/gcc-arm-none-eabi-5_4-2016q2/bin/../lib/gcc/arm-none-eabi/5.4.1/../../../../arm-none-eabi/lib/armv7e-m/fpu/libg.a(lib_a-stdio.o)
                0x0800acc4                __sread
 .text.__swrite
                0x0800ace8       0x3c /home/kedou/Project/OpenRE/Tools/gcc-arm-none-eabi-5_4-2016q2/bin/../lib/gcc/arm-none-eabi/5.4.1/../../../../arm-none-eabi/lib/armv7e-m/fpu/libg.a(lib_a-stdio.o)
                0x0800ace8                __swrite
 .text.__sseek  0x0800ad24       0x20 /home/kedou/Project/OpenRE/Tools/gcc-arm-none-eabi-5_4-2016q2/bin/../lib/gcc/arm-none-eabi/5.4.1/../../../../arm-none-eabi/lib/armv7e-m/fpu/libg.a(lib_a-stdio.o)
                0x0800ad24                __sseek
 .text.__sclose
                0x0800ad44        0x8 /home/kedou/Project/OpenRE/Tools/gcc-arm-none-eabi-5_4-2016q2/bin/../lib/gcc/arm-none-eabi/5.4.1/../../../../arm-none-eabi/lib/armv7e-m/fpu/libg.a(lib_a-stdio.o)
                0x0800ad44                __sclose
 .text.__sprint_r.part.0
                0x0800ad4c       0x78 /home/kedou/Project/OpenRE/Tools/gcc-arm-none-eabi-5_4-2016q2/bin/../lib/gcc/arm-none-eabi/5.4.1/../../../../arm-none-eabi/lib/armv7e-m/fpu/libg.a(lib_a-vfiprintf.o)
 .text.__sprint_r
                0x0800adc4       0x14 /home/kedou/Project/OpenRE/Tools/gcc-arm-none-eabi-5_4-2016q2/bin/../lib/gcc/arm-none-eabi/5.4.1/../../../../arm-none-eabi/lib/armv7e-m/fpu/libg.a(lib_a-vfiprintf.o)
                0x0800adc4                __sprint_r
 .text._write_r
                0x0800add8       0x2c /home/kedou/Project/OpenRE/Tools/gcc-arm-none-eabi-5_4-2016q2/bin/../lib/gcc/arm-none-eabi/5.4.1/../../../../arm-none-eabi/lib/armv7e-m/fpu/libg.a(lib_a-writer.o)
                0x0800add8                _write_r
 .text._calloc_r
                0x0800ae04       0x60 /home/kedou/Project/OpenRE/Tools/gcc-arm-none-eabi-5_4-2016q2/bin/../lib/gcc/arm-none-eabi/5.4.1/../../../../arm-none-eabi/lib/armv7e-m/fpu/libg.a(lib_a-callocr.o)
                0x0800ae04                _calloc_r
 .text._close_r
                0x0800ae64       0x24 /home/kedou/Project/OpenRE/Tools/gcc-arm-none-eabi-5_4-2016q2/bin/../lib/gcc/arm-none-eabi/5.4.1/../../../../arm-none-eabi/lib/armv7e-m/fpu/libg.a(lib_a-closer.o)
                0x0800ae64                _close_r
 .text._fclose_r
                0x0800ae88       0x84 /home/kedou/Project/OpenRE/Tools/gcc-arm-none-eabi-5_4-2016q2/bin/../lib/gcc/arm-none-eabi/5.4.1/../../../../arm-none-eabi/lib/armv7e-m/fpu/libg.a(lib_a-fclose.o)
                0x0800ae88                _fclose_r
 .text.__fputwc
                0x0800af0c       0x98 /home/kedou/Project/OpenRE/Tools/gcc-arm-none-eabi-5_4-2016q2/bin/../lib/gcc/arm-none-eabi/5.4.1/../../../../arm-none-eabi/lib/armv7e-m/fpu/libg.a(lib_a-fputwc.o)
                0x0800af0c                __fputwc
 .text._fputwc_r
                0x0800afa4       0x28 /home/kedou/Project/OpenRE/Tools/gcc-arm-none-eabi-5_4-2016q2/bin/../lib/gcc/arm-none-eabi/5.4.1/../../../../arm-none-eabi/lib/armv7e-m/fpu/libg.a(lib_a-fputwc.o)
                0x0800afa4                _fputwc_r
 .text._fstat_r
                0x0800afcc       0x28 /home/kedou/Project/OpenRE/Tools/gcc-arm-none-eabi-5_4-2016q2/bin/../lib/gcc/arm-none-eabi/5.4.1/../../../../arm-none-eabi/lib/armv7e-m/fpu/libg.a(lib_a-fstatr.o)
                0x0800afcc                _fstat_r
 .text._isatty_r
                0x0800aff4       0x24 /home/kedou/Project/OpenRE/Tools/gcc-arm-none-eabi-5_4-2016q2/bin/../lib/gcc/arm-none-eabi/5.4.1/../../../../arm-none-eabi/lib/armv7e-m/fpu/libg.a(lib_a-isattyr.o)
                0x0800aff4                _isatty_r
 .text._lseek_r
                0x0800b018       0x2c /home/kedou/Project/OpenRE/Tools/gcc-arm-none-eabi-5_4-2016q2/bin/../lib/gcc/arm-none-eabi/5.4.1/../../../../arm-none-eabi/lib/armv7e-m/fpu/libg.a(lib_a-lseekr.o)
                0x0800b018                _lseek_r
 .text._read_r  0x0800b044       0x2c /home/kedou/Project/OpenRE/Tools/gcc-arm-none-eabi-5_4-2016q2/bin/../lib/gcc/arm-none-eabi/5.4.1/../../../../arm-none-eabi/lib/armv7e-m/fpu/libg.a(lib_a-readr.o)
                0x0800b044                _read_r
 .text.__swbuf_r
                0x0800b070       0xac /home/kedou/Project/OpenRE/Tools/gcc-arm-none-eabi-5_4-2016q2/bin/../lib/gcc/arm-none-eabi/5.4.1/../../../../arm-none-eabi/lib/armv7e-m/fpu/libg.a(lib_a-wbuf.o)
                0x0800b070                __swbuf_r
 .text._wcrtomb_r
                0x0800b11c       0x54 /home/kedou/Project/OpenRE/Tools/gcc-arm-none-eabi-5_4-2016q2/bin/../lib/gcc/arm-none-eabi/5.4.1/../../../../arm-none-eabi/lib/armv7e-m/fpu/libg.a(lib_a-wcrtomb.o)
                0x0800b11c                _wcrtomb_r
 .text.__ascii_wctomb
                0x0800b170       0x1c /home/kedou/Project/OpenRE/Tools/gcc-arm-none-eabi-5_4-2016q2/bin/../lib/gcc/arm-none-eabi/5.4.1/../../../../arm-none-eabi/lib/armv7e-m/fpu/libg.a(lib_a-wctomb_r.o)
                0x0800b170                __ascii_wctomb
 *(.rodata)
 .rodata        0x0800b18c        0xc ../../../../1_Processor/STM32F4/BSPLIB/rtc.o
                0x0800b18c                table_week
 *(.rodata*)
 .rodata.str1.1
                0x0800b198       0x1f ../../../../1_Processor/STM32F4/BSPLIB/usart.o
 .rodata.str1.1
                0x0800b1b7       0x27 ../src/main.o
 *fill*         0x0800b1de        0x2 
 .rodata.str1.4
                0x0800b1e0        0x2 /home/kedou/Project/OpenRE/Tools/gcc-arm-none-eabi-5_4-2016q2/bin/../lib/gcc/arm-none-eabi/5.4.1/../../../../arm-none-eabi/lib/armv7e-m/fpu/libg.a(lib_a-puts.o)
 *fill*         0x0800b1e2        0x2 
 .rodata.blanks.7072
                0x0800b1e4       0x10 /home/kedou/Project/OpenRE/Tools/gcc-arm-none-eabi-5_4-2016q2/bin/../lib/gcc/arm-none-eabi/5.4.1/../../../../arm-none-eabi/lib/armv7e-m/fpu/libg.a(lib_a-vfprintf.o)
 .rodata.str1.4
                0x0800b1f4       0x42 /home/kedou/Project/OpenRE/Tools/gcc-arm-none-eabi-5_4-2016q2/bin/../lib/gcc/arm-none-eabi/5.4.1/../../../../arm-none-eabi/lib/armv7e-m/fpu/libg.a(lib_a-vfprintf.o)
 *fill*         0x0800b236        0x2 
 .rodata.zeroes.7073
                0x0800b238       0x10 /home/kedou/Project/OpenRE/Tools/gcc-arm-none-eabi-5_4-2016q2/bin/../lib/gcc/arm-none-eabi/5.4.1/../../../../arm-none-eabi/lib/armv7e-m/fpu/libg.a(lib_a-vfprintf.o)
 .rodata.str1.4
                0x0800b248       0x10 /home/kedou/Project/OpenRE/Tools/gcc-arm-none-eabi-5_4-2016q2/bin/../lib/gcc/arm-none-eabi/5.4.1/../../../../arm-none-eabi/lib/armv7e-m/fpu/libg.a(lib_a-dtoa.o)
                                 0x12 (size before relaxing)
 .rodata.str1.4
                0x0800b258        0x2 /home/kedou/Project/OpenRE/Tools/gcc-arm-none-eabi-5_4-2016q2/bin/../lib/gcc/arm-none-eabi/5.4.1/../../../../arm-none-eabi/lib/armv7e-m/fpu/libg.a(lib_a-impure.o)
 *fill*         0x0800b25a        0x2 
 .rodata.str1.4
                0x0800b25c        0xc /home/kedou/Project/OpenRE/Tools/gcc-arm-none-eabi-5_4-2016q2/bin/../lib/gcc/arm-none-eabi/5.4.1/../../../../arm-none-eabi/lib/armv7e-m/fpu/libg.a(lib_a-locale.o)
                                 0x12 (size before relaxing)
 .rodata.p05.5398
                0x0800b268        0xc /home/kedou/Project/OpenRE/Tools/gcc-arm-none-eabi-5_4-2016q2/bin/../lib/gcc/arm-none-eabi/5.4.1/../../../../arm-none-eabi/lib/armv7e-m/fpu/libg.a(lib_a-mprec.o)
 *fill*         0x0800b274        0x4 
 .rodata.__mprec_tens
                0x0800b278       0xc8 /home/kedou/Project/OpenRE/Tools/gcc-arm-none-eabi-5_4-2016q2/bin/../lib/gcc/arm-none-eabi/5.4.1/../../../../arm-none-eabi/lib/armv7e-m/fpu/libg.a(lib_a-mprec.o)
                0x0800b278                __mprec_tens
 .rodata.__mprec_bigtens
                0x0800b340       0x28 /home/kedou/Project/OpenRE/Tools/gcc-arm-none-eabi-5_4-2016q2/bin/../lib/gcc/arm-none-eabi/5.4.1/../../../../arm-none-eabi/lib/armv7e-m/fpu/libg.a(lib_a-mprec.o)
                0x0800b340                __mprec_bigtens
 *(.glue_7)
 .glue_7        0x0800b368        0x0 linker stubs
 *(.glue_7t)
 .glue_7t       0x0800b368        0x0 linker stubs
 *(.eh_frame)
 *(.init)
 *(.fini)
                0x0800b368                . = ALIGN (0x4)
                0x0800b368                _etext = .

.vfp11_veneer   0x0800b368        0x0
 .vfp11_veneer  0x0800b368        0x0 linker stubs

.v4_bx          0x0800b368        0x0
 .v4_bx         0x0800b368        0x0 linker stubs

.iplt           0x0800b368        0x0
 .iplt          0x0800b368        0x0 ../../../../1_Processor/STM32F4/STM32F4-Discovery_FW_V1.1.0/Libraries/CMSIS/ST/STM32F4xx/Source/Templates/gcc_ride7/startup_stm32f4xx.o

.ARM.extab
 *(.ARM.extab* .gnu.linkonce.armextab.*)

.ARM            0x0800b368        0x8
                0x0800b368                __exidx_start = .
 *(.ARM.exidx*)
 .ARM.exidx     0x0800b368        0x8 /home/kedou/Project/OpenRE/Tools/gcc-arm-none-eabi-5_4-2016q2/bin/../lib/gcc/arm-none-eabi/5.4.1/armv7e-m/fpu/libgcc.a(_udivmoddi4.o)
                0x0800b370                __exidx_end = .

.rel.dyn        0x0800b370        0x0
 .rel.iplt      0x0800b370        0x0 ../../../../1_Processor/STM32F4/STM32F4-Discovery_FW_V1.1.0/Libraries/CMSIS/ST/STM32F4xx/Source/Templates/gcc_ride7/startup_stm32f4xx.o

.preinit_array  0x0800b370        0x0
                [!provide]                PROVIDE (__preinit_array_start, .)
 *(.preinit_array*)
                [!provide]                PROVIDE (__preinit_array_end, .)

.init_array     0x0800b370        0x4
                [!provide]                PROVIDE (__init_array_start, .)
 *(SORT(.init_array.*))
 *(.init_array*)
 .init_array    0x0800b370        0x4 ../../../../1_Processor/BoardAbstract/control_unit_v1.o
                [!provide]                PROVIDE (__init_array_end, .)

.fini_array     0x0800b374        0x0
                [!provide]                PROVIDE (__fini_array_start, .)
 *(.fini_array*)
 *(SORT(.fini_array.*))
                [!provide]                PROVIDE (__fini_array_end, .)
                0x0800b374                _sidata = .

.data           0x20000000      0x8c4 load address 0x0800b374
                0x20000000                . = ALIGN (0x4)
                0x20000000                _sdata = .
 *(.data)
 .data          0x20000000       0x14 ../../../../1_Processor/STM32F4/STM32F4-Discovery_FW_V1.1.0/Libraries/CMSIS/ST/STM32F4xx/Source/Templates/system_stm32f4xx.o
                0x20000000                SystemCoreClock
                0x20000004                AHBPrescTable
 .data          0x20000014       0x10 ../../../../1_Processor/STM32F4/STM32F4-Discovery_FW_V1.1.0/Libraries/STM32F4xx_StdPeriph_Driver/src/stm32f4xx_rcc.o
 *(.data*)
 *fill*         0x20000024        0x4 
 .data.impure_data
                0x20000028      0x428 /home/kedou/Project/OpenRE/Tools/gcc-arm-none-eabi-5_4-2016q2/bin/../lib/gcc/arm-none-eabi/5.4.1/../../../../arm-none-eabi/lib/armv7e-m/fpu/libg.a(lib_a-impure.o)
 .data._impure_ptr
                0x20000450        0x4 /home/kedou/Project/OpenRE/Tools/gcc-arm-none-eabi-5_4-2016q2/bin/../lib/gcc/arm-none-eabi/5.4.1/../../../../arm-none-eabi/lib/armv7e-m/fpu/libg.a(lib_a-impure.o)
                0x20000450                _impure_ptr
 .data.lconv    0x20000454       0x38 /home/kedou/Project/OpenRE/Tools/gcc-arm-none-eabi-5_4-2016q2/bin/../lib/gcc/arm-none-eabi/5.4.1/../../../../arm-none-eabi/lib/armv7e-m/fpu/libg.a(lib_a-locale.o)
 .data.lc_ctype_charset
                0x2000048c       0x20 /home/kedou/Project/OpenRE/Tools/gcc-arm-none-eabi-5_4-2016q2/bin/../lib/gcc/arm-none-eabi/5.4.1/../../../../arm-none-eabi/lib/armv7e-m/fpu/libg.a(lib_a-locale.o)
 .data.__mb_cur_max
                0x200004ac        0x4 /home/kedou/Project/OpenRE/Tools/gcc-arm-none-eabi-5_4-2016q2/bin/../lib/gcc/arm-none-eabi/5.4.1/../../../../arm-none-eabi/lib/armv7e-m/fpu/libg.a(lib_a-locale.o)
                0x200004ac                __mb_cur_max
 .data.__malloc_av_
                0x200004b0      0x408 /home/kedou/Project/OpenRE/Tools/gcc-arm-none-eabi-5_4-2016q2/bin/../lib/gcc/arm-none-eabi/5.4.1/../../../../arm-none-eabi/lib/armv7e-m/fpu/libg.a(lib_a-mallocr.o)
                0x200004b0                __malloc_av_
 .data.__malloc_trim_threshold
                0x200008b8        0x4 /home/kedou/Project/OpenRE/Tools/gcc-arm-none-eabi-5_4-2016q2/bin/../lib/gcc/arm-none-eabi/5.4.1/../../../../arm-none-eabi/lib/armv7e-m/fpu/libg.a(lib_a-mallocr.o)
                0x200008b8                __malloc_trim_threshold
 .data.__malloc_sbrk_base
                0x200008bc        0x4 /home/kedou/Project/OpenRE/Tools/gcc-arm-none-eabi-5_4-2016q2/bin/../lib/gcc/arm-none-eabi/5.4.1/../../../../arm-none-eabi/lib/armv7e-m/fpu/libg.a(lib_a-mallocr.o)
                0x200008bc                __malloc_sbrk_base
 .data.__wctomb
                0x200008c0        0x4 /home/kedou/Project/OpenRE/Tools/gcc-arm-none-eabi-5_4-2016q2/bin/../lib/gcc/arm-none-eabi/5.4.1/../../../../arm-none-eabi/lib/armv7e-m/fpu/libg.a(lib_a-wctomb_r.o)
                0x200008c0                __wctomb
                0x200008c4                . = ALIGN (0x4)
                0x200008c4                _edata = .

.igot.plt       0x200008c4        0x0 load address 0x0800bc38
 .igot.plt      0x200008c4        0x0 ../../../../1_Processor/STM32F4/STM32F4-Discovery_FW_V1.1.0/Libraries/CMSIS/ST/STM32F4xx/Source/Templates/gcc_ride7/startup_stm32f4xx.o
                0x200008c4                . = ALIGN (0x4)

.bss            0x200008c4      0x170 load address 0x0800bc38
                0x200008c4                _sbss = .
                0x200008c4                __bss_start__ = _sbss
 *(.bss)
 .bss           0x200008c4       0x84 ../../../../1_Processor/STM32F4/BSPLIB/adc_dac.o
                0x200008c4                ADC_EN_NUM
                0x200008c8                ADC_Sample_Value
 .bss           0x20000948        0xc ../../../../1_Processor/STM32F4/BSPLIB/delay.o
                0x20000948                fac_us
                0x2000094a                fac_ms
                0x2000094c                M_time
 .bss           0x20000954       0x28 ../../../../1_Processor/STM32F4/BSPLIB/pwm_in.o
                0x20000954                PWM_Input_CH
 .bss           0x2000097c       0x20 ../../../../1_Processor/STM32F4/BSPLIB/pwm_out.o
                0x2000097c                pwm_out_data_r
 .bss           0x2000099c        0x8 ../../../../1_Processor/STM32F4/BSPLIB/rtc.o
                0x2000099c                calendar_r
 .bss           0x200009a4        0x8 ../../../../1_Processor/STM32F4/BSPLIB/usart.o
                0x200009a8                __env
 .bss           0x200009ac       0x50 ../../../../1_Processor/BoardAbstract/control_unit_v1.o
                0x200009ac                board
 *(.bss*)
 .bss.__malloc_max_total_mem
                0x200009fc        0x4 /home/kedou/Project/OpenRE/Tools/gcc-arm-none-eabi-5_4-2016q2/bin/../lib/gcc/arm-none-eabi/5.4.1/../../../../arm-none-eabi/lib/armv7e-m/fpu/libg.a(lib_a-mallocr.o)
                0x200009fc                __malloc_max_total_mem
 .bss.__malloc_max_sbrked_mem
                0x20000a00        0x4 /home/kedou/Project/OpenRE/Tools/gcc-arm-none-eabi-5_4-2016q2/bin/../lib/gcc/arm-none-eabi/5.4.1/../../../../arm-none-eabi/lib/armv7e-m/fpu/libg.a(lib_a-mallocr.o)
                0x20000a00                __malloc_max_sbrked_mem
 .bss.__malloc_top_pad
                0x20000a04        0x4 /home/kedou/Project/OpenRE/Tools/gcc-arm-none-eabi-5_4-2016q2/bin/../lib/gcc/arm-none-eabi/5.4.1/../../../../arm-none-eabi/lib/armv7e-m/fpu/libg.a(lib_a-mallocr.o)
                0x20000a04                __malloc_top_pad
 .bss.__malloc_current_mallinfo
                0x20000a08       0x28 /home/kedou/Project/OpenRE/Tools/gcc-arm-none-eabi-5_4-2016q2/bin/../lib/gcc/arm-none-eabi/5.4.1/../../../../arm-none-eabi/lib/armv7e-m/fpu/libg.a(lib_a-mallocr.o)
                0x20000a08                __malloc_current_mallinfo
 *(COMMON)
 COMMON         0x20000a30        0x4 /home/kedou/Project/OpenRE/Tools/gcc-arm-none-eabi-5_4-2016q2/bin/../lib/gcc/arm-none-eabi/5.4.1/../../../../arm-none-eabi/lib/armv7e-m/fpu/libg.a(lib_a-reent.o)
                0x20000a30                errno
                0x20000a34                . = ALIGN (0x4)
                0x20000a34                _ebss = .
                0x20000a34                __bss_end__ = _ebss

._user_heap_stack
                0x20000a34      0x400 load address 0x0800bda8
                0x20000a34                . = ALIGN (0x4)
                [!provide]                PROVIDE (end, .)
                [!provide]                PROVIDE (_end, .)
                0x20000a34                . = (. + _Min_Heap_Size)
                0x20000e34                . = (. + _Min_Stack_Size)
 *fill*         0x20000a34      0x400 
                0x20000e34                . = ALIGN (0x4)

.memory_b1_text
 *(.mb1text)
 *(.mb1text*)
 *(.mb1rodata)
 *(.mb1rodata*)

/DISCARD/
 libc.a(*)
 libm.a(*)
 libgcc.a(*)

.ARM.attributes
                0x00000000       0x35
 *(.ARM.attributes)
 .ARM.attributes
                0x00000000       0x21 ../../../../1_Processor/STM32F4/STM32F4-Discovery_FW_V1.1.0/Libraries/CMSIS/ST/STM32F4xx/Source/Templates/gcc_ride7/startup_stm32f4xx.o
 .ARM.attributes
                0x00000021       0x39 ../../../../1_Processor/STM32F4/STM32F4-Discovery_FW_V1.1.0/Libraries/CMSIS/ST/STM32F4xx/Source/Templates/system_stm32f4xx.o
 .ARM.attributes
                0x0000005a       0x39 ../../../../1_Processor/STM32F4/STM32F4-Discovery_FW_V1.1.0/Libraries/STM32F4xx_StdPeriph_Driver/src/misc.o
 .ARM.attributes
                0x00000093       0x39 ../../../../1_Processor/STM32F4/STM32F4-Discovery_FW_V1.1.0/Libraries/STM32F4xx_StdPeriph_Driver/src/stm32f4xx_adc.o
 .ARM.attributes
                0x000000cc       0x39 ../../../../1_Processor/STM32F4/STM32F4-Discovery_FW_V1.1.0/Libraries/STM32F4xx_StdPeriph_Driver/src/stm32f4xx_dac.o
 .ARM.attributes
                0x00000105       0x39 ../../../../1_Processor/STM32F4/STM32F4-Discovery_FW_V1.1.0/Libraries/STM32F4xx_StdPeriph_Driver/src/stm32f4xx_dma.o
 .ARM.attributes
                0x0000013e       0x39 ../../../../1_Processor/STM32F4/STM32F4-Discovery_FW_V1.1.0/Libraries/STM32F4xx_StdPeriph_Driver/src/stm32f4xx_exti.o
 .ARM.attributes
                0x00000177       0x39 ../../../../1_Processor/STM32F4/STM32F4-Discovery_FW_V1.1.0/Libraries/STM32F4xx_StdPeriph_Driver/src/stm32f4xx_gpio.o
 .ARM.attributes
                0x000001b0       0x39 ../../../../1_Processor/STM32F4/STM32F4-Discovery_FW_V1.1.0/Libraries/STM32F4xx_StdPeriph_Driver/src/stm32f4xx_pwr.o
 .ARM.attributes
                0x000001e9       0x39 ../../../../1_Processor/STM32F4/STM32F4-Discovery_FW_V1.1.0/Libraries/STM32F4xx_StdPeriph_Driver/src/stm32f4xx_rcc.o
 .ARM.attributes
                0x00000222       0x39 ../../../../1_Processor/STM32F4/STM32F4-Discovery_FW_V1.1.0/Libraries/STM32F4xx_StdPeriph_Driver/src/stm32f4xx_rtc.o
 .ARM.attributes
                0x0000025b       0x39 ../../../../1_Processor/STM32F4/STM32F4-Discovery_FW_V1.1.0/Libraries/STM32F4xx_StdPeriph_Driver/src/stm32f4xx_syscfg.o
 .ARM.attributes
                0x00000294       0x39 ../../../../1_Processor/STM32F4/STM32F4-Discovery_FW_V1.1.0/Libraries/STM32F4xx_StdPeriph_Driver/src/stm32f4xx_tim.o
 .ARM.attributes
                0x000002cd       0x39 ../../../../1_Processor/STM32F4/STM32F4-Discovery_FW_V1.1.0/Libraries/STM32F4xx_StdPeriph_Driver/src/stm32f4xx_usart.o
 .ARM.attributes
                0x00000306       0x39 ../../../../1_Processor/STM32F4/BSPLIB/adc_dac.o
 .ARM.attributes
                0x0000033f       0x39 ../../../../1_Processor/STM32F4/BSPLIB/delay.o
 .ARM.attributes
                0x00000378       0x39 ../../../../1_Processor/STM32F4/BSPLIB/encoder.o
 .ARM.attributes
                0x000003b1       0x39 ../../../../1_Processor/STM32F4/BSPLIB/i2c.o
 .ARM.attributes
                0x000003ea       0x39 ../../../../1_Processor/STM32F4/BSPLIB/nvic.o
 .ARM.attributes
                0x00000423       0x39 ../../../../1_Processor/STM32F4/BSPLIB/pwm_in.o
 .ARM.attributes
                0x0000045c       0x39 ../../../../1_Processor/STM32F4/BSPLIB/pwm_out.o
 .ARM.attributes
                0x00000495       0x39 ../../../../1_Processor/STM32F4/BSPLIB/rtc.o
 .ARM.attributes
                0x000004ce       0x39 ../../../../1_Processor/STM32F4/BSPLIB/timer.o
 .ARM.attributes
                0x00000507       0x39 ../../../../1_Processor/STM32F4/BSPLIB/usart.o
 .ARM.attributes
                0x00000540       0x39 ../src/main.o
 .ARM.attributes
                0x00000579       0x39 ../src/stm32f4xx_it.o
 .ARM.attributes
                0x000005b2       0x39 ../../../../1_Processor/BoardAbstract/control_unit_v1.o
 .ARM.attributes
                0x000005eb       0x20 /home/kedou/Project/OpenRE/Tools/gcc-arm-none-eabi-5_4-2016q2/bin/../lib/gcc/arm-none-eabi/5.4.1/../../../../arm-none-eabi/lib/armv7e-m/fpu/libg.a(lib_a-memcpy.o)
 .ARM.attributes
                0x0000060b       0x34 /home/kedou/Project/OpenRE/Tools/gcc-arm-none-eabi-5_4-2016q2/bin/../lib/gcc/arm-none-eabi/5.4.1/../../../../arm-none-eabi/lib/armv7e-m/fpu/libg.a(lib_a-printf.o)
 .ARM.attributes
                0x0000063f       0x34 /home/kedou/Project/OpenRE/Tools/gcc-arm-none-eabi-5_4-2016q2/bin/../lib/gcc/arm-none-eabi/5.4.1/../../../../arm-none-eabi/lib/armv7e-m/fpu/libg.a(lib_a-puts.o)
 .ARM.attributes
                0x00000673       0x34 /home/kedou/Project/OpenRE/Tools/gcc-arm-none-eabi-5_4-2016q2/bin/../lib/gcc/arm-none-eabi/5.4.1/../../../../arm-none-eabi/lib/armv7e-m/fpu/libg.a(lib_a-reent.o)
 .ARM.attributes
                0x000006a7       0x20 /home/kedou/Project/OpenRE/Tools/gcc-arm-none-eabi-5_4-2016q2/bin/../lib/gcc/arm-none-eabi/5.4.1/../../../../arm-none-eabi/lib/armv7e-m/fpu/libg.a(lib_a-strlen.o)
 .ARM.attributes
                0x000006c7       0x34 /home/kedou/Project/OpenRE/Tools/gcc-arm-none-eabi-5_4-2016q2/bin/../lib/gcc/arm-none-eabi/5.4.1/../../../../arm-none-eabi/lib/armv7e-m/fpu/libg.a(lib_a-vfprintf.o)
 .ARM.attributes
                0x000006fb       0x34 /home/kedou/Project/OpenRE/Tools/gcc-arm-none-eabi-5_4-2016q2/bin/../lib/gcc/arm-none-eabi/5.4.1/../../../../arm-none-eabi/lib/armv7e-m/fpu/libg.a(lib_a-wsetup.o)
 .ARM.attributes
                0x0000072f       0x34 /home/kedou/Project/OpenRE/Tools/gcc-arm-none-eabi-5_4-2016q2/bin/../lib/gcc/arm-none-eabi/5.4.1/../../../../arm-none-eabi/lib/armv7e-m/fpu/libg.a(lib_a-dtoa.o)
 .ARM.attributes
                0x00000763       0x34 /home/kedou/Project/OpenRE/Tools/gcc-arm-none-eabi-5_4-2016q2/bin/../lib/gcc/arm-none-eabi/5.4.1/../../../../arm-none-eabi/lib/armv7e-m/fpu/libg.a(lib_a-fflush.o)
 .ARM.attributes
                0x00000797       0x34 /home/kedou/Project/OpenRE/Tools/gcc-arm-none-eabi-5_4-2016q2/bin/../lib/gcc/arm-none-eabi/5.4.1/../../../../arm-none-eabi/lib/armv7e-m/fpu/libg.a(lib_a-findfp.o)
 .ARM.attributes
                0x000007cb       0x34 /home/kedou/Project/OpenRE/Tools/gcc-arm-none-eabi-5_4-2016q2/bin/../lib/gcc/arm-none-eabi/5.4.1/../../../../arm-none-eabi/lib/armv7e-m/fpu/libg.a(lib_a-freer.o)
 .ARM.attributes
                0x000007ff       0x34 /home/kedou/Project/OpenRE/Tools/gcc-arm-none-eabi-5_4-2016q2/bin/../lib/gcc/arm-none-eabi/5.4.1/../../../../arm-none-eabi/lib/armv7e-m/fpu/libg.a(lib_a-fvwrite.o)
 .ARM.attributes
                0x00000833       0x34 /home/kedou/Project/OpenRE/Tools/gcc-arm-none-eabi-5_4-2016q2/bin/../lib/gcc/arm-none-eabi/5.4.1/../../../../arm-none-eabi/lib/armv7e-m/fpu/libg.a(lib_a-fwalk.o)
 .ARM.attributes
                0x00000867       0x34 /home/kedou/Project/OpenRE/Tools/gcc-arm-none-eabi-5_4-2016q2/bin/../lib/gcc/arm-none-eabi/5.4.1/../../../../arm-none-eabi/lib/armv7e-m/fpu/libg.a(lib_a-impure.o)
 .ARM.attributes
                0x0000089b       0x34 /home/kedou/Project/OpenRE/Tools/gcc-arm-none-eabi-5_4-2016q2/bin/../lib/gcc/arm-none-eabi/5.4.1/../../../../arm-none-eabi/lib/armv7e-m/fpu/libg.a(lib_a-locale.o)
 .ARM.attributes
                0x000008cf       0x34 /home/kedou/Project/OpenRE/Tools/gcc-arm-none-eabi-5_4-2016q2/bin/../lib/gcc/arm-none-eabi/5.4.1/../../../../arm-none-eabi/lib/armv7e-m/fpu/libg.a(lib_a-makebuf.o)
 .ARM.attributes
                0x00000903       0x34 /home/kedou/Project/OpenRE/Tools/gcc-arm-none-eabi-5_4-2016q2/bin/../lib/gcc/arm-none-eabi/5.4.1/../../../../arm-none-eabi/lib/armv7e-m/fpu/libg.a(lib_a-mallocr.o)
 .ARM.attributes
                0x00000937       0x20 /home/kedou/Project/OpenRE/Tools/gcc-arm-none-eabi-5_4-2016q2/bin/../lib/gcc/arm-none-eabi/5.4.1/../../../../arm-none-eabi/lib/armv7e-m/fpu/libg.a(lib_a-memchr.o)
 .ARM.attributes
                0x00000957       0x34 /home/kedou/Project/OpenRE/Tools/gcc-arm-none-eabi-5_4-2016q2/bin/../lib/gcc/arm-none-eabi/5.4.1/../../../../arm-none-eabi/lib/armv7e-m/fpu/libg.a(lib_a-memmove.o)
 .ARM.attributes
                0x0000098b       0x34 /home/kedou/Project/OpenRE/Tools/gcc-arm-none-eabi-5_4-2016q2/bin/../lib/gcc/arm-none-eabi/5.4.1/../../../../arm-none-eabi/lib/armv7e-m/fpu/libg.a(lib_a-memset.o)
 .ARM.attributes
                0x000009bf       0x34 /home/kedou/Project/OpenRE/Tools/gcc-arm-none-eabi-5_4-2016q2/bin/../lib/gcc/arm-none-eabi/5.4.1/../../../../arm-none-eabi/lib/armv7e-m/fpu/libg.a(lib_a-mlock.o)
 .ARM.attributes
                0x000009f3       0x34 /home/kedou/Project/OpenRE/Tools/gcc-arm-none-eabi-5_4-2016q2/bin/../lib/gcc/arm-none-eabi/5.4.1/../../../../arm-none-eabi/lib/armv7e-m/fpu/libg.a(lib_a-mprec.o)
 .ARM.attributes
                0x00000a27       0x34 /home/kedou/Project/OpenRE/Tools/gcc-arm-none-eabi-5_4-2016q2/bin/../lib/gcc/arm-none-eabi/5.4.1/../../../../arm-none-eabi/lib/armv7e-m/fpu/libg.a(lib_a-reallocr.o)
 .ARM.attributes
                0x00000a5b       0x34 /home/kedou/Project/OpenRE/Tools/gcc-arm-none-eabi-5_4-2016q2/bin/../lib/gcc/arm-none-eabi/5.4.1/../../../../arm-none-eabi/lib/armv7e-m/fpu/libg.a(lib_a-sbrkr.o)
 .ARM.attributes
                0x00000a8f       0x34 /home/kedou/Project/OpenRE/Tools/gcc-arm-none-eabi-5_4-2016q2/bin/../lib/gcc/arm-none-eabi/5.4.1/../../../../arm-none-eabi/lib/armv7e-m/fpu/libg.a(lib_a-stdio.o)
 .ARM.attributes
                0x00000ac3       0x34 /home/kedou/Project/OpenRE/Tools/gcc-arm-none-eabi-5_4-2016q2/bin/../lib/gcc/arm-none-eabi/5.4.1/../../../../arm-none-eabi/lib/armv7e-m/fpu/libg.a(lib_a-vfiprintf.o)
 .ARM.attributes
                0x00000af7       0x34 /home/kedou/Project/OpenRE/Tools/gcc-arm-none-eabi-5_4-2016q2/bin/../lib/gcc/arm-none-eabi/5.4.1/../../../../arm-none-eabi/lib/armv7e-m/fpu/libg.a(lib_a-writer.o)
 .ARM.attributes
                0x00000b2b       0x34 /home/kedou/Project/OpenRE/Tools/gcc-arm-none-eabi-5_4-2016q2/bin/../lib/gcc/arm-none-eabi/5.4.1/../../../../arm-none-eabi/lib/armv7e-m/fpu/libg.a(lib_a-callocr.o)
 .ARM.attributes
                0x00000b5f       0x34 /home/kedou/Project/OpenRE/Tools/gcc-arm-none-eabi-5_4-2016q2/bin/../lib/gcc/arm-none-eabi/5.4.1/../../../../arm-none-eabi/lib/armv7e-m/fpu/libg.a(lib_a-closer.o)
 .ARM.attributes
                0x00000b93       0x34 /home/kedou/Project/OpenRE/Tools/gcc-arm-none-eabi-5_4-2016q2/bin/../lib/gcc/arm-none-eabi/5.4.1/../../../../arm-none-eabi/lib/armv7e-m/fpu/libg.a(lib_a-fclose.o)
 .ARM.attributes
                0x00000bc7       0x34 /home/kedou/Project/OpenRE/Tools/gcc-arm-none-eabi-5_4-2016q2/bin/../lib/gcc/arm-none-eabi/5.4.1/../../../../arm-none-eabi/lib/armv7e-m/fpu/libg.a(lib_a-fputwc.o)
 .ARM.attributes
                0x00000bfb       0x34 /home/kedou/Project/OpenRE/Tools/gcc-arm-none-eabi-5_4-2016q2/bin/../lib/gcc/arm-none-eabi/5.4.1/../../../../arm-none-eabi/lib/armv7e-m/fpu/libg.a(lib_a-fstatr.o)
 .ARM.attributes
                0x00000c2f       0x34 /home/kedou/Project/OpenRE/Tools/gcc-arm-none-eabi-5_4-2016q2/bin/../lib/gcc/arm-none-eabi/5.4.1/../../../../arm-none-eabi/lib/armv7e-m/fpu/libg.a(lib_a-isattyr.o)
 .ARM.attributes
                0x00000c63       0x34 /home/kedou/Project/OpenRE/Tools/gcc-arm-none-eabi-5_4-2016q2/bin/../lib/gcc/arm-none-eabi/5.4.1/../../../../arm-none-eabi/lib/armv7e-m/fpu/libg.a(lib_a-lseekr.o)
 .ARM.attributes
                0x00000c97       0x34 /home/kedou/Project/OpenRE/Tools/gcc-arm-none-eabi-5_4-2016q2/bin/../lib/gcc/arm-none-eabi/5.4.1/../../../../arm-none-eabi/lib/armv7e-m/fpu/libg.a(lib_a-readr.o)
 .ARM.attributes
                0x00000ccb       0x34 /home/kedou/Project/OpenRE/Tools/gcc-arm-none-eabi-5_4-2016q2/bin/../lib/gcc/arm-none-eabi/5.4.1/../../../../arm-none-eabi/lib/armv7e-m/fpu/libg.a(lib_a-wbuf.o)
 .ARM.attributes
                0x00000cff       0x34 /home/kedou/Project/OpenRE/Tools/gcc-arm-none-eabi-5_4-2016q2/bin/../lib/gcc/arm-none-eabi/5.4.1/../../../../arm-none-eabi/lib/armv7e-m/fpu/libg.a(lib_a-wcrtomb.o)
 .ARM.attributes
                0x00000d33       0x34 /home/kedou/Project/OpenRE/Tools/gcc-arm-none-eabi-5_4-2016q2/bin/../lib/gcc/arm-none-eabi/5.4.1/../../../../arm-none-eabi/lib/armv7e-m/fpu/libg.a(lib_a-wctomb_r.o)
 .ARM.attributes
                0x00000d67       0x22 /home/kedou/Project/OpenRE/Tools/gcc-arm-none-eabi-5_4-2016q2/bin/../lib/gcc/arm-none-eabi/5.4.1/armv7e-m/fpu/libgcc.a(_arm_addsubdf3.o)
 .ARM.attributes
                0x00000d89       0x22 /home/kedou/Project/OpenRE/Tools/gcc-arm-none-eabi-5_4-2016q2/bin/../lib/gcc/arm-none-eabi/5.4.1/armv7e-m/fpu/libgcc.a(_arm_muldivdf3.o)
 .ARM.attributes
                0x00000dab       0x22 /home/kedou/Project/OpenRE/Tools/gcc-arm-none-eabi-5_4-2016q2/bin/../lib/gcc/arm-none-eabi/5.4.1/armv7e-m/fpu/libgcc.a(_arm_cmpdf2.o)
 .ARM.attributes
                0x00000dcd       0x22 /home/kedou/Project/OpenRE/Tools/gcc-arm-none-eabi-5_4-2016q2/bin/../lib/gcc/arm-none-eabi/5.4.1/armv7e-m/fpu/libgcc.a(_arm_unorddf2.o)
 .ARM.attributes
                0x00000def       0x22 /home/kedou/Project/OpenRE/Tools/gcc-arm-none-eabi-5_4-2016q2/bin/../lib/gcc/arm-none-eabi/5.4.1/armv7e-m/fpu/libgcc.a(_arm_fixdfsi.o)
 .ARM.attributes
                0x00000e11       0x22 /home/kedou/Project/OpenRE/Tools/gcc-arm-none-eabi-5_4-2016q2/bin/../lib/gcc/arm-none-eabi/5.4.1/armv7e-m/fpu/libgcc.a(_aeabi_uldivmod.o)
 .ARM.attributes
                0x00000e33       0x34 /home/kedou/Project/OpenRE/Tools/gcc-arm-none-eabi-5_4-2016q2/bin/../lib/gcc/arm-none-eabi/5.4.1/armv7e-m/fpu/libgcc.a(_udivmoddi4.o)
 .ARM.attributes
                0x00000e67       0x22 /home/kedou/Project/OpenRE/Tools/gcc-arm-none-eabi-5_4-2016q2/bin/../lib/gcc/arm-none-eabi/5.4.1/armv7e-m/fpu/libgcc.a(_dvmd_tls.o)
OUTPUT(stm32f4_Template_NO_RTOS_CONTROL_UNIT_V1.elf elf32-littlearm)

.debug_line     0x00000000     0x6178
 .debug_line    0x00000000       0xe3 ../../../../1_Processor/STM32F4/STM32F4-Discovery_FW_V1.1.0/Libraries/CMSIS/ST/STM32F4xx/Source/Templates/gcc_ride7/startup_stm32f4xx.o
 .debug_line    0x000000e3      0x29f ../../../../1_Processor/STM32F4/STM32F4-Discovery_FW_V1.1.0/Libraries/CMSIS/ST/STM32F4xx/Source/Templates/system_stm32f4xx.o
 .debug_line    0x00000382      0x2dd ../../../../1_Processor/STM32F4/STM32F4-Discovery_FW_V1.1.0/Libraries/STM32F4xx_StdPeriph_Driver/src/misc.o
 .debug_line    0x0000065f      0x429 ../../../../1_Processor/STM32F4/STM32F4-Discovery_FW_V1.1.0/Libraries/STM32F4xx_StdPeriph_Driver/src/stm32f4xx_adc.o
 .debug_line    0x00000a88      0x351 ../../../../1_Processor/STM32F4/STM32F4-Discovery_FW_V1.1.0/Libraries/STM32F4xx_StdPeriph_Driver/src/stm32f4xx_dac.o
 .debug_line    0x00000dd9      0x3b1 ../../../../1_Processor/STM32F4/STM32F4-Discovery_FW_V1.1.0/Libraries/STM32F4xx_StdPeriph_Driver/src/stm32f4xx_dma.o
 .debug_line    0x0000118a      0x306 ../../../../1_Processor/STM32F4/STM32F4-Discovery_FW_V1.1.0/Libraries/STM32F4xx_StdPeriph_Driver/src/stm32f4xx_exti.o
 .debug_line    0x00001490      0x364 ../../../../1_Processor/STM32F4/STM32F4-Discovery_FW_V1.1.0/Libraries/STM32F4xx_StdPeriph_Driver/src/stm32f4xx_gpio.o