Archive member included to satisfy reference by file (symbol)

/home/kedou/Project/OpenRE/Tools/gcc-arm-none-eabi-5_4-2016q2/bin/../lib/gcc/arm-none-eabi/5.4.1/../../../../arm-none-eabi/lib/armv7e-m/fpu/libm.a(lib_a-s_cos.o)
                              ../../../../2_Package/math/base_math_trigonometric.o (cos)
/home/kedou/Project/OpenRE/Tools/gcc-arm-none-eabi-5_4-2016q2/bin/../lib/gcc/arm-none-eabi/5.4.1/../../../../arm-none-eabi/lib/armv7e-m/fpu/libm.a(lib_a-s_sin.o)
                              ../../../../2_Package/math/base_math_trigonometric.o (sin)
/home/kedou/Project/OpenRE/Tools/gcc-arm-none-eabi-5_4-2016q2/bin/../lib/gcc/arm-none-eabi/5.4.1/../../../../arm-none-eabi/lib/armv7e-m/fpu/libm.a(lib_a-s_tan.o)
                              ../../../../2_Package/math/base_math_trigonometric.o (tan)
/home/kedou/Project/OpenRE/Tools/gcc-arm-none-eabi-5_4-2016q2/bin/../lib/gcc/arm-none-eabi/5.4.1/../../../../arm-none-eabi/lib/armv7e-m/fpu/libm.a(lib_a-w_acos.o)
                              ../../../../2_Package/math/base_math_trigonometric.o (acos)
/home/kedou/Project/OpenRE/Tools/gcc-arm-none-eabi-5_4-2016q2/bin/../lib/gcc/arm-none-eabi/5.4.1/../../../../arm-none-eabi/lib/armv7e-m/fpu/libm.a(lib_a-w_asin.o)
                              ../../../../2_Package/math/base_math_trigonometric.o (asin)
/home/kedou/Project/OpenRE/Tools/gcc-arm-none-eabi-5_4-2016q2/bin/../lib/gcc/arm-none-eabi/5.4.1/../../../../arm-none-eabi/lib/armv7e-m/fpu/libm.a(lib_a-w_atan2.o)
                              ../../../../2_Package/math/base_math_trigonometric.o (atan2)
/home/kedou/Project/OpenRE/Tools/gcc-arm-none-eabi-5_4-2016q2/bin/../lib/gcc/arm-none-eabi/5.4.1/../../../../arm-none-eabi/lib/armv7e-m/fpu/libm.a(lib_a-w_pow.o)
                              ../../../../2_Package/imu/bmp085.o (pow)
/home/kedou/Project/OpenRE/Tools/gcc-arm-none-eabi-5_4-2016q2/bin/../lib/gcc/arm-none-eabi/5.4.1/../../../../arm-none-eabi/lib/armv7e-m/fpu/libm.a(lib_a-e_acos.o)
                              /home/kedou/Project/OpenRE/Tools/gcc-arm-none-eabi-5_4-2016q2/bin/../lib/gcc/arm-none-eabi/5.4.1/../../../../arm-none-eabi/lib/armv7e-m/fpu/libm.a(lib_a-w_acos.o) (__ieee754_acos)
/home/kedou/Project/OpenRE/Tools/gcc-arm-none-eabi-5_4-2016q2/bin/../lib/gcc/arm-none-eabi/5.4.1/../../../../arm-none-eabi/lib/armv7e-m/fpu/libm.a(lib_a-e_asin.o)
                              /home/kedou/Project/OpenRE/Tools/gcc-arm-none-eabi-5_4-2016q2/bin/../lib/gcc/arm-none-eabi/5.4.1/../../../../arm-none-eabi/lib/armv7e-m/fpu/libm.a(lib_a-w_asin.o) (__ieee754_asin)
/home/kedou/Project/OpenRE/Tools/gcc-arm-none-eabi-5_4-2016q2/bin/../lib/gcc/arm-none-eabi/5.4.1/../../../../arm-none-eabi/lib/armv7e-m/fpu/libm.a(lib_a-e_atan2.o)
                              /home/kedou/Project/OpenRE/Tools/gcc-arm-none-eabi-5_4-2016q2/bin/../lib/gcc/arm-none-eabi/5.4.1/../../../../arm-none-eabi/lib/armv7e-m/fpu/libm.a(lib_a-w_atan2.o) (__ieee754_atan2)
/home/kedou/Project/OpenRE/Tools/gcc-arm-none-eabi-5_4-2016q2/bin/../lib/gcc/arm-none-eabi/5.4.1/../../../../arm-none-eabi/lib/armv7e-m/fpu/libm.a(lib_a-e_pow.o)
                              /home/kedou/Project/OpenRE/Tools/gcc-arm-none-eabi-5_4-2016q2/bin/../lib/gcc/arm-none-eabi/5.4.1/../../../../arm-none-eabi/lib/armv7e-m/fpu/libm.a(lib_a-w_pow.o) (__ieee754_pow)
/home/kedou/Project/OpenRE/Tools/gcc-arm-none-eabi-5_4-2016q2/bin/../lib/gcc/arm-none-eabi/5.4.1/../../../../arm-none-eabi/lib/armv7e-m/fpu/libm.a(lib_a-e_rem_pio2.o)
                              /home/kedou/Project/OpenRE/Tools/gcc-arm-none-eabi-5_4-2016q2/bin/../lib/gcc/arm-none-eabi/5.4.1/../../../../arm-none-eabi/lib/armv7e-m/fpu/libm.a(lib_a-s_cos.o) (__ieee754_rem_pio2)
/home/kedou/Project/OpenRE/Tools/gcc-arm-none-eabi-5_4-2016q2/bin/../lib/gcc/arm-none-eabi/5.4.1/../../../../arm-none-eabi/lib/armv7e-m/fpu/libm.a(lib_a-e_sqrt.o)
                              /home/kedou/Project/OpenRE/Tools/gcc-arm-none-eabi-5_4-2016q2/bin/../lib/gcc/arm-none-eabi/5.4.1/../../../../arm-none-eabi/lib/armv7e-m/fpu/libm.a(lib_a-e_acos.o) (__ieee754_sqrt)
/home/kedou/Project/OpenRE/Tools/gcc-arm-none-eabi-5_4-2016q2/bin/../lib/gcc/arm-none-eabi/5.4.1/../../../../arm-none-eabi/lib/armv7e-m/fpu/libm.a(lib_a-k_cos.o)
                              /home/kedou/Project/OpenRE/Tools/gcc-arm-none-eabi-5_4-2016q2/bin/../lib/gcc/arm-none-eabi/5.4.1/../../../../arm-none-eabi/lib/armv7e-m/fpu/libm.a(lib_a-s_cos.o) (__kernel_cos)
/home/kedou/Project/OpenRE/Tools/gcc-arm-none-eabi-5_4-2016q2/bin/../lib/gcc/arm-none-eabi/5.4.1/../../../../arm-none-eabi/lib/armv7e-m/fpu/libm.a(lib_a-k_rem_pio2.o)
                              /home/kedou/Project/OpenRE/Tools/gcc-arm-none-eabi-5_4-2016q2/bin/../lib/gcc/arm-none-eabi/5.4.1/../../../../arm-none-eabi/lib/armv7e-m/fpu/libm.a(lib_a-e_rem_pio2.o) (__kernel_rem_pio2)
/home/kedou/Project/OpenRE/Tools/gcc-arm-none-eabi-5_4-2016q2/bin/../lib/gcc/arm-none-eabi/5.4.1/../../../../arm-none-eabi/lib/armv7e-m/fpu/libm.a(lib_a-k_sin.o)
[...]
Memory Configuration

Name             Origin             Length             Attributes
FLASH            0x08000000         0x00100000         xr
RAM              0x20000000         0x00020000         xrw
CCMRAM           0x10000000         0x00010000         xrw
MEMORY_B1        0x60000000         0x00000000         xr
*default*        0x00000000         0xffffffff

Linker script and memory map

LOAD ../../../../1_Processor/STM32F4/STM32F4-Discovery_FW_V1.1.0/Libraries/CMSIS/ST/STM32F4xx/Source/Templates/gcc_ride7/startup_stm32f4xx.o
LOAD ../../../../1_Processor/STM32F4/STM32F4-Discovery_FW_V1.1.0/Libraries/CMSIS/ST/STM32F4xx/Source/Templates/system_stm32f4xx.o
LOAD ../../../../1_Processor/STM32F4/STM32F4-Discovery_FW_V1.1.0/Libraries/STM32F4xx_StdPeriph_Driver/src/misc.o
LOAD ../../../../1_Processor/STM32F4/STM32F4-Discovery_FW_V1.1.0/Libraries/STM32F4xx_StdPeriph_Driver/src/stm32f4xx_adc.o
LOAD ../../../../1_Processor/STM32F4/STM32F4-Discovery_FW_V1.1.0/Libraries/STM32F4xx_StdPeriph_Driver/src/stm32f4xx_can.o
LOAD ../../../../1_Processor/STM32F4/STM32F4-Discovery_FW_V1.1.0/Libraries/STM32F4xx_StdPeriph_Driver/src/stm32f4xx_crc.o
LOAD ../../../../1_Processor/STM32F4/STM32F4-Discovery_FW_V1.1.0/Libraries/STM32F4xx_StdPeriph_Driver/src/stm32f4xx_cryp_aes.o
LOAD ../../../../1_Processor/STM32F4/STM32F4-Discovery_FW_V1.1.0/Libraries/STM32F4xx_StdPeriph_Driver/src/stm32f4xx_cryp.o
LOAD ../../../../1_Processor/STM32F4/STM32F4-Discovery_FW_V1.1.0/Libraries/STM32F4xx_StdPeriph_Driver/src/stm32f4xx_cryp_des.o
LOAD ../../../../1_Processor/STM32F4/STM32F4-Discovery_FW_V1.1.0/Libraries/STM32F4xx_StdPeriph_Driver/src/stm32f4xx_cryp_tdes.o
LOAD ../../../../1_Processor/STM32F4/STM32F4-Discovery_FW_V1.1.0/Libraries/STM32F4xx_StdPeriph_Driver/src/stm32f4xx_dac.o
LOAD ../../../../1_Processor/STM32F4/STM32F4-Discovery_FW_V1.1.0/Libraries/STM32F4xx_StdPeriph_Driver/src/stm32f4xx_dbgmcu.o
LOAD ../../../../1_Processor/STM32F4/STM32F4-Discovery_FW_V1.1.0/Libraries/STM32F4xx_StdPeriph_Driver/src/stm32f4xx_dcmi.o
LOAD ../../../../1_Processor/STM32F4/STM32F4-Discovery_FW_V1.1.0/Libraries/STM32F4xx_StdPeriph_Driver/src/stm32f4xx_dma.o
LOAD ../../../../1_Processor/STM32F4/STM32F4-Discovery_FW_V1.1.0/Libraries/STM32F4xx_StdPeriph_Driver/src/stm32f4xx_exti.o
LOAD ../../../../1_Processor/STM32F4/STM32F4-Discovery_FW_V1.1.0/Libraries/STM32F4xx_StdPeriph_Driver/src/stm32f4xx_flash.o
LOAD ../../../../1_Processor/STM32F4/STM32F4-Discovery_FW_V1.1.0/Libraries/STM32F4xx_StdPeriph_Driver/src/stm32f4xx_fsmc.o
LOAD ../../../../1_Processor/STM32F4/STM32F4-Discovery_FW_V1.1.0/Libraries/STM32F4xx_StdPeriph_Driver/src/stm32f4xx_gpio.o
LOAD ../../../../1_Processor/STM32F4/STM32F4-Discovery_FW_V1.1.0/Libraries/STM32F4xx_StdPeriph_Driver/src/stm32f4xx_hash.o
LOAD ../../../../1_Processor/STM32F4/STM32F4-Discovery_FW_V1.1.0/Libraries/STM32F4xx_StdPeriph_Driver/src/stm32f4xx_hash_md5.o
LOAD ../../../../1_Processor/STM32F4/STM32F4-Discovery_FW_V1.1.0/Libraries/STM32F4xx_StdPeriph_Driver/src/stm32f4xx_hash_sha1.o
LOAD ../../../../1_Processor/STM32F4/STM32F4-Discovery_FW_V1.1.0/Libraries/STM32F4xx_StdPeriph_Driver/src/stm32f4xx_i2c.o
LOAD ../../../../1_Processor/STM32F4/STM32F4-Discovery_FW_V1.1.0/Libraries/STM32F4xx_StdPeriph_Driver/src/stm32f4xx_iwdg.o
LOAD ../../../../1_Processor/STM32F4/STM32F4-Discovery_FW_V1.1.0/Libraries/STM32F4xx_StdPeriph_Driver/src/stm32f4xx_pwr.o
LOAD ../../../../1_Processor/STM32F4/STM32F4-Discovery_FW_V1.1.0/Libraries/STM32F4xx_StdPeriph_Driver/src/stm32f4xx_rcc.o
LOAD ../../../../1_Processor/STM32F4/STM32F4-Discovery_FW_V1.1.0/Libraries/STM32F4xx_StdPeriph_Driver/src/stm32f4xx_rng.o
LOAD ../../../../1_Processor/STM32F4/STM32F4-Discovery_FW_V1.1.0/Libraries/STM32F4xx_StdPeriph_Driver/src/stm32f4xx_rtc.o
LOAD ../../../../1_Processor/STM32F4/STM32F4-Discovery_FW_V1.1.0/Libraries/STM32F4xx_StdPeriph_Driver/src/stm32f4xx_sdio.o
LOAD ../../../../1_Processor/STM32F4/STM32F4-Discovery_FW_V1.1.0/Libraries/STM32F4xx_StdPeriph_Driver/src/stm32f4xx_spi.o
LOAD ../../../../1_Processor/STM32F4/STM32F4-Discovery_FW_V1.1.0/Libraries/STM32F4xx_StdPeriph_Driver/src/stm32f4xx_syscfg.o
LOAD ../../../../1_Processor/STM32F4/STM32F4-Discovery_FW_V1.1.0/Libraries/STM32F4xx_StdPeriph_Driver/src/stm32f4xx_tim.o
LOAD ../../../../1_Processor/STM32F4/STM32F4-Discovery_FW_V1.1.0/Libraries/STM32F4xx_StdPeriph_Driver/src/stm32f4xx_usart.o
LOAD ../../../../1_Processor/STM32F4/STM32F4-Discovery_FW_V1.1.0/Libraries/STM32F4xx_StdPeriph_Driver/src/stm32f4xx_wwdg.o
LOAD ../../../../1_Processor/STM32F4/BSPLIB/adc_dac.o
LOAD ../../../../1_Processor/STM32F4/BSPLIB/can.o
LOAD ../../../../1_Processor/STM32F4/BSPLIB/delay.o
LOAD ../../../../1_Processor/STM32F4/BSPLIB/encoder.o
LOAD ../../../../1_Processor/STM32F4/BSPLIB/flash.o
LOAD ../../../../1_Processor/STM32F4/BSPLIB/i2c.o
LOAD ../../../../1_Processor/STM32F4/BSPLIB/nvic.o
LOAD ../../../../1_Processor/STM32F4/BSPLIB/pwm_in.o
LOAD ../../../../1_Processor/STM32F4/BSPLIB/pwm_out.o
LOAD ../../../../1_Processor/STM32F4/BSPLIB/rtc.o
LOAD ../../../../1_Processor/STM32F4/BSPLIB/spi.o
LOAD ../../../../1_Processor/STM32F4/BSPLIB/timer.o
LOAD ../../../../1_Processor/STM32F4/BSPLIB/usart.o
LOAD ../../../../1_Processor/STM32F4/BSPLIB/wdg_wkup.o
LOAD ../src/main.o
LOAD ../src/stm32f4xx_it.o
LOAD ../../../../1_Processor/BoardAbstract/control_unit_v1.o
LOAD ../../../../1_Processor/BoardAbstract/control_unit_v2.o
LOAD ../../../../2_Package/common/queue.o
LOAD ../../../../2_Package/robot_abstract/robot_abstract.o
LOAD ../../../../2_Package/math/base_math_matrix.o
LOAD ../../../../2_Package/math/base_math_top.o
LOAD ../../../../2_Package/math/base_math_trigonometric.o
LOAD ../../../../2_Package/imu/bmp085.o
LOAD ../../../../2_Package/imu/gps.o
LOAD ../../../../2_Package/imu/hmc5883l.o
LOAD ../../../../2_Package/imu/imu_top.o
LOAD ../../../../2_Package/imu/mpu6050.o
LOAD ../../../../2_Package/imu/ms611.o
LOAD ../../../../2_Package/motor/motor_control.o
LOAD ../../../../2_Package/motor/motor_top.o
LOAD ../../../../2_Package/sbus_ppm/sbus_ppm.o
LOAD ../../../../2_Package/servo/pan_tilt_head_ax.o
LOAD ../../../../2_Package/servo/servo_digital.o
LOAD ../../../../2_Package/robot_wheel/robot_wheel_top.o
LOAD ../../../../2_Package/robot_wheel/tf_2wd.o
LOAD ../../../../2_Package/robot_wheel/tf_3wd.o
LOAD ../../../../2_Package/robot_wheel/tf_4wd.o
LOAD ../../../../2_Package/hf_link/hf_link.o
LOAD ../../../../2_Package/hf_link/hf_link_port.o
LOAD /home/kedou/Project/OpenRE/Tools/gcc-arm-none-eabi-5_4-2016q2/bin/../lib/gcc/arm-none-eabi/5.4.1/../../../../arm-none-eabi/lib/armv7e-m/fpu/libm.a
START GROUP
LOAD /home/kedou/Project/OpenRE/Tools/gcc-arm-none-eabi-5_4-2016q2/bin/../lib/gcc/arm-none-eabi/5.4.1/armv7e-m/fpu/libgcc.a
LOAD /home/kedou/Project/OpenRE/Tools/gcc-arm-none-eabi-5_4-2016q2/bin/../lib/gcc/arm-none-eabi/5.4.1/../../../../arm-none-eabi/lib/armv7e-m/fpu/libg.a
LOAD /home/kedou/Project/OpenRE/Tools/gcc-arm-none-eabi-5_4-2016q2/bin/../lib/gcc/arm-none-eabi/5.4.1/../../../../arm-none-eabi/lib/armv7e-m/fpu/libc.a
END GROUP
                0x20020000                _estack = 0x20020000
                0x00000000                _Min_Heap_Size = 0x0
                0x00000400                _Min_Stack_Size = 0x400

.isr_vector     0x08000000      0x188
                0x08000000                . = ALIGN (0x4)
 *(.isr_vector)
 .isr_vector    0x08000000      0x188 ../../../../1_Processor/STM32F4/STM32F4-Discovery_FW_V1.1.0/Libraries/CMSIS/ST/STM32F4xx/Source/Templates/gcc_ride7/startup_stm32f4xx.o
                0x08000000                g_pfnVectors
                0x08000188                . = ALIGN (0x4)

.text           0x080001c0    0x12888
                0x080001c0                . = ALIGN (0x4)
 *(.text)
 .text          0x080001c0      0x168 ../../../../1_Processor/STM32F4/STM32F4-Discovery_FW_V1.1.0/Libraries/CMSIS/ST/STM32F4xx/Source/Templates/system_stm32f4xx.o
                0x080001c0                SystemInit
                0x080002b8                SystemCoreClockUpdate
 .text          0x08000328       0xc8 ../../../../1_Processor/STM32F4/STM32F4-Discovery_FW_V1.1.0/Libraries/STM32F4xx_StdPeriph_Driver/src/misc.o
                0x08000328                NVIC_PriorityGroupConfig
                0x0800033c                NVIC_Init
                0x080003ac                NVIC_SetVectorTable
                0x080003c0                NVIC_SystemLPConfig
                0x080003d8                SysTick_CLKSourceConfig
 .text          0x080003f0      0x374 ../../../../1_Processor/STM32F4/STM32F4-Discovery_FW_V1.1.0/Libraries/STM32F4xx_StdPeriph_Driver/src/stm32f4xx_adc.o
                0x080003f0                ADC_DeInit
                0x0800040a                ADC_Init
                0x08000454                ADC_StructInit
                0x08000468                ADC_CommonInit
                0x08000490                ADC_CommonStructInit
                0x0800049c                ADC_Cmd
                0x080004ae                ADC_AnalogWatchdogCmd
                0x080004be                ADC_AnalogWatchdogThresholdsConfig
                0x080004c4                ADC_AnalogWatchdogSingleChannelConfig
                0x080004d0                ADC_TempSensorVrefintCmd
                0x080004e8                ADC_VBATCmd
                0x08000500                ADC_RegularChannelConfig
                0x0800058e                ADC_SoftwareStartConv
                0x08000598                ADC_EOCOnEachRegularChannelCmd
                0x080005aa                ADC_ContinuousModeCmd
                0x080005bc                ADC_DiscModeChannelCountConfig
                0x080005cc                ADC_DiscModeCmd
                0x080005de                ADC_GetConversionValue
                0x080005e4                ADC_GetMultiModeConversionValue
                0x080005f0                ADC_DMACmd
                0x08000602                ADC_DMARequestAfterLastTransferCmd
                0x08000614                ADC_MultiModeDMARequestAfterLastTransferCmd
                0x0800062c                ADC_InjectedChannelConfig
                0x08000684                ADC_InjectedSequencerLengthConfig
                0x08000694                ADC_SetInjectedOffset
                0x080006aa                ADC_ExternalTrigInjectedConvConfig
                0x080006b6                ADC_ExternalTrigInjectedConvEdgeConfig
                0x080006c2                ADC_SoftwareStartInjectedConv
                0x080006cc                ADC_GetSoftwareStartInjectedConvCmdStatus
                0x080006d4                ADC_GetSoftwareStartConvStatus
                0x080006d8                ADC_AutoInjectedConvCmd
                0x080006ea                ADC_InjectedDiscModeCmd
                0x080006fc                ADC_GetInjectedConversionValue
                0x08000716                ADC_ITConfig
                0x0800072e                ADC_GetFlagStatus
                0x0800073a                ADC_ClearFlag
                0x08000740                ADC_GetITStatus
                0x0800075c                ADC_ClearITPendingBit
 .text          0x08000764      0x1b0 ../../../../1_Processor/STM32F4/STM32F4-Discovery_FW_V1.1.0/Libraries/STM32F4xx_StdPeriph_Driver/src/stm32f4xx_dac.o
                0x08000764                DAC_DeInit
                0x0800077e                DAC_Init
                0x080007ac                DAC_StructInit
                0x080007b8                DAC_Cmd
                0x080007d8                DAC_SoftwareTriggerCmd
                0x080007f8                DAC_DualSoftwareTriggerCmd
                0x08000810                DAC_SetChannel1Data
                0x08000830                DAC_SetChannel2Data
                0x08000850                DAC_SetDualChannelData
                0x08000868                DAC_GetDataOutputValue
                0x0800088c                DAC_DMACmd
                0x080008ac                DAC_ITConfig
                0x080008c8                DAC_WaveGenerationCmd
                0x080008cc                DAC_GetFlagStatus
                0x080008e0                DAC_ClearFlag
                0x080008ec                DAC_GetITStatus
                0x08000908                DAC_ClearITPendingBit
 .text          0x08000914      0x304 ../../../../1_Processor/STM32F4/STM32F4-Discovery_FW_V1.1.0/Libraries/STM32F4xx_StdPeriph_Driver/src/stm32f4xx_dma.o
                0x08000914                DMA_DeInit
                0x08000a20                DMA_Init
                0x08000a74                DMA_StructInit
                0x08000a96                DMA_Cmd
                0x08000aa8                DMA_PeriphIncOffsetSizeConfig
                0x08000aba                DMA_FlowControllerConfig
                0x08000acc                DMA_SetCurrDataCounter
                0x08000ad0                DMA_GetCurrDataCounter
                0x08000ad6                DMA_DoubleBufferModeConfig
                0x08000aea                DMA_DoubleBufferModeCmd
                0x08000afc                DMA_MemoryTargetConfig
                0x08000b06                DMA_GetCurrentMemoryTarget
                0x08000b0e                DMA_GetCmdStatus
                0x08000b16                DMA_GetFIFOStatus
                0x08000b1e                DMA_GetFlagStatus
                0x08000b54                DMA_ITConfig
                0x08000b92                DMA_GetITStatus
                0x08000be4                DMA_ClearITPendingBit
                0x08000c14                DMA_ClearFlag
 .text          0x08000c18       0xf4 ../../../../1_Processor/STM32F4/STM32F4-Discovery_FW_V1.1.0/Libraries/STM32F4xx_StdPeriph_Driver/src/stm32f4xx_exti.o
                0x08000c18                EXTI_DeInit
                0x08000c34                EXTI_Init
                0x08000ca8                EXTI_StructInit
                0x08000cb6                EXTI_GenerateSWInterrupt
                0x08000cc4                EXTI_GetFlagStatus
                0x08000cd8                EXTI_ClearFlag
                0x08000ce4                EXTI_GetITStatus
                0x08000d00                EXTI_ClearITPendingBit
 .text          0x08000d0c      0x208 ../../../../1_Processor/STM32F4/STM32F4-Discovery_FW_V1.1.0/Libraries/STM32F4xx_StdPeriph_Driver/src/stm32f4xx_gpio.o
                0x08000d0c                GPIO_DeInit
                0x08000df4                GPIO_Init
                0x08000e78                GPIO_StructInit
                0x08000e8a                GPIO_PinLockConfig
                0x08000eae                GPIO_ReadInputDataBit
                0x08000eba                GPIO_ReadInputData
                0x08000ec0                GPIO_ReadOutputDataBit
                0x08000ecc                GPIO_ReadOutputData
                0x08000ed2                GPIO_SetBits
                0x08000ed6                GPIO_ResetBits
                0x08000eda                GPIO_WriteBit
                0x08000ee4                GPIO_Write
                0x08000ee8                GPIO_ToggleBits
                0x08000ef0                GPIO_PinAFConfig
 .text          0x08000f14      0x100 ../../../../1_Processor/STM32F4/STM32F4-Discovery_FW_V1.1.0/Libraries/STM32F4xx_StdPeriph_Driver/src/stm32f4xx_pwr.o
                0x08000f14                PWR_DeInit
                0x08000f2e                PWR_BackupAccessCmd
                0x08000f38                PWR_PVDLevelConfig
                0x08000f4c                PWR_PVDCmd
                0x08000f58                PWR_WakeUpPinCmd
                0x08000f64                PWR_BackupRegulatorCmd
                0x08000f70                PWR_MainRegulatorModeConfig
                0x08000f88                PWR_FlashPowerDownCmd
                0x08000f94                PWR_EnterSTOPMode
                0x08000fc8                PWR_EnterSTANDBYMode
                0x08000ff0                PWR_GetFlagStatus
                0x08001004                PWR_ClearFlag
 .text          0x08001014      0x454 ../../../../1_Processor/STM32F4/STM32F4-Discovery_FW_V1.1.0/Libraries/STM32F4xx_StdPeriph_Driver/src/stm32f4xx_rcc.o
                0x08001014                RCC_DeInit
                0x08001048                RCC_HSEConfig
                0x08001058                RCC_AdjustHSICalibrationValue
                0x0800106c                RCC_HSICmd
                0x08001078                RCC_LSEConfig
                0x08001098                RCC_LSICmd
                0x080010a4                RCC_PLLConfig
                0x080010c4                RCC_PLLCmd
                0x080010d0                RCC_PLLI2SConfig
                0x080010e4                RCC_PLLI2SCmd
                0x080010f0                RCC_ClockSecuritySystemCmd
                0x080010fc                RCC_MCO1Config
                0x08001110                RCC_MCO2Config
                0x08001124                RCC_SYSCLKConfig
                0x08001138                RCC_GetSYSCLKSource
                0x08001148                RCC_HCLKConfig
                0x0800115c                RCC_PCLK1Config
                0x08001170                RCC_PCLK2Config
                0x08001184                RCC_GetClocksFreq
                0x0800120c                RCC_RTCCLKConfig
                0x0800123c                RCC_RTCCLKCmd
                0x08001248                RCC_BackupResetCmd
                0x08001254                RCC_I2SCLKConfig
                0x08001260                RCC_AHB1PeriphClockCmd
                0x08001278                RCC_AHB2PeriphClockCmd
                0x08001290                RCC_AHB3PeriphClockCmd
                0x080012a8                RCC_APB1PeriphClockCmd
                0x080012c0                RCC_APB2PeriphClockCmd
                0x080012d8                RCC_AHB1PeriphResetCmd
                0x080012f0                RCC_AHB2PeriphResetCmd
                0x08001308                RCC_AHB3PeriphResetCmd
                0x08001320                RCC_APB1PeriphResetCmd
                0x08001338                RCC_APB2PeriphResetCmd
                0x08001350                RCC_AHB1PeriphClockLPModeCmd
                0x08001368                RCC_AHB2PeriphClockLPModeCmd
                0x08001380                RCC_AHB3PeriphClockLPModeCmd
                0x08001398                RCC_APB1PeriphClockLPModeCmd
                0x080013b0                RCC_APB2PeriphClockLPModeCmd
                0x080013c8                RCC_ITConfig
                0x080013e0                RCC_GetFlagStatus
                0x08001408                RCC_WaitForHSEStartUp
                0x08001438                RCC_ClearFlag
                0x08001448                RCC_GetITStatus
                0x0800145c                RCC_ClearITPendingBit
 .text          0x08001468      0xa5c ../../../../1_Processor/STM32F4/STM32F4-Discovery_FW_V1.1.0/Libraries/STM32F4xx_StdPeriph_Driver/src/stm32f4xx_rtc.o
                0x08001494                RTC_StructInit
                0x080014a0                RTC_WriteProtectionCmd
                0x080014b8                RTC_EnterInitMode
                0x080014f8                RTC_ExitInitMode
                0x08001508                RTC_Init
                0x0800154c                RTC_WaitForSynchro
                0x08001590                RTC_DeInit
                0x08001610                RTC_RefClockCmd
                0x08001648                RTC_BypassShadowCmd
                0x0800166c                RTC_SetTime
                0x080016f8                RTC_TimeStructInit
                0x08001704                RTC_GetTime
                0x0800174c                RTC_GetSubSecond
                0x08001758                RTC_SetDate
                0x080017d8                RTC_DateStructInit
                0x080017e6                RTC_GetDate
                0x0800182c                RTC_SetAlarm
                0x080018d4                RTC_AlarmStructInit
                0x080018e8                RTC_GetAlarm
                0x0800194c                RTC_AlarmCmd
                0x080019a8                RTC_AlarmSubSecondConfig
                0x080019cc                RTC_GetAlarmSubSecond
                0x080019e4                RTC_WakeUpClockConfig
                0x08001a08                RTC_SetWakeUpCounter
                0x08001a20                RTC_GetWakeUpCounter
                0x08001a2c                RTC_WakeUpCmd
                0x08001a80                RTC_DayLightSavingConfig
                0x08001aa4                RTC_GetStoreOperation
                0x08001ab4                RTC_OutputConfig
                0x08001ad8                RTC_CoarseCalibConfig
                0x08001b04                RTC_CoarseCalibCmd
                0x08001b3c                RTC_CalibOutputCmd
                0x08001b60                RTC_CalibOutputConfig
                0x08001b84                RTC_SmoothCalibConfig
                0x08001bc8                RTC_TimeStampCmd
                0x08001bf0                RTC_GetTimeStamp
                0x08001c70                RTC_GetTimeStampSubSecond
                0x08001c7c                RTC_TamperTriggerConfig
                0x08001c94                RTC_TamperCmd
                0x08001cac                RTC_TamperFilterConfig
                0x08001cc4                RTC_TamperSamplingFreqConfig
                0x08001cdc                RTC_TamperPinsPrechargeDuration
                0x08001cf4                RTC_TimeStampOnTamperDetectionCmd
                0x08001d0c                RTC_TamperPullUpCmd
                0x08001d24                RTC_WriteBackupRegister
                0x08001d44                RTC_ReadBackupRegister
                0x08001d64                RTC_TamperPinSelection
                0x08001d7c                RTC_TimeStampPinSelection
                0x08001d94                RTC_OutputTypeConfig
                0x08001dac                RTC_SynchroShiftConfig
                0x08001e00                RTC_ITConfig
                0x08001e40                RTC_GetFlagStatus
                0x08001e5c                RTC_ClearFlag
                0x08001e78                RTC_GetITStatus
                0x08001ea8                RTC_ClearITPendingBit
 .text          0x08001ec4       0x74 ../../../../1_Processor/STM32F4/STM32F4-Discovery_FW_V1.1.0/Libraries/STM32F4xx_StdPeriph_Driver/src/stm32f4xx_syscfg.o
                0x08001ec4                SYSCFG_DeInit
                0x08001ede                SYSCFG_MemoryRemapConfig
                0x08001ee8                SYSCFG_EXTILineConfig
                0x08001f12                SYSCFG_ETH_MediaInterfaceConfig
                0x08001f1c                SYSCFG_CompensationCellCmd
                0x08001f28                SYSCFG_GetCompensationCellStatus
 .text          0x08001f38      0xb04 ../../../../1_Processor/STM32F4/STM32F4-Discovery_FW_V1.1.0/Libraries/STM32F4xx_StdPeriph_Driver/src/stm32f4xx_tim.o
                0x08001fa4                TIM_DeInit
                0x08002110                TIM_TimeBaseInit
                0x0800218c                TIM_TimeBaseStructInit
                0x0800219e                TIM_PrescalerConfig
                0x080021a4                TIM_CounterModeConfig
                0x080021b4                TIM_SetCounter
                0x080021b8                TIM_SetAutoreload
                0x080021bc                TIM_GetCounter
                0x080021c0                TIM_GetPrescaler
                0x080021c6                TIM_UpdateDisableConfig
                0x080021de                TIM_UpdateRequestConfig
                0x080021f6                TIM_ARRPreloadConfig
                0x0800220e                TIM_SelectOnePulseMode
                0x08002224                TIM_SetClockDivision
                0x0800223a                TIM_Cmd
                0x08002252                TIM_OC1Init
                0x080022c4                TIM_OC2Init
                0x0800234c                TIM_OC3Init
                0x080023d0                TIM_OC4Init
                0x08002438                TIM_OCStructInit
                0x0800244c                TIM_SelectOCxM
                0x08002492                TIM_SetCompare1
                0x08002496                TIM_SetCompare2
                0x0800249a                TIM_SetCompare3
                0x0800249e                TIM_SetCompare4
                0x080024a2                TIM_ForcedOC1Config
                0x080024b2                TIM_ForcedOC2Config
                0x080024c6                TIM_ForcedOC3Config
                0x080024d6                TIM_ForcedOC4Config
                0x080024ea                TIM_OC1PreloadConfig
                0x080024fa                TIM_OC2PreloadConfig
                0x0800250e                TIM_OC3PreloadConfig
                0x0800251e                TIM_OC4PreloadConfig
                0x08002532                TIM_OC1FastConfig
                0x08002542                TIM_OC2FastConfig
                0x08002556                TIM_OC3FastConfig
                0x08002566                TIM_OC4FastConfig
                0x0800257a                TIM_ClearOC1Ref
                0x0800258a                TIM_ClearOC2Ref
                0x0800259a                TIM_ClearOC3Ref
                0x080025aa                TIM_ClearOC4Ref
                0x080025ba                TIM_OC1PolarityConfig
                0x080025ca                TIM_OC1NPolarityConfig
                0x080025da                TIM_OC2PolarityConfig
                0x080025ee                TIM_OC2NPolarityConfig
                0x08002602                TIM_OC3PolarityConfig
                0x08002616                TIM_OC3NPolarityConfig
                0x0800262a                TIM_OC4PolarityConfig
                0x0800263e                TIM_CCxCmd
                0x0800265a                TIM_CCxNCmd
                0x08002676                TIM_ICStructInit
                0x08002686                TIM_GetCapture1
                0x0800268a                TIM_GetCapture2
                0x0800268e                TIM_GetCapture3
                0x08002692                TIM_GetCapture4
                0x08002696                TIM_SetIC1Prescaler
                0x080026ac                TIM_SetIC2Prescaler
                0x080026c6                TIM_PWMIConfig
                0x08002726                TIM_SetIC3Prescaler
                0x0800273c                TIM_SetIC4Prescaler
                0x08002756                TIM_ICInit
                0x0800280a                TIM_BDTRConfig
                0x0800282c                TIM_BDTRStructInit
                0x0800283e                TIM_CtrlPWMOutputs
                0x0800285a                TIM_SelectCOM
                0x08002872                TIM_CCPreloadControl
                0x0800288a                TIM_GenerateEvent
                0x0800288e                TIM_GetFlagStatus
                0x0800289a                TIM_ClearFlag
                0x080028a2                TIM_GetITStatus
                0x080028b8                TIM_ClearITPendingBit
                0x080028c0                TIM_DMAConfig
                0x080028c8                TIM_DMACmd
                0x080028da                TIM_ITConfig
                0x080028de                TIM_SelectCCDMA
                0x080028f6                TIM_InternalClockConfig
                0x08002904                TIM_ITRxExternalClockConfig
                0x0800291e                TIM_TIxExternalClockConfig
                0x08002952                TIM_SelectInputTrigger
                0x08002962                TIM_SelectOutputTrigger
                0x08002978                TIM_SelectSlaveMode
                0x0800298e                TIM_SelectMasterSlaveMode
                0x080029a4                TIM_ETRConfig
                0x080029b8                TIM_ETRClockMode1Config
                0x080029d0                TIM_ETRClockMode2Config
                0x080029e2                TIM_EncoderInterfaceConfig
                0x08002a1e                TIM_SelectHallSensor
                0x08002a36                TIM_RemapConfig
 .text          0x08002a3c      0x3b8 ../../../../1_Processor/STM32F4/STM32F4-Discovery_FW_V1.1.0/Libraries/STM32F4xx_StdPeriph_Driver/src/stm32f4xx_usart.o
                0x08002a3c                USART_DeInit
                0x08002aec                USART_Init
                0x08002b9c                USART_StructInit
                0x08002bb2                USART_ClockInit
                0x08002bd2                USART_ClockStructInit
                0x08002bde                USART_Cmd
                0x08002bf6                USART_SetPrescaler
                0x08002c08                USART_OverSampling8Cmd
                0x08002c20                USART_OneBitMethodCmd
                0x08002c38                USART_SendData
                0x08002c40                USART_ReceiveData
                0x08002c48                USART_SetAddress
                0x08002c5e                USART_ReceiverWakeUpCmd
                0x08002c76                USART_WakeUpConfig
                0x08002c8c                USART_LINBreakDetectLengthConfig
                0x08002ca2                USART_LINCmd
                0x08002cba                USART_SendBreak
                0x08002cc6                USART_HalfDuplexCmd
                0x08002cde                USART_SetGuardTime
                0x08002cf0                USART_SmartCardCmd
                0x08002d08                USART_SmartCardNACKCmd
                0x08002d20                USART_IrDAConfig
                0x08002d36                USART_IrDACmd
                0x08002d4e                USART_DMACmd
                0x08002d60                USART_ITConfig
                0x08002d90                USART_GetFlagStatus
                0x08002d9c                USART_ClearFlag
                0x08002da4                USART_GetITStatus
                0x08002de4                USART_ClearITPendingBit
 .text          0x08002df4      0x480 ../../../../1_Processor/STM32F4/BSPLIB/adc_dac.o
                0x08002df4                HF_ADC_Moder_Init
                0x0800314c                HF_Get_ADC_Output
                0x08003184                HF_DAC_Init
                0x08003214                HF_DAC_Set_Vol
 .text          0x08003274      0x1c8 ../../../../1_Processor/STM32F4/BSPLIB/delay.o
                0x08003274                delay_init
                0x080032ac                delay_us
                0x080032dc                delay_ms
                0x0800330c                HF_System_Timer_Init
                0x08003380                TIM5_IRQHandler
                0x080033cc                HF_Get_System_Time
                0x080033f4                HF_Get_Dtime
 .text          0x0800343c      0x294 ../../../../1_Processor/STM32F4/BSPLIB/encoder.o
                0x0800343c                HF_Encoder_Init
                0x08003634                HF_Get_Encode_TIM2
                0x08003658                HF_Get_Encode_TIM3
                0x08003680                HF_Get_Encode_TIM4
                0x080036a8                HF_Get_Encode_TIM5
 .text          0x080036d0      0x4c4 ../../../../1_Processor/STM32F4/BSPLIB/i2c.o
                0x0800392e                HF_Hardware_I2C_Init
                0x08003930                HF_Hardware_I2C_Write_Byte
                0x08003932                HF_Hardware_I2C_Read_Byte
                0x08003936                HF_Hardware_I2C_Write_Buf
                0x0800393a                HF_Hardware_I2C_Read_Buf
                0x0800393e                HF_Simulat_I2C_Write_Byte
                0x08003984                HF_Simulat_I2C_Read_Byte
                0x080039ea                HF_Simulat_I2C_Write_Buf
                0x08003a66                HF_Simulat_I2C_Read_Buf
                0x08003af8                HF_Simulat_I2C_Init
 .text          0x08003b94      0x560 ../../../../1_Processor/STM32F4/BSPLIB/nvic.o
                0x08003b94                CAN1_RX0_NVIC_Configuration
                0x08003bc0                CAN1_RX1_NVIC_Configuration
                0x08003bec                CAN2_RX0_NVIC_Configuration
                0x08003c18                CAN2_RX1_NVIC_Configuration
                0x08003c44                USART1_NVIC_Configuration
                0x08003c6e                USART2_NVIC_Configuration
                0x08003c98                USART3_NVIC_Configuration
                0x08003cc2                UART4_NVIC_Configuration
                0x08003cee                UART5_NVIC_Configuration
                0x08003d1a                USART6_NVIC_Configuration
                0x08003d46                TIM1_NVIC_Configuration
                0x08003d74                TIM2_NVIC_Configuration
                0x08003da2                TIM3_NVIC_Configuration
                0x08003dd0                TIM4_NVIC_Configuration
                0x08003dfe                TIM5_NVIC_Configuration
                0x08003e2c                TIM6_NVIC_Configuration
                0x08003e58                TIM7_NVIC_Configuration
                0x08003e86                TIM8_NVIC_Configuration
                0x08003eb4                TIM9_NVIC_Configuration
                0x08003ee2                TIM10_NVIC_Configuration
                0x08003f10                TIM11_NVIC_Configuration
                0x08003f3e                TIM12_NVIC_Configuration
                0x08003f6c                TIM13_NVIC_Configuration
                0x08003f9a                TIM14_NVIC_Configuration
                0x08003fc8                EXTI0_NVIC_Configuration
                0x08003ff4                EXTI1_NVIC_Configuration
                0x08004020                EXTI2_NVIC_Configuration
                0x0800404c                EXTI3_NVIC_Configuration
                0x08004078                EXTI4_NVIC_Configuration
                0x080040a4                EXTI9_5_NVIC_Configuration
                0x080040d0                EXTI15_10_NVIC_Configuration
 .text          0x080040f4      0x2f4 ../../../../1_Processor/STM32F4/BSPLIB/pwm_in.o
                0x080040f4                HF_PWMIN_Init
                0x08004270                HF_Get_PWM_Value
                0x08004280                EXTI0_IRQHandler
                0x080042c8                EXTI1_IRQHandler
                0x08004310                EXTI2_IRQHandler
                0x08004358                EXTI3_IRQHandler
                0x080043a0                EXTI4_IRQHandler
 .text          0x080043e8      0x3bc ../../../../1_Processor/STM32F4/BSPLIB/pwm_out.o
                0x080043e8                HF_PWMOut_Init
                0x08004624                HF_PWM_Set_TIM1_CCR1
                0x08004644                HF_PWM_Set_TIM1_CCR2
                0x08004664                HF_PWM_Set_TIM1_CCR3
                0x08004684                HF_PWM_Set_TIM1_CCR4
                0x080046a4                HF_PWM_Set_TIM8_CCR1
                0x080046c4                HF_PWM_Set_TIM8_CCR2
                0x080046e4                HF_PWM_Set_TIM8_CCR3
                0x08004704                HF_PWM_Set_TIM8_CCR4
                0x08004724                HF_PWM_Set_TIM9_CCR1
                0x08004744                HF_PWM_Set_TIM9_CCR2
                0x08004764                HF_PWM_Set_TIM12_CCR1
                0x08004784                HF_PWM_Set_TIM12_CCR2
 .text          0x080047a4      0x30c ../../../../1_Processor/STM32F4/BSPLIB/rtc.o
                0x080047a4                RTC_Set_Time
                0x080047c4                RTC_Set_Date
                0x080047e4                RTC_Get_Time
                0x08004812                RTC_Get_Date
                0x08004840                HF_RTC_Init
                0x080048ce                RTC_Set_AlarmA
                0x0800496e                RTC_Set_WakeUp
                0x080049e6                RTC_Alarm_IRQHandler
                0x08004a08                RTC_WKUP_IRQHandler
                0x08004a2a                RTC_Get_Week
                0x08004a8c                HF_RTC_Time_Renew
 .text          0x08004ab0      0x19c ../../../../1_Processor/STM32F4/BSPLIB/timer.o
                0x08004ab0                HF_Timer_Init
 .text          0x08004c4c      0x574 ../../../../1_Processor/STM32F4/BSPLIB/usart.o
                0x08004c4c                HF_USART_Init
                0x08004f20                HF_USART_Put_Char
                0x08004f36                _close
                0x08004f3c                _execve
                0x08004f4c                _fork
                0x08004f5c                _fstat
                0x08004f66                _getpid
                0x08004f6a                _isatty
                0x08004f80                _kill
                0x08004f90                _link
                0x08004fa0                _lseek
                0x08004fa4                _read
                0x08004fe0                _stat
                0x08004fea                _times
                0x08004ff0                _unlink
                0x08005000                _wait
                0x08005010                _write
                0x08005068                _exit
                0x0800507c                _sbrk
                0x080050c4                HF_USART_printf
 .text          0x080051c0      0x338 ../src/main.o
                0x080051c0                constructorInit()
                0x08005488                systemInit()
 .text          0x080054f8      0x11c ../src/stm32f4xx_it.o
                0x080054f8                USART1_IRQHandler
                0x08005530                USART2_IRQHandler
                0x08005564                USART3_IRQHandler
                0x080055a8                TIM6_DAC_IRQHandler
                0x080055f4                HardFault_Handler
 .text          0x08005614      0x92c ../../../../1_Processor/BoardAbstract/control_unit_v2.o
                0x08005614                Board::Board()
                0x08005614                Board::Board()
                0x08005648                Board::debugInterfaceInit()
                0x08005658                Board::debugPutChar(unsigned char)
                0x08005674                Board::getBatteryVoltage()
                0x080056b8                Board::getCPUUsage()
                0x080056c4                Board::getCPUTemperature()
                0x08005718                Board::boardBasicCall()
                0x080057e4                Board::getCPUInfo()
                0x08005810                Board::ledInit()
                0x08005864                Board::setLedState(unsigned char, unsigned char)
                0x080058ec                Board::keyInit()
                0x080058ee                Board::keyStateRenew()
                0x080058f0                Board::beepInit()
                0x08005928                Board::boardBasicInit()
                0x08005980                Board::setBeepState(unsigned char)
                0x080059a8                Board::motorInterfaceInit(unsigned char, float)
                0x08005acc                Board::motorEnable(unsigned char)
                0x08005afc                Board::motorDisable(unsigned char)
                0x08005b2c                Board::getMotorEncoderCNT(unsigned char)
                0x08005b58                Board::getMotorCurrent(unsigned char)
                0x08005b84                Board::motorSetPWM(unsigned char, int)
                0x08005c1a                Board::axServoInterfaceInit()
                0x08005c68                Board::axServoTxModel()
                0x08005c78                Board::axServoRxModel()
                0x08005c88                Board::axServoSendTxByte(unsigned char)
                0x08005ca4                Board::axServoGetRxByte(unsigned char*)
                0x08005ca8                Board::sbusInterfaceInit()
                0x08005cbc                Board::imuI2CInit()
                0x08005cc2                Board::imuI2CWriteByte(unsigned char, unsigned char, unsigned char, unsigned char)
                0x08005cce                Board::imuI2CReadByte(unsigned char, unsigned char, unsigned char)
                0x08005cd4                Board::imuI2CWriteBuf(unsigned char, unsigned char, unsigned char*, unsigned char, unsigned char)
                0x08005cec                Board::imuI2CReadBuf(unsigned char, unsigned char, unsigned char*, unsigned char, unsigned char)
                0x08005d04                Board::gpsInterfaceInit()
                0x08005d14                Board::gpsSendTxByte(unsigned char)
                0x08005d34                Board::eepromI2CInit()
                0x08005d3a                Board::eepromI2CWriteByte(unsigned char, unsigned char, unsigned char, unsigned char)
                0x08005d46                Board::eepromI2CReadByte(unsigned char, unsigned char, unsigned char)
                0x08005d4c                Board::eepromI2CWriteBuf(unsigned char, unsigned char, unsigned char*, unsigned char, unsigned char)
                0x08005d64                Board::eepromI2CReadBuf(unsigned char, unsigned char, unsigned char*, unsigned char, unsigned char)
                0x08005d7c                Board::extendI2CInit()
                0x08005d82                Board::extendI2CWriteByte(unsigned char, unsigned char, unsigned char, unsigned char)
                0x08005d8e                Board::extendI2CReadByte(unsigned char, unsigned char, unsigned char)
                0x08005d94                Board::extendI2CWriteBuf(unsigned char, unsigned char, unsigned char*, unsigned char, unsigned char)
                0x08005dac                Board::extendI2CReadBuf(unsigned char, unsigned char, unsigned char*, unsigned char, unsigned char)
                0x08005dc4                Board::pwmInterfaceInit(unsigned char, float)
                0x08005e3c                Board::setPWMValue(unsigned char, float)
 .text          0x08005f40       0x5c ../../../../2_Package/common/queue.o
                0x08005f40                Queue::Queue()
                0x08005f40                Queue::Queue()
                0x08005f4e                Queue::queueInit()
                0x08005f50                Queue::getData()
                0x08005f66                Queue::putData(unsigned char)
                0x08005f7a                Queue::emptyCheck()
                0x08005f8a                Queue::fullCheck()
 *fill*         0x08005f9c        0x4 
 .text          0x08005fa0      0x2fc ../../../../2_Package/imu/bmp085.o
                0x08005fa0                BMP085::readBuffer()
                0x08005fa2                BMP085::writeByte(unsigned char, unsigned char)
                0x08005fc0                BMP085::readByte(unsigned char)
                0x08005fd0                BMP085::checkDeviceState()
                0x08005fd8                BMP085::deviceInit()
                0x08006108                BMP085::dataUpdate()
 .text          0x0800629c      0x958 ../../../../2_Package/imu/gps.o
                0x0800629c                GPS_NMEA::GPS_Hands_Free_Usart_Init(unsigned int)
                0x080062a8                GPS_NMEA::GPS_Usart_Send_Data(unsigned char*, unsigned short)
                0x080062c8                GPS_NMEA::NMEA_Comma_Pos(unsigned char*, unsigned char)
                0x080062f2                GPS_NMEA::NMEA_Pow(unsigned char, unsigned char)
                0x08006302                GPS_NMEA::NMEA_Str2num(unsigned char*, unsigned char*)
                0x080063e2                GPS_NMEA::NMEA_GPGSV_Analysis(nmea_msg*, unsigned char*)
                0x080064e0                GPS_NMEA::NMEA_GPGGA_Analysis(nmea_msg*, unsigned char*)
                0x08006550                GPS_NMEA::NMEA_GPGSA_Analysis(nmea_msg*, unsigned char*)
                0x08006614                GPS_NMEA::NMEA_GPRMC_Analysis(nmea_msg*, unsigned char*)
                0x08006840                GPS_NMEA::NMEA_GPVTG_Analysis(nmea_msg*, unsigned char*)
                0x0800689c                GPS_NMEA::Ublox_CheckSum(unsigned char*, unsigned short, unsigned char*, unsigned char*)
                0x080068c6                GPS_NMEA::Ublox_Cfg_Ack_Check()
                0x080068ca                GPS_NMEA::Ublox_Cfg_Cfg_Save()
                0x08006924                GPS_NMEA::Ublox_Cfg_Msg(unsigned char, unsigned char)
                0x0800698a                GPS_NMEA::Ublox_Cfg_Prt(unsigned int)
                0x08006a08                GPS_NMEA::Ublox_Cfg_Tp(unsigned int, unsigned int, signed char)
                0x08006a74                GPS_NMEA::Ublox_Cfg_Rate(unsigned short, unsigned char)
                0x08006acc                GPS_NMEA::GPS_Analysis(nmea_msg*, unsigned char*)
                0x08006b02                GPS_NMEA::GPS_Usart_IRQ(unsigned int)
                0x08006b9c                GPS_NMEA::GPS_Init()
 .text          0x08006bf4      0x134 ../../../../2_Package/imu/hmc5883l.o
                0x08006bf4                HMC5883L::readBuffer()
                0x08006c18                HMC5883L::writeByte(unsigned char, unsigned char)
                0x08006c34                HMC5883L::readByte(unsigned char)
                0x08006c44                HMC5883L::checkDeviceState()
                0x08006c60                HMC5883L::renewLastDate()
                0x08006c94                HMC5883L::hmcDateNormalize()
                0x08006ce8                HMC5883L::deviceInit()
                0x08006d16                HMC5883L::dataUpdate()
 .text          0x08006d28      0x29c ../../../../2_Package/imu/imu_top.o
                0x08006d28                IMU::topInit(unsigned char, unsigned char, unsigned char, unsigned char, unsigned char, unsigned char)
                0x08006e94                IMU::topCall()
 .text          0x08006fc4      0x7b4 ../../../../2_Package/imu/mpu6050.o
                0x08006fc4                MPU6050::readBuffer()
                0x08006fe8                MPU6050::writeByte(unsigned char, unsigned char)
                0x08007004                MPU6050::readByte(unsigned char)
                0x08007014                MPU6050::checkDeviceState()
                0x08007030                MPU6050::readGyroDrift(short)
                0x080070c4                MPU6050::readAccDrift(short)
                0x08007158                MPU6050::renewLastDate()
                0x080071e6                MPU6050::gyroDateNormalize()
                0x0800722c                MPU6050::accDateNormalize()
                0x08007274                MPU6050::gyroDateNormalizeFilter()
                0x080073e4                MPU6050::accDateNormalizeFilter()
                0x08007678                MPU6050::deviceInit()
                0x08007710                MPU6050::dataUpdate()
 .text          0x08007778      0x2e8 ../../../../2_Package/imu/ms611.o
                0x08007778                MS611::readBuffer()
                0x08007798                MS611::writeByte(unsigned char, unsigned char)
                0x080077b4                MS611::readByte(unsigned char)
                0x080077c4                MS611::start_t()
                0x080077ca                MS611::start_p()
                0x080077d0                MS611::checkDeviceState()
                0x080077da                MS611::altCalculate()
                0x08007988                MS611::deviceInit()
                0x08007a04                MS611::dataUpdate()
 .text          0x08007a60      0x37c ../../../../2_Package/motor/motor_control.o
                0x08007a60                MotorControl::dataLimit(float, float)
                0x08007a82                MotorControl::pidOrdinaryCall(float, float, float, float, float)
                0x08007b94                MotorControl::pidSeriesCall(float, float, float, float, float)
                0x08007d1e                MotorControl::speedControl(float, float)
 .text          0x08007ddc      0x2d4 ../../../../2_Package/motor/motor_top.o
                0x08007ddc                MotorTop::motorPWMRenew(unsigned char, float)
                0x08007f1c                MotorTop::motorTopInit(float, float, float, unsigned char)
                0x08007ff8                MotorTop::motorTopCall()
 .text          0x080080b0      0x248 ../../../../2_Package/sbus_ppm/sbus_ppm.o
                0x080080b0                SBUS::sbusDataAnl()
                0x080081e0                SBUS::sbusFrequencyMeasure()
                0x0800822c                SBUS::receiveByteAnl(unsigned char)
                0x080082c8                PPM::receiveFloatAnl(float)
 .text          0x080082f8      0x1a0 ../../../../2_Package/servo/pan_tilt_head_ax.o
                0x080082f8                HeadAX::headInit()
                0x080082fc                HeadAX::headTopCall()
                0x08008474                HeadAX::setState(float, float)
                0x08008484                HeadAX::getState(float*, float*)
 .text          0x08008498      0x478 ../../../../2_Package/servo/servo_digital.o
                0x08008498                ServoDigital::axServoInit()
                0x080084a4                ServoDigital::TxPacket(unsigned char, unsigned char, unsigned char)
                0x08008538                ServoDigital::RxPacket(unsigned char)
                0x080085e0                ServoDigital::axTorqueOff(unsigned char)
                0x08008606                ServoDigital::axTorqueOn(unsigned char)
                0x0800862c                ServoDigital::axSendPosition(unsigned char, unsigned short, unsigned short)
                0x0800865e                ServoDigital::axReadPosition(unsigned char)
                0x08008698                ServoDigital::axTorqueOffAll()
                0x080086a8                ServoDigital::axTorqueOnAll()
                0x080086b8                ServoDigital::getServoConnective()
                0x080086fc                ServoDigital::moveServoPosition(unsigned char*, unsigned char)
                0x08008736                ServoDigital::moveServoPosWithSpeed(unsigned char*, unsigned char)
                0x08008778                ServoDigital::getServoPosition(unsigned char*, unsigned char)
                0x080087c8                ServoDigital::enableServo(unsigned char*, unsigned char)
                0x080087f8                ServoDigital::disableServo(unsigned char*, unsigned char)
                0x08008824                ServoDigital::executeInstruction(unsigned char*, unsigned char)
                0x08008858                ServoDigital::TxPacketBroadSynWrite(unsigned char, unsigned char)
                0x080088c0                ServoDigital::changeServoID(unsigned char*, unsigned char)
                0x080088e4                ServoDigital::axSendSpeed(unsigned char, unsigned short)
                0x0800890e                ServoDigital::packageReplyToDebug(unsigned char, unsigned char*, unsigned int)
 .text          0x08008910      0x4c4 ../../../../2_Package/robot_wheel/robot_wheel_top.o
                0x08008910                RobotWheel::robotWheelTopInit()
                0x08008954                RobotWheel::robotDataUpdate()
                0x08008ac4                RobotWheel::chassisControl()
                0x08008c20                RobotWheel::headControl()
                0x08008c74                RobotWheel::armControl()
                0x08008c76                RobotWheel::robotCoordCalc()
                0x08008cf4                RobotWheel::remoteAnalysis()
                0x08008db0                RobotWheel::robotWheelTopCall()
 *fill*         0x08008dd4        0x4 
 .text          0x08008dd8      0x880 ../../../../2_Package/robot_wheel/tf_3wd.o
                0x08008dd8                TF_3WD::robotToMotorTF(float const*, float*, float)
                0x08008e48                TF_3WD::motorToRobotTF(float const*, float*, float)
                0x08008ed4                TF_3WD::globalToRobotTF(float const*, float*, float)
                0x08008fec                TF_3WD::robotToGlobalTF(float const*, float*, float)
                0x080090fc                TF_3WD::globalToMotorTF(float const*, float*, float, float)
                0x080092bc                TF_3WD::motorToGlobalTF(float const*, float*, float, float)
                0x080094d0                TF_3WD::globalSpeedSet(float const*, float*, float)
                0x08009516                TF_3WD::robotSpeedSet(float const*, float*)
                0x08009558                TF_3WD::getGlobalCoordinate(float const*, float*)
                0x0800959e                TF_3WD::getRobotCoordinate(float const*, float*)
                0x080095e2                TF_3WD::getRobotSpeed(float const*, float*)
                0x0800961c                TF_3WD::getGlobalSpeed(float const*, float*, float)
 .text          0x08009658      0x68a ../../../../2_Package/hf_link/hf_link.o
                0x08009658                HFLink::receiveFiniteStates(unsigned char)
                0x0800975e                HFLink::sendMessage()
                0x080097e6                HFLink::sendStruct(Command, unsigned char*, unsigned short)
                0x08009818                HFLink::readCommandAnalysis(Command, unsigned char*, unsigned short)
                0x08009854                HFLink::setCommandAnalysis(Command, unsigned char*, unsigned short)
                0x080098ae                HFLink::packageAnalysis()
                0x08009a62                HFLink::byteAnalysisCall(unsigned char)
                0x08009aa2                HFLink::masterSendCommand(Command)
 *fill*         0x08009ce2        0x2 
 .text          0x08009ce4       0x74 ../../../../2_Package/hf_link/hf_link_port.o
                0x08009ce4                hFLinkSendBuffer(unsigned char, unsigned char*, unsigned short)
 .text          0x08009d58      0x370 /home/kedou/Project/OpenRE/Tools/gcc-arm-none-eabi-5_4-2016q2/bin/../lib/gcc/arm-none-eabi/5.4.1/armv7e-m/fpu/libgcc.a(_arm_addsubdf3.o)
                0x08009d58                __aeabi_drsub
                0x08009d60                __aeabi_dsub
                0x08009d60                __subdf3
                0x08009d64                __adddf3
                0x08009d64                __aeabi_dadd
                0x08009fdc                __aeabi_ui2d
                0x08009fdc                __floatunsidf
                0x08009ffc                __floatsidf
                0x08009ffc                __aeabi_i2d
                0x0800a020                __extendsfdf2
                0x0800a020                __aeabi_f2d
                0x0800a05c                __aeabi_ul2d
                0x0800a05c                __floatundidf
                0x0800a06c                __floatdidf
                0x0800a06c                __aeabi_l2d
 .text          0x0800a0c8      0x424 /home/kedou/Project/OpenRE/Tools/gcc-arm-none-eabi-5_4-2016q2/bin/../lib/gcc/arm-none-eabi/5.4.1/armv7e-m/fpu/libgcc.a(_arm_muldivdf3.o)
                0x0800a0c8                __aeabi_dmul
                0x0800a0c8                __muldf3
                0x0800a31c                __aeabi_ddiv
                0x0800a31c                __divdf3
 .text          0x0800a4ec      0x110 /home/kedou/Project/OpenRE/Tools/gcc-arm-none-eabi-5_4-2016q2/bin/../lib/gcc/arm-none-eabi/5.4.1/armv7e-m/fpu/libgcc.a(_arm_cmpdf2.o)
                0x0800a4ec                __gtdf2
                0x0800a4ec                __gedf2
                0x0800a4f4                __ltdf2
                0x0800a4f4                __ledf2
                0x0800a4fc                __cmpdf2
                0x0800a4fc                __eqdf2
                0x0800a4fc                __nedf2
                0x0800a578                __aeabi_cdrcmple
                0x0800a588                __aeabi_cdcmple
                0x0800a588                __aeabi_cdcmpeq
                0x0800a598                __aeabi_dcmpeq
                0x0800a5ac                __aeabi_dcmplt
                0x0800a5c0                __aeabi_dcmple
                0x0800a5d4                __aeabi_dcmpge
                0x0800a5e8                __aeabi_dcmpgt
 .text          0x0800a5fc       0x2c /home/kedou/Project/OpenRE/Tools/gcc-arm-none-eabi-5_4-2016q2/bin/../lib/gcc/arm-none-eabi/5.4.1/armv7e-m/fpu/libgcc.a(_arm_unorddf2.o)
                0x0800a5fc                __aeabi_dcmpun
                0x0800a5fc                __unorddf2
 .text          0x0800a628       0x50 /home/kedou/Project/OpenRE/Tools/gcc-arm-none-eabi-5_4-2016q2/bin/../lib/gcc/arm-none-eabi/5.4.1/armv7e-m/fpu/libgcc.a(_arm_fixdfsi.o)
                0x0800a628                __fixdfsi
                0x0800a628                __aeabi_d2iz
 .text          0x0800a678       0xa0 /home/kedou/Project/OpenRE/Tools/gcc-arm-none-eabi-5_4-2016q2/bin/../lib/gcc/arm-none-eabi/5.4.1/armv7e-m/fpu/libgcc.a(_arm_truncdfsf2.o)
                0x0800a678                __aeabi_d2f
                0x0800a678                __truncdfsf2
 .text          0x0800a718      0x134 /home/kedou/Project/OpenRE/Tools/gcc-arm-none-eabi-5_4-2016q2/bin/../lib/gcc/arm-none-eabi/5.4.1/../../../../arm-none-eabi/lib/armv7e-m/fpu/libg.a(lib_a-memcpy.o)
                0x0800a718                memcpy
 *fill*         0x0800a84c       0x34 
 .text          0x0800a880       0xdc /home/kedou/Project/OpenRE/Tools/gcc-arm-none-eabi-5_4-2016q2/bin/../lib/gcc/arm-none-eabi/5.4.1/../../../../arm-none-eabi/lib/armv7e-m/fpu/libg.a(lib_a-strlen.o)
                0x0800a880                strlen
 *fill*         0x0800a95c        0x4 
 .text          0x0800a960       0xa0 /home/kedou/Project/OpenRE/Tools/gcc-arm-none-eabi-5_4-2016q2/bin/../lib/gcc/arm-none-eabi/5.4.1/../../../../arm-none-eabi/lib/armv7e-m/fpu/libg.a(lib_a-memchr.o)
                0x0800a960                memchr
 .text          0x0800aa00       0x30 /home/kedou/Project/OpenRE/Tools/gcc-arm-none-eabi-5_4-2016q2/bin/../lib/gcc/arm-none-eabi/5.4.1/armv7e-m/fpu/libgcc.a(_aeabi_uldivmod.o)
                0x0800aa00                __aeabi_uldivmod
 .text          0x0800aa30      0x2e4 /home/kedou/Project/OpenRE/Tools/gcc-arm-none-eabi-5_4-2016q2/bin/../lib/gcc/arm-none-eabi/5.4.1/armv7e-m/fpu/libgcc.a(_udivmoddi4.o)
                0x0800aa30                __udivmoddi4
 .text          0x0800ad14        0x4 /home/kedou/Project/OpenRE/Tools/gcc-arm-none-eabi-5_4-2016q2/bin/../lib/gcc/arm-none-eabi/5.4.1/armv7e-m/fpu/libgcc.a(_dvmd_tls.o)
                0x0800ad14                __aeabi_ldiv0
                0x0800ad14                __aeabi_idiv0
 *(.text*)
 .text.Reset_Handler
                0x0800ad18       0x44 ../../../../1_Processor/STM32F4/STM32F4-Discovery_FW_V1.1.0/Libraries/CMSIS/ST/STM32F4xx/Source/Templates/gcc_ride7/startup_stm32f4xx.o
                0x0800ad18                Reset_Handler
 .text.Default_Handler
                0x0800ad5c        0x2 ../../../../1_Processor/STM32F4/STM32F4-Discovery_FW_V1.1.0/Libraries/CMSIS/ST/STM32F4xx/Source/Templates/gcc_ride7/startup_stm32f4xx.o
                0x0800ad5c                HASH_RNG_IRQHandler
                0x0800ad5c                TIM8_CC_IRQHandler
                0x0800ad5c                DebugMon_Handler
                0x0800ad5c                TIM1_CC_IRQHandler
                0x0800ad5c                DMA2_Stream5_IRQHandler
                0x0800ad5c                DMA1_Stream5_IRQHandler
                0x0800ad5c                SysTick_Handler
                0x0800ad5c                PVD_IRQHandler
                0x0800ad5c                SDIO_IRQHandler
                0x0800ad5c                TAMP_STAMP_IRQHandler
                0x0800ad5c                PendSV_Handler
                0x0800ad5c                NMI_Handler
                0x0800ad5c                CAN2_RX1_IRQHandler
                0x0800ad5c                TIM8_TRG_COM_TIM14_IRQHandler
                0x0800ad5c                TIM1_UP_TIM10_IRQHandler
                0x0800ad5c                TIM8_UP_TIM13_IRQHandler
                0x0800ad5c                I2C3_ER_IRQHandler
                0x0800ad5c                I2C2_EV_IRQHandler
                0x0800ad5c                DMA1_Stream2_IRQHandler
                0x0800ad5c                CAN1_RX0_IRQHandler
                0x0800ad5c                FPU_IRQHandler
                0x0800ad5c                OTG_HS_WKUP_IRQHandler
                0x0800ad5c                UsageFault_Handler
                0x0800ad5c                CAN2_SCE_IRQHandler
                0x0800ad5c                DMA2_Stream2_IRQHandler
                0x0800ad5c                SPI1_IRQHandler
                0x0800ad5c                TIM1_BRK_TIM9_IRQHandler
                0x0800ad5c                DCMI_IRQHandler
                0x0800ad5c                CAN2_RX0_IRQHandler
                0x0800ad5c                DMA2_Stream3_IRQHandler
                0x0800ad5c                USART6_IRQHandler
                0x0800ad5c                CRYP_IRQHandler
                0x0800ad5c                CAN1_RX1_IRQHandler
                0x0800ad5c                UART5_IRQHandler
                0x0800ad5c                DMA2_Stream0_IRQHandler
                0x0800ad5c                TIM4_IRQHandler
                0x0800ad5c                I2C1_EV_IRQHandler
                0x0800ad5c                DMA1_Stream6_IRQHandler
                0x0800ad5c                DMA1_Stream1_IRQHandler
                0x0800ad5c                UART4_IRQHandler
                0x0800ad5c                TIM3_IRQHandler
                0x0800ad5c                RCC_IRQHandler
                0x0800ad5c                TIM8_BRK_TIM12_IRQHandler
                0x0800ad5c                Default_Handler
                0x0800ad5c                EXTI15_10_IRQHandler
                0x0800ad5c                ADC_IRQHandler
                0x0800ad5c                DMA1_Stream7_IRQHandler
                0x0800ad5c                TIM7_IRQHandler
                0x0800ad5c                CAN2_TX_IRQHandler
                0x0800ad5c                DMA2_Stream7_IRQHandler
                0x0800ad5c                I2C3_EV_IRQHandler
                0x0800ad5c                EXTI9_5_IRQHandler
                0x0800ad5c                ETH_WKUP_IRQHandler
                0x0800ad5c                SPI2_IRQHandler
                0x0800ad5c                OTG_HS_EP1_IN_IRQHandler
                0x0800ad5c                MemManage_Handler
                0x0800ad5c                DMA1_Stream0_IRQHandler
                0x0800ad5c                CAN1_TX_IRQHandler
                0x0800ad5c                SVC_Handler
                0x0800ad5c                FSMC_IRQHandler
                0x0800ad5c                ETH_IRQHandler
                0x0800ad5c                OTG_HS_EP1_OUT_IRQHandler
                0x0800ad5c                WWDG_IRQHandler
                0x0800ad5c                TIM2_IRQHandler
                0x0800ad5c                OTG_FS_WKUP_IRQHandler
                0x0800ad5c                TIM1_TRG_COM_TIM11_IRQHandler
                0x0800ad5c                OTG_HS_IRQHandler
                0x0800ad5c                I2C2_ER_IRQHandler
                0x0800ad5c                DMA2_Stream1_IRQHandler
                0x0800ad5c                CAN1_SCE_IRQHandler
                0x0800ad5c                FLASH_IRQHandler
                0x0800ad5c                DMA2_Stream4_IRQHandler
                0x0800ad5c                BusFault_Handler
                0x0800ad5c                OTG_FS_IRQHandler
                0x0800ad5c                SPI3_IRQHandler
                0x0800ad5c                DMA1_Stream4_IRQHandler
                0x0800ad5c                I2C1_ER_IRQHandler
                0x0800ad5c                DMA2_Stream6_IRQHandler
                0x0800ad5c                DMA1_Stream3_IRQHandler
 *fill*         0x0800ad5e        0x2 
 .text.startup  0x0800ad60       0xa4 ../src/main.o
                0x0800ad60                main
 .text.startup  0x0800ae04        0xc ../../../../1_Processor/BoardAbstract/control_unit_v2.o
 .text.startup  0x0800ae10       0x14 ../../../../2_Package/common/queue.o
 .text.startup  0x0800ae24       0x10 ../../../../2_Package/imu/bmp085.o
 .text.startup  0x0800ae34       0x28 ../../../../2_Package/imu/hmc5883l.o
 .text.startup  0x0800ae5c       0x14 ../../../../2_Package/imu/imu_top.o
 .text.startup  0x0800ae70       0x20 ../../../../2_Package/imu/mpu6050.o
 .text.startup  0x0800ae90       0x10 ../../../../2_Package/imu/ms611.o
 .text._ZN12MotorControl16motorControlInitEfffh
                0x0800aea0       0x70 ../../../../2_Package/motor/motor_top.o
                0x0800aea0                MotorControl::motorControlInit(float, float, float, unsigned char)
 .text._ZN8MotorTopC2Ev
                0x0800af10       0x70 ../../../../2_Package/motor/motor_top.o
                0x0800af10                MotorTop::MotorTop()
                0x0800af10                MotorTop::MotorTop()
 .text.startup  0x0800af80       0x10 ../../../../2_Package/motor/motor_top.o
 .text.startup  0x0800af90       0x34 ../../../../2_Package/sbus_ppm/sbus_ppm.o
 .text._ZN6HeadAXC2Ev
                0x0800afc4       0x78 ../../../../2_Package/servo/pan_tilt_head_ax.o
                0x0800afc4                HeadAX::HeadAX()
                0x0800afc4                HeadAX::HeadAX()
 .text.startup  0x0800b03c       0x10 ../../../../2_Package/servo/pan_tilt_head_ax.o
 .text.startup  0x0800b04c      0x16c ../../../../2_Package/robot_wheel/robot_wheel_top.o
 .text.startup  0x0800b1b8       0x10 ../../../../2_Package/robot_wheel/tf_3wd.o
 .text.cos      0x0800b1c8       0xc0 /home/kedou/Project/OpenRE/Tools/gcc-arm-none-eabi-5_4-2016q2/bin/../lib/gcc/arm-none-eabi/5.4.1/../../../../arm-none-eabi/lib/armv7e-m/fpu/libm.a(lib_a-s_cos.o)
                0x0800b1c8                cos
 .text.sin      0x0800b288       0xc0 /home/kedou/Project/OpenRE/Tools/gcc-arm-none-eabi-5_4-2016q2/bin/../lib/gcc/arm-none-eabi/5.4.1/../../../../arm-none-eabi/lib/armv7e-m/fpu/libm.a(lib_a-s_sin.o)
                0x0800b288                sin
 .text.pow      0x0800b348      0x338 /home/kedou/Project/OpenRE/Tools/gcc-arm-none-eabi-5_4-2016q2/bin/../lib/gcc/arm-none-eabi/5.4.1/../../../../arm-none-eabi/lib/armv7e-m/fpu/libm.a(lib_a-w_pow.o)
                0x0800b348                pow
 .text.__ieee754_pow
                0x0800b680      0xb10 /home/kedou/Project/OpenRE/Tools/gcc-arm-none-eabi-5_4-2016q2/bin/../lib/gcc/arm-none-eabi/5.4.1/../../../../arm-none-eabi/lib/armv7e-m/fpu/libm.a(lib_a-e_pow.o)
                0x0800b680                __ieee754_pow
 .text.__ieee754_rem_pio2
                0x0800c190      0x44c /home/kedou/Project/OpenRE/Tools/gcc-arm-none-eabi-5_4-2016q2/bin/../lib/gcc/arm-none-eabi/5.4.1/../../../../arm-none-eabi/lib/armv7e-m/fpu/libm.a(lib_a-e_rem_pio2.o)
                0x0800c190                __ieee754_rem_pio2
 .text.__ieee754_sqrt
                0x0800c5dc      0x1a0 /home/kedou/Project/OpenRE/Tools/gcc-arm-none-eabi-5_4-2016q2/bin/../lib/gcc/arm-none-eabi/5.4.1/../../../../arm-none-eabi/lib/armv7e-m/fpu/libm.a(lib_a-e_sqrt.o)
                0x0800c5dc                __ieee754_sqrt
 *fill*         0x0800c77c        0x4 
 .text.__kernel_cos
                0x0800c780      0x284 /home/kedou/Project/OpenRE/Tools/gcc-arm-none-eabi-5_4-2016q2/bin/../lib/gcc/arm-none-eabi/5.4.1/../../../../arm-none-eabi/lib/armv7e-m/fpu/libm.a(lib_a-k_cos.o)
                0x0800c780                __kernel_cos
 *fill*         0x0800ca04        0x4 
 .text.__kernel_rem_pio2
                0x0800ca08      0x820 /home/kedou/Project/OpenRE/Tools/gcc-arm-none-eabi-5_4-2016q2/bin/../lib/gcc/arm-none-eabi/5.4.1/../../../../arm-none-eabi/lib/armv7e-m/fpu/libm.a(lib_a-k_rem_pio2.o)
                0x0800ca08                __kernel_rem_pio2
 .text.__kernel_sin
                0x0800d228      0x194 /home/kedou/Project/OpenRE/Tools/gcc-arm-none-eabi-5_4-2016q2/bin/../lib/gcc/arm-none-eabi/5.4.1/../../../../arm-none-eabi/lib/armv7e-m/fpu/libm.a(lib_a-k_sin.o)
                0x0800d228                __kernel_sin
 .text.fabs     0x0800d3bc       0x10 /home/kedou/Project/OpenRE/Tools/gcc-arm-none-eabi-5_4-2016q2/bin/../lib/gcc/arm-none-eabi/5.4.1/../../../../arm-none-eabi/lib/armv7e-m/fpu/libm.a(lib_a-s_fabs.o)
                0x0800d3bc                fabs
 .text.finite   0x0800d3cc       0x10 /home/kedou/Project/OpenRE/Tools/gcc-arm-none-eabi-5_4-2016q2/bin/../lib/gcc/arm-none-eabi/5.4.1/../../../../arm-none-eabi/lib/armv7e-m/fpu/libm.a(lib_a-s_finite.o)
                0x0800d3cc                finite
 *fill*         0x0800d3dc        0x4 
 .text.floor    0x0800d3e0      0x120 /home/kedou/Project/OpenRE/Tools/gcc-arm-none-eabi-5_4-2016q2/bin/../lib/gcc/arm-none-eabi/5.4.1/../../../../arm-none-eabi/lib/armv7e-m/fpu/libm.a(lib_a-s_floor.o)
                0x0800d3e0                floor
 .text.matherr  0x0800d500        0x4 /home/kedou/Project/OpenRE/Tools/gcc-arm-none-eabi-5_4-2016q2/bin/../lib/gcc/arm-none-eabi/5.4.1/../../../../arm-none-eabi/lib/armv7e-m/fpu/libm.a(lib_a-s_matherr.o)
                0x0800d500                matherr
 *fill*         0x0800d504        0x4 
 .text.nan      0x0800d508       0x10 /home/kedou/Project/OpenRE/Tools/gcc-arm-none-eabi-5_4-2016q2/bin/../lib/gcc/arm-none-eabi/5.4.1/../../../../arm-none-eabi/lib/armv7e-m/fpu/libm.a(lib_a-s_nan.o)
                0x0800d508                nan
 .text.rint     0x0800d518      0x128 /home/kedou/Project/OpenRE/Tools/gcc-arm-none-eabi-5_4-2016q2/bin/../lib/gcc/arm-none-eabi/5.4.1/../../../../arm-none-eabi/lib/armv7e-m/fpu/libm.a(lib_a-s_rint.o)
                0x0800d518                rint
 .text.scalbn   0x0800d640      0x10c /home/kedou/Project/OpenRE/Tools/gcc-arm-none-eabi-5_4-2016q2/bin/../lib/gcc/arm-none-eabi/5.4.1/../../../../arm-none-eabi/lib/armv7e-m/fpu/libm.a(lib_a-s_scalbn.o)
                0x0800d640                scalbn
 .text.copysign
                0x0800d74c       0x1c /home/kedou/Project/OpenRE/Tools/gcc-arm-none-eabi-5_4-2016q2/bin/../lib/gcc/arm-none-eabi/5.4.1/../../../../arm-none-eabi/lib/armv7e-m/fpu/libm.a(lib_a-s_copysign.o)
                0x0800d74c                copysign
 .text.__errno  0x0800d768        0xc /home/kedou/Project/OpenRE/Tools/gcc-arm-none-eabi-5_4-2016q2/bin/../lib/gcc/arm-none-eabi/5.4.1/../../../../arm-none-eabi/lib/armv7e-m/fpu/libg.a(lib_a-errno.o)
                0x0800d768                __errno
 .text.printf   0x0800d774       0x28 /home/kedou/Project/OpenRE/Tools/gcc-arm-none-eabi-5_4-2016q2/bin/../lib/gcc/arm-none-eabi/5.4.1/../../../../arm-none-eabi/lib/armv7e-m/fpu/libg.a(lib_a-printf.o)
                0x0800d774                printf
 .text._puts_r  0x0800d79c       0x68 /home/kedou/Project/OpenRE/Tools/gcc-arm-none-eabi-5_4-2016q2/bin/../lib/gcc/arm-none-eabi/5.4.1/../../../../arm-none-eabi/lib/armv7e-m/fpu/libg.a(lib_a-puts.o)
                0x0800d79c                _puts_r
 .text.puts     0x0800d804       0x10 /home/kedou/Project/OpenRE/Tools/gcc-arm-none-eabi-5_4-2016q2/bin/../lib/gcc/arm-none-eabi/5.4.1/../../../../arm-none-eabi/lib/armv7e-m/fpu/libg.a(lib_a-puts.o)
                0x0800d804                puts
 .text.critical_factorization
                0x0800d814       0xb8 /home/kedou/Project/OpenRE/Tools/gcc-arm-none-eabi-5_4-2016q2/bin/../lib/gcc/arm-none-eabi/5.4.1/../../../../arm-none-eabi/lib/armv7e-m/fpu/libg.a(lib_a-strstr.o)
 .text.two_way_long_needle
                0x0800d8cc      0x200 /home/kedou/Project/OpenRE/Tools/gcc-arm-none-eabi-5_4-2016q2/bin/../lib/gcc/arm-none-eabi/5.4.1/../../../../arm-none-eabi/lib/armv7e-m/fpu/libg.a(lib_a-strstr.o)
 .text.strstr   0x0800dacc      0x220 /home/kedou/Project/OpenRE/Tools/gcc-arm-none-eabi-5_4-2016q2/bin/../lib/gcc/arm-none-eabi/5.4.1/../../../../arm-none-eabi/lib/armv7e-m/fpu/libg.a(lib_a-strstr.o)
                0x0800dacc                strstr
 *fill*         0x0800dcec        0x4 
 .text._vfprintf_r
                0x0800dcf0     0x1714 /home/kedou/Project/OpenRE/Tools/gcc-arm-none-eabi-5_4-2016q2/bin/../lib/gcc/arm-none-eabi/5.4.1/../../../../arm-none-eabi/lib/armv7e-m/fpu/libg.a(lib_a-vfprintf.o)
                0x0800dcf0                _vfprintf_r
 .text.__sbprintf
                0x0800f404       0x6c /home/kedou/Project/OpenRE/Tools/gcc-arm-none-eabi-5_4-2016q2/bin/../lib/gcc/arm-none-eabi/5.4.1/../../../../arm-none-eabi/lib/armv7e-m/fpu/libg.a(lib_a-vfprintf.o)
 .text.__swsetup_r
                0x0800f470       0xc8 /home/kedou/Project/OpenRE/Tools/gcc-arm-none-eabi-5_4-2016q2/bin/../lib/gcc/arm-none-eabi/5.4.1/../../../../arm-none-eabi/lib/armv7e-m/fpu/libg.a(lib_a-wsetup.o)
                0x0800f470                __swsetup_r
 .text.quorem   0x0800f538      0x128 /home/kedou/Project/OpenRE/Tools/gcc-arm-none-eabi-5_4-2016q2/bin/../lib/gcc/arm-none-eabi/5.4.1/../../../../arm-none-eabi/lib/armv7e-m/fpu/libg.a(lib_a-dtoa.o)
 .text._dtoa_r  0x0800f660      0xe34 /home/kedou/Project/OpenRE/Tools/gcc-arm-none-eabi-5_4-2016q2/bin/../lib/gcc/arm-none-eabi/5.4.1/../../../../arm-none-eabi/lib/armv7e-m/fpu/libg.a(lib_a-dtoa.o)
                0x0800f660                _dtoa_r
 .text.__sflush_r
                0x08010494      0x148 /home/kedou/Project/OpenRE/Tools/gcc-arm-none-eabi-5_4-2016q2/bin/../lib/gcc/arm-none-eabi/5.4.1/../../../../arm-none-eabi/lib/armv7e-m/fpu/libg.a(lib_a-fflush.o)
                0x08010494                __sflush_r
 .text._fflush_r
                0x080105dc       0x2c /home/kedou/Project/OpenRE/Tools/gcc-arm-none-eabi-5_4-2016q2/bin/../lib/gcc/arm-none-eabi/5.4.1/../../../../arm-none-eabi/lib/armv7e-m/fpu/libg.a(lib_a-fflush.o)
                0x080105dc                _fflush_r
 .text._cleanup_r
                0x08010608        0xc /home/kedou/Project/OpenRE/Tools/gcc-arm-none-eabi-5_4-2016q2/bin/../lib/gcc/arm-none-eabi/5.4.1/../../../../arm-none-eabi/lib/armv7e-m/fpu/libg.a(lib_a-findfp.o)
                0x08010608                _cleanup_r
 .text.__sinit.part.1
                0x08010614       0xf0 /home/kedou/Project/OpenRE/Tools/gcc-arm-none-eabi-5_4-2016q2/bin/../lib/gcc/arm-none-eabi/5.4.1/../../../../arm-none-eabi/lib/armv7e-m/fpu/libg.a(lib_a-findfp.o)
 .text.__sinit  0x08010704        0xc /home/kedou/Project/OpenRE/Tools/gcc-arm-none-eabi-5_4-2016q2/bin/../lib/gcc/arm-none-eabi/5.4.1/../../../../arm-none-eabi/lib/armv7e-m/fpu/libg.a(lib_a-findfp.o)
                0x08010704                __sinit
 .text.__sfp_lock_acquire
                0x08010710        0x4 /home/kedou/Project/OpenRE/Tools/gcc-arm-none-eabi-5_4-2016q2/bin/../lib/gcc/arm-none-eabi/5.4.1/../../../../arm-none-eabi/lib/armv7e-m/fpu/libg.a(lib_a-findfp.o)
                0x08010710                __sfp_lock_acquire
 .text.__sfp_lock_release
                0x08010714        0x4 /home/kedou/Project/OpenRE/Tools/gcc-arm-none-eabi-5_4-2016q2/bin/../lib/gcc/arm-none-eabi/5.4.1/../../../../arm-none-eabi/lib/armv7e-m/fpu/libg.a(lib_a-findfp.o)
                0x08010714                __sfp_lock_release
 .text._malloc_trim_r
                0x08010718       0x9c /home/kedou/Project/OpenRE/Tools/gcc-arm-none-eabi-5_4-2016q2/bin/../lib/gcc/arm-none-eabi/5.4.1/../../../../arm-none-eabi/lib/armv7e-m/fpu/libg.a(lib_a-freer.o)
                0x08010718                _malloc_trim_r
 .text._free_r  0x080107b4      0x1d0 /home/kedou/Project/OpenRE/Tools/gcc-arm-none-eabi-5_4-2016q2/bin/../lib/gcc/arm-none-eabi/5.4.1/../../../../arm-none-eabi/lib/armv7e-m/fpu/libg.a(lib_a-freer.o)
                0x080107b4                _free_r
 .text.__sfvwrite_r
                0x08010984      0x304 /home/kedou/Project/OpenRE/Tools/gcc-arm-none-eabi-5_4-2016q2/bin/../lib/gcc/arm-none-eabi/5.4.1/../../../../arm-none-eabi/lib/armv7e-m/fpu/libg.a(lib_a-fvwrite.o)
                0x08010984                __sfvwrite_r
 .text._fwalk_reent
                0x08010c88       0x54 /home/kedou/Project/OpenRE/Tools/gcc-arm-none-eabi-5_4-2016q2/bin/../lib/gcc/arm-none-eabi/5.4.1/../../../../arm-none-eabi/lib/armv7e-m/fpu/libg.a(lib_a-fwalk.o)
                0x08010c88                _fwalk_reent
 .text.__locale_charset
                0x08010cdc        0x8 /home/kedou/Project/OpenRE/Tools/gcc-arm-none-eabi-5_4-2016q2/bin/../lib/gcc/arm-none-eabi/5.4.1/../../../../arm-none-eabi/lib/armv7e-m/fpu/libg.a(lib_a-locale.o)
                0x08010cdc                __locale_charset
 .text.__locale_mb_cur_max
                0x08010ce4        0xc /home/kedou/Project/OpenRE/Tools/gcc-arm-none-eabi-5_4-2016q2/bin/../lib/gcc/arm-none-eabi/5.4.1/../../../../arm-none-eabi/lib/armv7e-m/fpu/libg.a(lib_a-locale.o)
                0x08010ce4                __locale_mb_cur_max
 .text._localeconv_r
                0x08010cf0        0x8 /home/kedou/Project/OpenRE/Tools/gcc-arm-none-eabi-5_4-2016q2/bin/../lib/gcc/arm-none-eabi/5.4.1/../../../../arm-none-eabi/lib/armv7e-m/fpu/libg.a(lib_a-locale.o)
                0x08010cf0                _localeconv_r
 .text.__swhatbuf_r
                0x08010cf8       0x60 /home/kedou/Project/OpenRE/Tools/gcc-arm-none-eabi-5_4-2016q2/bin/../lib/gcc/arm-none-eabi/5.4.1/../../../../arm-none-eabi/lib/armv7e-m/fpu/libg.a(lib_a-makebuf.o)
                0x08010cf8                __swhatbuf_r
 .text.__smakebuf_r
                0x08010d58       0x88 /home/kedou/Project/OpenRE/Tools/gcc-arm-none-eabi-5_4-2016q2/bin/../lib/gcc/arm-none-eabi/5.4.1/../../../../arm-none-eabi/lib/armv7e-m/fpu/libg.a(lib_a-makebuf.o)
                0x08010d58                __smakebuf_r
 .text._malloc_r
                0x08010de0      0x570 /home/kedou/Project/OpenRE/Tools/gcc-arm-none-eabi-5_4-2016q2/bin/../lib/gcc/arm-none-eabi/5.4.1/../../../../arm-none-eabi/lib/armv7e-m/fpu/libg.a(lib_a-mallocr.o)
                0x08010de0                _malloc_r
 .text.memcmp   0x08011350       0x64 /home/kedou/Project/OpenRE/Tools/gcc-arm-none-eabi-5_4-2016q2/bin/../lib/gcc/arm-none-eabi/5.4.1/../../../../arm-none-eabi/lib/armv7e-m/fpu/libg.a(lib_a-memcmp.o)
                0x08011350                memcmp
 .text.memmove  0x080113b4       0xc8 /home/kedou/Project/OpenRE/Tools/gcc-arm-none-eabi-5_4-2016q2/bin/../lib/gcc/arm-none-eabi/5.4.1/../../../../arm-none-eabi/lib/armv7e-m/fpu/libg.a(lib_a-memmove.o)
                0x080113b4                memmove
 .text.memset   0x0801147c       0x9c /home/kedou/Project/OpenRE/Tools/gcc-arm-none-eabi-5_4-2016q2/bin/../lib/gcc/arm-none-eabi/5.4.1/../../../../arm-none-eabi/lib/armv7e-m/fpu/libg.a(lib_a-memset.o)
                0x0801147c                memset
 .text.__malloc_lock
                0x08011518        0x4 /home/kedou/Project/OpenRE/Tools/gcc-arm-none-eabi-5_4-2016q2/bin/../lib/gcc/arm-none-eabi/5.4.1/../../../../arm-none-eabi/lib/armv7e-m/fpu/libg.a(lib_a-mlock.o)
                0x08011518                __malloc_lock
 .text.__malloc_unlock
                0x0801151c        0x4 /home/kedou/Project/OpenRE/Tools/gcc-arm-none-eabi-5_4-2016q2/bin/../lib/gcc/arm-none-eabi/5.4.1/../../../../arm-none-eabi/lib/armv7e-m/fpu/libg.a(lib_a-mlock.o)
                0x0801151c                __malloc_unlock
 .text._Balloc  0x08011520       0x4c /home/kedou/Project/OpenRE/Tools/gcc-arm-none-eabi-5_4-2016q2/bin/../lib/gcc/arm-none-eabi/5.4.1/../../../../arm-none-eabi/lib/armv7e-m/fpu/libg.a(lib_a-mprec.o)
                0x08011520                _Balloc
 .text._Bfree   0x0801156c       0x14 /home/kedou/Project/OpenRE/Tools/gcc-arm-none-eabi-5_4-2016q2/bin/../lib/gcc/arm-none-eabi/5.4.1/../../../../arm-none-eabi/lib/armv7e-m/fpu/libg.a(lib_a-mprec.o)
                0x0801156c                _Bfree
 .text.__multadd
                0x08011580       0x80 /home/kedou/Project/OpenRE/Tools/gcc-arm-none-eabi-5_4-2016q2/bin/../lib/gcc/arm-none-eabi/5.4.1/../../../../arm-none-eabi/lib/armv7e-m/fpu/libg.a(lib_a-mprec.o)
                0x08011580                __multadd
 .text.__hi0bits
                0x08011600       0x40 /home/kedou/Project/OpenRE/Tools/gcc-arm-none-eabi-5_4-2016q2/bin/../lib/gcc/arm-none-eabi/5.4.1/../../../../arm-none-eabi/lib/armv7e-m/fpu/libg.a(lib_a-mprec.o)
                0x08011600                __hi0bits
 .text.__lo0bits
                0x08011640       0x5c /home/kedou/Project/OpenRE/Tools/gcc-arm-none-eabi-5_4-2016q2/bin/../lib/gcc/arm-none-eabi/5.4.1/../../../../arm-none-eabi/lib/armv7e-m/fpu/libg.a(lib_a-mprec.o)
                0x08011640                __lo0bits
 .text.__i2b    0x0801169c       0x14 /home/kedou/Project/OpenRE/Tools/gcc-arm-none-eabi-5_4-2016q2/bin/../lib/gcc/arm-none-eabi/5.4.1/../../../../arm-none-eabi/lib/armv7e-m/fpu/libg.a(lib_a-mprec.o)
                0x0801169c                __i2b
 .text.__multiply
                0x080116b0      0x130 /home/kedou/Project/OpenRE/Tools/gcc-arm-none-eabi-5_4-2016q2/bin/../lib/gcc/arm-none-eabi/5.4.1/../../../../arm-none-eabi/lib/armv7e-m/fpu/libg.a(lib_a-mprec.o)
                0x080116b0                __multiply
 .text.__pow5mult
                0x080117e0       0xa0 /home/kedou/Project/OpenRE/Tools/gcc-arm-none-eabi-5_4-2016q2/bin/../lib/gcc/arm-none-eabi/5.4.1/../../../../arm-none-eabi/lib/armv7e-m/fpu/libg.a(lib_a-mprec.o)
                0x080117e0                __pow5mult
 .text.__lshift
                0x08011880       0xb0 /home/kedou/Project/OpenRE/Tools/gcc-arm-none-eabi-5_4-2016q2/bin/../lib/gcc/arm-none-eabi/5.4.1/../../../../arm-none-eabi/lib/armv7e-m/fpu/libg.a(lib_a-mprec.o)
                0x08011880                __lshift
 .text.__mcmp   0x08011930       0x44 /home/kedou/Project/OpenRE/Tools/gcc-arm-none-eabi-5_4-2016q2/bin/../lib/gcc/arm-none-eabi/5.4.1/../../../../arm-none-eabi/lib/armv7e-m/fpu/libg.a(lib_a-mprec.o)
                0x08011930                __mcmp
 .text.__mdiff  0x08011974      0x114 /home/kedou/Project/OpenRE/Tools/gcc-arm-none-eabi-5_4-2016q2/bin/../lib/gcc/arm-none-eabi/5.4.1/../../../../arm-none-eabi/lib/armv7e-m/fpu/libg.a(lib_a-mprec.o)
                0x08011974                __mdiff
 .text.__d2b    0x08011a88       0xbc /home/kedou/Project/OpenRE/Tools/gcc-arm-none-eabi-5_4-2016q2/bin/../lib/gcc/arm-none-eabi/5.4.1/../../../../arm-none-eabi/lib/armv7e-m/fpu/libg.a(lib_a-mprec.o)
                0x08011a88                __d2b
 .text._realloc_r
                0x08011b44      0x3e0 /home/kedou/Project/OpenRE/Tools/gcc-arm-none-eabi-5_4-2016q2/bin/../lib/gcc/arm-none-eabi/5.4.1/../../../../arm-none-eabi/lib/armv7e-m/fpu/libg.a(lib_a-reallocr.o)
                0x08011b44                _realloc_r
 .text._sbrk_r  0x08011f24       0x24 /home/kedou/Project/OpenRE/Tools/gcc-arm-none-eabi-5_4-2016q2/bin/../lib/gcc/arm-none-eabi/5.4.1/../../../../arm-none-eabi/lib/armv7e-m/fpu/libg.a(lib_a-sbrkr.o)
                0x08011f24                _sbrk_r
 .text.__sread  0x08011f48       0x24 /home/kedou/Project/OpenRE/Tools/gcc-arm-none-eabi-5_4-2016q2/bin/../lib/gcc/arm-none-eabi/5.4.1/../../../../arm-none-eabi/lib/armv7e-m/fpu/libg.a(lib_a-stdio.o)
                0x08011f48                __sread
 .text.__swrite
                0x08011f6c       0x3c /home/kedou/Project/OpenRE/Tools/gcc-arm-none-eabi-5_4-2016q2/bin/../lib/gcc/arm-none-eabi/5.4.1/../../../../arm-none-eabi/lib/armv7e-m/fpu/libg.a(lib_a-stdio.o)
                0x08011f6c                __swrite
 .text.__sseek  0x08011fa8       0x20 /home/kedou/Project/OpenRE/Tools/gcc-arm-none-eabi-5_4-2016q2/bin/../lib/gcc/arm-none-eabi/5.4.1/../../../../arm-none-eabi/lib/armv7e-m/fpu/libg.a(lib_a-stdio.o)
                0x08011fa8                __sseek
 .text.__sclose
                0x08011fc8        0x8 /home/kedou/Project/OpenRE/Tools/gcc-arm-none-eabi-5_4-2016q2/bin/../lib/gcc/arm-none-eabi/5.4.1/../../../../arm-none-eabi/lib/armv7e-m/fpu/libg.a(lib_a-stdio.o)
                0x08011fc8                __sclose
 .text.strchr   0x08011fd0       0xd0 /home/kedou/Project/OpenRE/Tools/gcc-arm-none-eabi-5_4-2016q2/bin/../lib/gcc/arm-none-eabi/5.4.1/../../../../arm-none-eabi/lib/armv7e-m/fpu/libg.a(lib_a-strchr.o)
                0x08011fd0                strchr
 .text.__sprint_r.part.0
                0x080120a0       0x78 /home/kedou/Project/OpenRE/Tools/gcc-arm-none-eabi-5_4-2016q2/bin/../lib/gcc/arm-none-eabi/5.4.1/../../../../arm-none-eabi/lib/armv7e-m/fpu/libg.a(lib_a-vfiprintf.o)
 .text.__sprint_r
                0x08012118       0x14 /home/kedou/Project/OpenRE/Tools/gcc-arm-none-eabi-5_4-2016q2/bin/../lib/gcc/arm-none-eabi/5.4.1/../../../../arm-none-eabi/lib/armv7e-m/fpu/libg.a(lib_a-vfiprintf.o)
                0x08012118                __sprint_r
 .text._write_r
                0x0801212c       0x2c /home/kedou/Project/OpenRE/Tools/gcc-arm-none-eabi-5_4-2016q2/bin/../lib/gcc/arm-none-eabi/5.4.1/../../../../arm-none-eabi/lib/armv7e-m/fpu/libg.a(lib_a-writer.o)
                0x0801212c                _write_r
 .text._calloc_r
                0x08012158       0x60 /home/kedou/Project/OpenRE/Tools/gcc-arm-none-eabi-5_4-2016q2/bin/../lib/gcc/arm-none-eabi/5.4.1/../../../../arm-none-eabi/lib/armv7e-m/fpu/libg.a(lib_a-callocr.o)
                0x08012158                _calloc_r
 .text._close_r
                0x080121b8       0x24 /home/kedou/Project/OpenRE/Tools/gcc-arm-none-eabi-5_4-2016q2/bin/../lib/gcc/arm-none-eabi/5.4.1/../../../../arm-none-eabi/lib/armv7e-m/fpu/libg.a(lib_a-closer.o)
                0x080121b8                _close_r
 .text._fclose_r
                0x080121dc       0x84 /home/kedou/Project/OpenRE/Tools/gcc-arm-none-eabi-5_4-2016q2/bin/../lib/gcc/arm-none-eabi/5.4.1/../../../../arm-none-eabi/lib/armv7e-m/fpu/libg.a(lib_a-fclose.o)
                0x080121dc                _fclose_r
 .text.__fputwc
                0x08012260       0x98 /home/kedou/Project/OpenRE/Tools/gcc-arm-none-eabi-5_4-2016q2/bin/../lib/gcc/arm-none-eabi/5.4.1/../../../../arm-none-eabi/lib/armv7e-m/fpu/libg.a(lib_a-fputwc.o)
                0x08012260                __fputwc
 .text._fputwc_r
                0x080122f8       0x28 /home/kedou/Project/OpenRE/Tools/gcc-arm-none-eabi-5_4-2016q2/bin/../lib/gcc/arm-none-eabi/5.4.1/../../../../arm-none-eabi/lib/armv7e-m/fpu/libg.a(lib_a-fputwc.o)
                0x080122f8                _fputwc_r
 .text._fstat_r
                0x08012320       0x28 /home/kedou/Project/OpenRE/Tools/gcc-arm-none-eabi-5_4-2016q2/bin/../lib/gcc/arm-none-eabi/5.4.1/../../../../arm-none-eabi/lib/armv7e-m/fpu/libg.a(lib_a-fstatr.o)
                0x08012320                _fstat_r
 .text._isatty_r
                0x08012348       0x24 /home/kedou/Project/OpenRE/Tools/gcc-arm-none-eabi-5_4-2016q2/bin/../lib/gcc/arm-none-eabi/5.4.1/../../../../arm-none-eabi/lib/armv7e-m/fpu/libg.a(lib_a-isattyr.o)
                0x08012348                _isatty_r
 .text._lseek_r
                0x0801236c       0x2c /home/kedou/Project/OpenRE/Tools/gcc-arm-none-eabi-5_4-2016q2/bin/../lib/gcc/arm-none-eabi/5.4.1/../../../../arm-none-eabi/lib/armv7e-m/fpu/libg.a(lib_a-lseekr.o)
                0x0801236c                _lseek_r
 .text._read_r  0x08012398       0x2c /home/kedou/Project/OpenRE/Tools/gcc-arm-none-eabi-5_4-2016q2/bin/../lib/gcc/arm-none-eabi/5.4.1/../../../../arm-none-eabi/lib/armv7e-m/fpu/libg.a(lib_a-readr.o)
                0x08012398                _read_r
 .text.__swbuf_r
                0x080123c4       0xac /home/kedou/Project/OpenRE/Tools/gcc-arm-none-eabi-5_4-2016q2/bin/../lib/gcc/arm-none-eabi/5.4.1/../../../../arm-none-eabi/lib/armv7e-m/fpu/libg.a(lib_a-wbuf.o)
                0x080123c4                __swbuf_r
 .text._wcrtomb_r
                0x08012470       0x54 /home/kedou/Project/OpenRE/Tools/gcc-arm-none-eabi-5_4-2016q2/bin/../lib/gcc/arm-none-eabi/5.4.1/../../../../arm-none-eabi/lib/armv7e-m/fpu/libg.a(lib_a-wcrtomb.o)
                0x08012470                _wcrtomb_r
 .text.__ascii_wctomb
                0x080124c4       0x1c /home/kedou/Project/OpenRE/Tools/gcc-arm-none-eabi-5_4-2016q2/bin/../lib/gcc/arm-none-eabi/5.4.1/../../../../arm-none-eabi/lib/armv7e-m/fpu/libg.a(lib_a-wctomb_r.o)
                0x080124c4                __ascii_wctomb
 *(.rodata)
 .rodata        0x080124e0        0xc ../../../../1_Processor/STM32F4/BSPLIB/rtc.o
                0x080124e0                table_week
 *(.rodata*)
 .rodata.str1.1
                0x080124ec       0x1f ../../../../1_Processor/STM32F4/BSPLIB/usart.o
 .rodata.str1.1
                0x0801250b        0xc ../src/main.o
 .rodata.str1.1
                0x08012517       0x22 ../../../../2_Package/imu/gps.o
 .rodata.str1.1
                0x08012539      0x198 ../../../../2_Package/imu/imu_top.o
 *fill*         0x080126d1        0x3 
 .rodata.str1.4
                0x080126d4        0x4 /home/kedou/Project/OpenRE/Tools/gcc-arm-none-eabi-5_4-2016q2/bin/../lib/gcc/arm-none-eabi/5.4.1/../../../../arm-none-eabi/lib/armv7e-m/fpu/libm.a(lib_a-w_pow.o)
 .rodata.str1.4
                0x080126d8        0x4 /home/kedou/Project/OpenRE/Tools/gcc-arm-none-eabi-5_4-2016q2/bin/../lib/gcc/arm-none-eabi/5.4.1/../../../../arm-none-eabi/lib/armv7e-m/fpu/libm.a(lib_a-e_pow.o)
                                  0x1 (size before relaxing)
 .rodata.npio2_hw
                0x080126d8       0x80 /home/kedou/Project/OpenRE/Tools/gcc-arm-none-eabi-5_4-2016q2/bin/../lib/gcc/arm-none-eabi/5.4.1/../../../../arm-none-eabi/lib/armv7e-m/fpu/libm.a(lib_a-e_rem_pio2.o)
 .rodata.two_over_pi
                0x08012758      0x108 /home/kedou/Project/OpenRE/Tools/gcc-arm-none-eabi-5_4-2016q2/bin/../lib/gcc/arm-none-eabi/5.4.1/../../../../arm-none-eabi/lib/armv7e-m/fpu/libm.a(lib_a-e_rem_pio2.o)
 .rodata.init_jk
                0x08012860       0x10 /home/kedou/Project/OpenRE/Tools/gcc-arm-none-eabi-5_4-2016q2/bin/../lib/gcc/arm-none-eabi/5.4.1/../../../../arm-none-eabi/lib/armv7e-m/fpu/libm.a(lib_a-k_rem_pio2.o)
 .rodata.PIo2   0x08012870       0x40 /home/kedou/Project/OpenRE/Tools/gcc-arm-none-eabi-5_4-2016q2/bin/../lib/gcc/arm-none-eabi/5.4.1/../../../../arm-none-eabi/lib/armv7e-m/fpu/libm.a(lib_a-k_rem_pio2.o)
 .rodata.TWO52  0x080128b0       0x10 /home/kedou/Project/OpenRE/Tools/gcc-arm-none-eabi-5_4-2016q2/bin/../lib/gcc/arm-none-eabi/5.4.1/../../../../arm-none-eabi/lib/armv7e-m/fpu/libm.a(lib_a-s_rint.o)
 .rodata.str1.4
                0x080128c0        0x2 /home/kedou/Project/OpenRE/Tools/gcc-arm-none-eabi-5_4-2016q2/bin/../lib/gcc/arm-none-eabi/5.4.1/../../../../arm-none-eabi/lib/armv7e-m/fpu/libg.a(lib_a-impure.o)
 *fill*         0x080128c2        0x2 
 .rodata.str1.4
                0x080128c4        0x2 /home/kedou/Project/OpenRE/Tools/gcc-arm-none-eabi-5_4-2016q2/bin/../lib/gcc/arm-none-eabi/5.4.1/../../../../arm-none-eabi/lib/armv7e-m/fpu/libg.a(lib_a-puts.o)
 *fill*         0x080128c6        0x2 
 .rodata.blanks.7072
                0x080128c8       0x10 /home/kedou/Project/OpenRE/Tools/gcc-arm-none-eabi-5_4-2016q2/bin/../lib/gcc/arm-none-eabi/5.4.1/../../../../arm-none-eabi/lib/armv7e-m/fpu/libg.a(lib_a-vfprintf.o)
 .rodata.str1.4
                0x080128d8       0x42 /home/kedou/Project/OpenRE/Tools/gcc-arm-none-eabi-5_4-2016q2/bin/../lib/gcc/arm-none-eabi/5.4.1/../../../../arm-none-eabi/lib/armv7e-m/fpu/libg.a(lib_a-vfprintf.o)
 *fill*         0x0801291a        0x2 
 .rodata.zeroes.7073
                0x0801291c       0x10 /home/kedou/Project/OpenRE/Tools/gcc-arm-none-eabi-5_4-2016q2/bin/../lib/gcc/arm-none-eabi/5.4.1/../../../../arm-none-eabi/lib/armv7e-m/fpu/libg.a(lib_a-vfprintf.o)
 .rodata.str1.4
                0x0801292c       0x10 /home/kedou/Project/OpenRE/Tools/gcc-arm-none-eabi-5_4-2016q2/bin/../lib/gcc/arm-none-eabi/5.4.1/../../../../arm-none-eabi/lib/armv7e-m/fpu/libg.a(lib_a-dtoa.o)
                                 0x12 (size before relaxing)
 .rodata.str1.4
                0x0801293c        0xc /home/kedou/Project/OpenRE/Tools/gcc-arm-none-eabi-5_4-2016q2/bin/../lib/gcc/arm-none-eabi/5.4.1/../../../../arm-none-eabi/lib/armv7e-m/fpu/libg.a(lib_a-locale.o)
                                 0x12 (size before relaxing)
 .rodata.p05.5398
                0x08012948        0xc /home/kedou/Project/OpenRE/Tools/gcc-arm-none-eabi-5_4-2016q2/bin/../lib/gcc/arm-none-eabi/5.4.1/../../../../arm-none-eabi/lib/armv7e-m/fpu/libg.a(lib_a-mprec.o)
 *fill*         0x08012954        0x4 
 .rodata.__mprec_tens
                0x08012958       0xc8 /home/kedou/Project/OpenRE/Tools/gcc-arm-none-eabi-5_4-2016q2/bin/../lib/gcc/arm-none-eabi/5.4.1/../../../../arm-none-eabi/lib/armv7e-m/fpu/libg.a(lib_a-mprec.o)
                0x08012958                __mprec_tens
 .rodata.__mprec_bigtens
                0x08012a20       0x28 /home/kedou/Project/OpenRE/Tools/gcc-arm-none-eabi-5_4-2016q2/bin/../lib/gcc/arm-none-eabi/5.4.1/../../../../arm-none-eabi/lib/armv7e-m/fpu/libg.a(lib_a-mprec.o)
                0x08012a20                __mprec_bigtens
 *(.glue_7)
 .glue_7        0x08012a48        0x0 linker stubs
 *(.glue_7t)
 .glue_7t       0x08012a48        0x0 linker stubs
 *(.eh_frame)
 *(.init)
 *(.fini)
                0x08012a48                . = ALIGN (0x4)
                0x08012a48                _etext = .

.vfp11_veneer   0x08012a48        0x0
 .vfp11_veneer  0x08012a48        0x0 linker stubs

.v4_bx          0x08012a48        0x0
 .v4_bx         0x08012a48        0x0 linker stubs

.iplt           0x08012a48        0x0
 .iplt          0x08012a48        0x0 ../../../../1_Processor/STM32F4/STM32F4-Discovery_FW_V1.1.0/Libraries/CMSIS/ST/STM32F4xx/Source/Templates/gcc_ride7/startup_stm32f4xx.o

.ARM.extab
 *(.ARM.extab* .gnu.linkonce.armextab.*)

.ARM            0x08012a48        0x8
                0x08012a48                __exidx_start = .
 *(.ARM.exidx*)
 .ARM.exidx     0x08012a48        0x8 /home/kedou/Project/OpenRE/Tools/gcc-arm-none-eabi-5_4-2016q2/bin/../lib/gcc/arm-none-eabi/5.4.1/armv7e-m/fpu/libgcc.a(_udivmoddi4.o)
                0x08012a50                __exidx_end = .

.rel.dyn        0x08012a50        0x0
 .rel.iplt      0x08012a50        0x0 ../../../../1_Processor/STM32F4/STM32F4-Discovery_FW_V1.1.0/Libraries/CMSIS/ST/STM32F4xx/Source/Templates/gcc_ride7/startup_stm32f4xx.o

.preinit_array  0x08012a50        0x0
                [!provide]                PROVIDE (__preinit_array_start, .)
 *(.preinit_array*)